
 Start         Length     Name                   Class
 0001:00401000 00061E28H .text                   CODE
 0002:00463000 0000079CH .itext                  ICODE
 0003:00464000 00001C80H .data                   DATA
 0004:00466000 000035F4H .bss                    BSS
 0005:00000000 00000034H .tls                    TLS


Detailed map of segments

 0001:00000000 000056F1 C=CODE     S=.text    G=(none)   M=System   ACBP=A9
 0001:000056F4 00000105 C=CODE     S=.text    G=(none)   M=SysInit  ACBP=A9
 0001:000057FC 00000058 C=CODE     S=.text    G=(none)   M=Types    ACBP=A9
 0001:00005854 00000C50 C=CODE     S=.text    G=(none)   M=Windows  ACBP=A9
 0001:000064A4 000000A6 C=CODE     S=.text    G=(none)   M=ActiveX  ACBP=A9
 0001:0000654C 000002D8 C=CODE     S=.text    G=(none)   M=SysConst ACBP=A9
 0001:00006824 00006A98 C=CODE     S=.text    G=(none)   M=SysUtils ACBP=A9
 0001:0000D2BC 000007EE C=CODE     S=.text    G=(none)   M=VarUtils ACBP=A9
 0001:0000DAAC 00005A6C C=CODE     S=.text    G=(none)   M=Variants ACBP=A9
 0001:00013518 000000F8 C=CODE     S=.text    G=(none)   M=RTLConsts ACBP=A9
 0001:00013610 00000887 C=CODE     S=.text    G=(none)   M=TypInfo  ACBP=A9
 0001:00013E98 00009CA1 C=CODE     S=.text    G=(none)   M=Classes  ACBP=A9
 0001:0001DB3C 00000275 C=CODE     S=.text    G=(none)   M=Contnrs  ACBP=A9
 0001:0001DDB4 00001100 C=CODE     S=.text    G=(none)   M=HelpIntfs ACBP=A9
 0001:0001EEB4 00000772 C=CODE     S=.text    G=(none)   M=MultiMon ACBP=A9
 0001:0001F628 0000009E C=CODE     S=.text    G=(none)   M=CommCtrl ACBP=A9
 0001:0001F6C8 00000240 C=CODE     S=.text    G=(none)   M=Consts   ACBP=A9
 0001:0001F908 0000005D C=CODE     S=.text    G=(none)   M=IniFiles ACBP=A9
 0001:0001F968 000005AD C=CODE     S=.text    G=(none)   M=Registry ACBP=A9
 0001:0001FF18 00009096 C=CODE     S=.text    G=(none)   M=Graphics ACBP=A9
 0001:00028FB0 0000016A C=CODE     S=.text    G=(none)   M=SyncObjs ACBP=A9
 0001:0002911C 0000099D C=CODE     S=.text    G=(none)   M=UxTheme  ACBP=A9
 0001:00029ABC 00005254 C=CODE     S=.text    G=(none)   M=StdCtrls ACBP=A9
 0001:0002ED10 0000003A C=CODE     S=.text    G=(none)   M=Printers ACBP=A9
 0001:0002ED4C 00000D59 C=CODE     S=.text    G=(none)   M=GraphUtil ACBP=A9
 0001:0002FAA8 0000233A C=CODE     S=.text    G=(none)   M=ExtCtrls ACBP=A9
 0001:00031DE4 0000137C C=CODE     S=.text    G=(none)   M=Dialogs  ACBP=A9
 0001:00033160 0000003A C=CODE     S=.text    G=(none)   M=Clipbrd  ACBP=A9
 0001:0003319C 0000012D C=CODE     S=.text    G=(none)   M=StdActns ACBP=A9
 0001:000332CC 0000030E C=CODE     S=.text    G=(none)   M=FlatSB   ACBP=A9
 0001:000335DC 00000BBE C=CODE     S=.text    G=(none)   M=Themes   ACBP=A9
 0001:0003419C 00006A81 C=CODE     S=.text    G=(none)   M=Menus    ACBP=A9
 0001:0003AC20 00013788 C=CODE     S=.text    G=(none)   M=Controls ACBP=A9
 0001:0004E3A8 000016B5 C=CODE     S=.text    G=(none)   M=ImgList  ACBP=A9
 0001:0004FA60 00001332 C=CODE     S=.text    G=(none)   M=ActnList ACBP=A9
 0001:00050D94 0000DEF8 C=CODE     S=.text    G=(none)   M=Forms    ACBP=A9
 0001:0005EC8C 00000028 C=CODE     S=.text    G=(none)   M=ComConst ACBP=A9
 0001:0005ECB4 000012A3 C=CODE     S=.text    G=(none)   M=ComObj   ACBP=A9
 0001:0005FF58 00000008 C=CODE     S=.text    G=(none)   M=OleConst ACBP=A9
 0001:0005FF60 000008FA C=CODE     S=.text    G=(none)   M=OleServer ACBP=A9
 0001:0006085C 00000CE3 C=CODE     S=.text    G=(none)   M=Kernel7x_TLB ACBP=A9
 0001:00061540 000006E6 C=CODE     S=.text    G=(none)   M=Unit1    ACBP=A9
 0001:00061C28 00000200 C=CODE     S=.text    G=(none)   M=Project1 ACBP=A9
 0002:00000000 00000095 C=ICODE    S=.itext   G=(none)   M=System   ACBP=A9
 0002:00000098 00000011 C=ICODE    S=.itext   G=(none)   M=Windows  ACBP=A9
 0002:000000AC 00000088 C=ICODE    S=.itext   G=(none)   M=SysUtils ACBP=A9
 0002:00000134 0000000F C=ICODE    S=.itext   G=(none)   M=VarUtils ACBP=A9
 0002:00000144 000000AA C=ICODE    S=.itext   G=(none)   M=Variants ACBP=A9
 0002:000001F0 00000008 C=ICODE    S=.itext   G=(none)   M=TypInfo  ACBP=A9
 0002:000001F8 00000092 C=ICODE    S=.itext   G=(none)   M=Classes  ACBP=A9
 0002:0000028C 00000008 C=ICODE    S=.itext   G=(none)   M=HelpIntfs ACBP=A9
 0002:00000294 0000000F C=ICODE    S=.itext   G=(none)   M=MultiMon ACBP=A9
 0002:000002A4 00000008 C=ICODE    S=.itext   G=(none)   M=IniFiles ACBP=A9
 0002:000002AC 00000008 C=ICODE    S=.itext   G=(none)   M=Registry ACBP=A9
 0002:000002B4 000000FB C=ICODE    S=.itext   G=(none)   M=Graphics ACBP=A9
 0002:000003B0 0000001B C=ICODE    S=.itext   G=(none)   M=UxTheme  ACBP=A9
 0002:000003CC 00000008 C=ICODE    S=.itext   G=(none)   M=Printers ACBP=A9
 0002:000003D4 0000007F C=ICODE    S=.itext   G=(none)   M=GraphUtil ACBP=A9
 0002:00000454 00000044 C=ICODE    S=.itext   G=(none)   M=ExtCtrls ACBP=A9
 0002:00000498 0000003D C=ICODE    S=.itext   G=(none)   M=Dialogs  ACBP=A9
 0002:000004D8 00000058 C=ICODE    S=.itext   G=(none)   M=Clipbrd  ACBP=A9
 0002:00000530 0000000F C=ICODE    S=.itext   G=(none)   M=FlatSB   ACBP=A9
 0002:00000540 00000008 C=ICODE    S=.itext   G=(none)   M=Themes   ACBP=A9
 0002:00000548 00000085 C=ICODE    S=.itext   G=(none)   M=Menus    ACBP=A9
 0002:000005D0 0000008F C=ICODE    S=.itext   G=(none)   M=Controls ACBP=A9
 0002:00000660 0000002A C=ICODE    S=.itext   G=(none)   M=ActnList ACBP=A9
 0002:0000068C 0000004C C=ICODE    S=.itext   G=(none)   M=Forms    ACBP=A9
 0002:000006D8 00000055 C=ICODE    S=.itext   G=(none)   M=ComObj   ACBP=A9
 0002:00000730 0000001A C=ICODE    S=.itext   G=(none)   M=OleServer ACBP=A9
 0002:0000074C 00000008 C=ICODE    S=.itext   G=(none)   M=Unit1    ACBP=A9
 0002:00000754 00000045 C=ICODE    S=.itext   G=(none)   M=Project1 ACBP=A9
 0003:00000000 00000788 C=DATA     S=.data    G=DGROUP   M=System   ACBP=A9
 0003:00000788 00000020 C=DATA     S=.data    G=DGROUP   M=SysInit  ACBP=A9
 0003:000007A8 00000010 C=DATA     S=.data    G=DGROUP   M=ActiveX  ACBP=A9
 0003:000007B8 00000250 C=DATA     S=.data    G=DGROUP   M=SysUtils ACBP=A9
 0003:00000A08 00000008 C=DATA     S=.data    G=DGROUP   M=VarUtils ACBP=A9
 0003:00000A10 0000008E C=DATA     S=.data    G=DGROUP   M=Variants ACBP=A9
 0003:00000AA0 0000000C C=DATA     S=.data    G=DGROUP   M=TypInfo  ACBP=A9
 0003:00000AAC 00000064 C=DATA     S=.data    G=DGROUP   M=Classes  ACBP=A9
 0003:00000B10 00000008 C=DATA     S=.data    G=DGROUP   M=IniFiles ACBP=A9
 0003:00000B18 00000008 C=DATA     S=.data    G=DGROUP   M=Registry ACBP=A9
 0003:00000B20 0000030C C=DATA     S=.data    G=DGROUP   M=Graphics ACBP=A9
 0003:00000E2C 0000006C C=DATA     S=.data    G=DGROUP   M=StdCtrls ACBP=A9
 0003:00000E98 00000004 C=DATA     S=.data    G=DGROUP   M=Printers ACBP=A9
 0003:00000E9C 00000450 C=DATA     S=.data    G=DGROUP   M=GraphUtil ACBP=A9
 0003:000012EC 00000020 C=DATA     S=.data    G=DGROUP   M=ExtCtrls ACBP=A9
 0003:0000130C 000000B4 C=DATA     S=.data    G=DGROUP   M=Dialogs  ACBP=A9
 0003:000013C0 00000068 C=DATA     S=.data    G=DGROUP   M=Themes   ACBP=A9
 0003:00001428 000000F4 C=DATA     S=.data    G=DGROUP   M=Menus    ACBP=A9
 0003:0000151C 0000013C C=DATA     S=.data    G=DGROUP   M=Controls ACBP=A9
 0003:00001658 00000020 C=DATA     S=.data    G=DGROUP   M=ImgList  ACBP=A9
 0003:00001678 00000128 C=DATA     S=.data    G=DGROUP   M=Forms    ACBP=A9
 0003:000017A0 00000030 C=DATA     S=.data    G=DGROUP   M=ComObj   ACBP=A9
 0003:000017D0 00000078 C=DATA     S=.data    G=DGROUP   M=Kernel7x_TLB ACBP=A9
 0004:00000000 000027F4 C=BSS      S=.bss     G=DGROUP   M=System   ACBP=A9
 0004:000027F4 0000000C C=BSS      S=.bss     G=DGROUP   M=SysInit  ACBP=A9
 0004:00002800 00000008 C=BSS      S=.bss     G=DGROUP   M=Windows  ACBP=A9
 0004:00002808 00000A20 C=BSS      S=.bss     G=DGROUP   M=SysUtils ACBP=A9
 0004:00003228 0000005C C=BSS      S=.bss     G=DGROUP   M=VarUtils ACBP=A9
 0004:00003284 00000040 C=BSS      S=.bss     G=DGROUP   M=Variants ACBP=A9
 0004:000032C4 00000004 C=BSS      S=.bss     G=DGROUP   M=TypInfo  ACBP=A9
 0004:000032C8 00000040 C=BSS      S=.bss     G=DGROUP   M=Classes  ACBP=A9
 0004:00003308 00000008 C=BSS      S=.bss     G=DGROUP   M=HelpIntfs ACBP=A9
 0004:00003310 00000031 C=BSS      S=.bss     G=DGROUP   M=MultiMon ACBP=A9
 0004:00003344 00000004 C=BSS      S=.bss     G=DGROUP   M=IniFiles ACBP=A9
 0004:00003348 00000004 C=BSS      S=.bss     G=DGROUP   M=Registry ACBP=A9
 0004:0000334C 00000060 C=BSS      S=.bss     G=DGROUP   M=Graphics ACBP=A9
 0004:000033AC 000000CC C=BSS      S=.bss     G=DGROUP   M=UxTheme  ACBP=A9
 0004:00003478 00000004 C=BSS      S=.bss     G=DGROUP   M=Printers ACBP=A9
 0004:0000347C 00000004 C=BSS      S=.bss     G=DGROUP   M=GraphUtil ACBP=A9
 0004:00003480 00000008 C=BSS      S=.bss     G=DGROUP   M=ExtCtrls ACBP=A9
 0004:00003488 00000038 C=BSS      S=.bss     G=DGROUP   M=Dialogs  ACBP=A9
 0004:000034C0 0000000C C=BSS      S=.bss     G=DGROUP   M=Clipbrd  ACBP=A9
 0004:000034CC 00000034 C=BSS      S=.bss     G=DGROUP   M=FlatSB   ACBP=A9
 0004:00003500 00000008 C=BSS      S=.bss     G=DGROUP   M=Themes   ACBP=A9
 0004:00003508 00000010 C=BSS      S=.bss     G=DGROUP   M=Menus    ACBP=A9
 0004:00003518 00000088 C=BSS      S=.bss     G=DGROUP   M=Controls ACBP=A9
 0004:000035A0 00000008 C=BSS      S=.bss     G=DGROUP   M=ImgList  ACBP=A9
 0004:000035A8 00000004 C=BSS      S=.bss     G=DGROUP   M=ActnList ACBP=A9
 0004:000035AC 00000024 C=BSS      S=.bss     G=DGROUP   M=Forms    ACBP=A9
 0004:000035D0 00000011 C=BSS      S=.bss     G=DGROUP   M=ComObj   ACBP=A9
 0004:000035E4 00000004 C=BSS      S=.bss     G=DGROUP   M=OleServer ACBP=A9
 0004:000035E8 0000000C C=BSS      S=.bss     G=DGROUP   M=Unit1    ACBP=A9
 0005:00000000 00000008 C=TLS      S=.tls     G=(none)   M=System   ACBP=A9
 0005:00000008 00000008 C=TLS      S=.tls     G=(none)   M=Classes  ACBP=A9
 0005:00000010 00000024 C=TLS      S=.tls     G=(none)   M=GraphUtil ACBP=A9


  Address             Publics by Name

 0001:00006514       ActiveX.CoCreateInstance
 0001:00006504       ActiveX.CoInitialize
 0001:0000652C       ActiveX.CoTaskMemFree
 0001:0000650C       ActiveX.CoUninitialize
 0001:0000653C       ActiveX.GetActiveObject
 0001:00006544       ActiveX.GetErrorInfo
 0003:000007A8       ActiveX.GUID_NULL
 0001:000064FC       ActiveX.IsEqualIID
 0001:00006524       ActiveX.ProgIDFromCLSID
 0001:0000651C       ActiveX.StringFromCLSID
 0001:00006534       ActiveX.SysFreeString
 0004:000035A8       ActnList..9
 0001:0004FE88       ActnList..TActionLink
 0001:0004FA60       ActnList..TContainedAction
 0001:0004FD80       ActnList..TCustomAction
 0001:0004FB84       ActnList..TCustomActionList
 0001:0004FC64       ActnList..TShortCutList
 0002:00000660       ActnList.ActnList
 0001:00050D64       ActnList.Finalization
 0001:00050578       ActnList.TActionLink.IsCaptionLinked
 0001:0005058C       ActnList.TActionLink.IsCheckedLinked
 0001:000505A0       ActnList.TActionLink.IsEnabledLinked
 0001:000505B4       ActnList.TActionLink.IsGroupIndexLinked
 0001:000505C8       ActnList.TActionLink.IsHelpContextLinked
 0001:000505DC       ActnList.TActionLink.IsHelpLinked
 0001:000505F0       ActnList.TActionLink.IsHintLinked
 0001:00050604       ActnList.TActionLink.IsImageIndexLinked
 0001:00050618       ActnList.TActionLink.IsShortCutLinked
 0001:0005062C       ActnList.TActionLink.IsVisibleLinked
 0001:00050640       ActnList.TActionLink.SetAutoCheck
 0001:00050644       ActnList.TActionLink.SetCaption
 0001:00050648       ActnList.TActionLink.SetChecked
 0001:0005064C       ActnList.TActionLink.SetEnabled
 0001:00050650       ActnList.TActionLink.SetGroupIndex
 0001:00050654       ActnList.TActionLink.SetHelpContext
 0001:00050658       ActnList.TActionLink.SetHelpKeyword
 0001:0005065C       ActnList.TActionLink.SetHelpType
 0001:00050660       ActnList.TActionLink.SetHint
 0001:00050664       ActnList.TActionLink.SetImageIndex
 0001:00050668       ActnList.TActionLink.SetShortCut
 0001:0005066C       ActnList.TActionLink.SetVisible
 0001:0004FF58       ActnList.TContainedAction.Destroy
 0001:000500C4       ActnList.TContainedAction.Execute
 0001:0004FF8C       ActnList.TContainedAction.GetIndex
 0001:0004FFA8       ActnList.TContainedAction.GetParentComponent
 0001:0004FFB8       ActnList.TContainedAction.HasParent
 0001:0004FFA4       ActnList.TContainedAction.IsCategoryStored
 0001:0004FFC8       ActnList.TContainedAction.ReadState
 0001:00050070       ActnList.TContainedAction.SetActionList
 0001:00050044       ActnList.TContainedAction.SetCategory
 0001:0004FFFC       ActnList.TContainedAction.SetIndex
 0001:00050098       ActnList.TContainedAction.SetParentComponent
 0001:0005011C       ActnList.TContainedAction.Update
 0001:00050714       ActnList.TCustomAction.AssignTo
 0001:00050670       ActnList.TCustomAction.Create
 0001:000506C4       ActnList.TCustomAction.Destroy
 0001:00050C34       ActnList.TCustomAction.DoHint
 0001:00050C5C       ActnList.TCustomAction.Execute
 0001:00050CC0       ActnList.TCustomAction.GetSecondaryShortCuts
 0001:00050CE8       ActnList.TCustomAction.HandleShortCut
 0001:000507C4       ActnList.TCustomAction.SetCaption
 0001:00050824       ActnList.TCustomAction.SetChecked
 0001:0005092C       ActnList.TCustomAction.SetEnabled
 0001:00050A10       ActnList.TCustomAction.SetHelpContext
 0001:000509A8       ActnList.TCustomAction.SetHelpKeyword
 0001:00050A68       ActnList.TCustomAction.SetHint
 0001:00050AC8       ActnList.TCustomAction.SetImageIndex
 0001:00050BE8       ActnList.TCustomAction.SetName
 0001:00050B24       ActnList.TCustomAction.SetShortCut
 0001:00050B88       ActnList.TCustomAction.SetVisible
 0001:0005034C       ActnList.TCustomActionList.AddAction
 0001:00050388       ActnList.TCustomActionList.Change
 0001:00050174       ActnList.TCustomActionList.Create
 0001:000501E0       ActnList.TCustomActionList.Destroy
 0001:00050494       ActnList.TCustomActionList.ExecuteAction
 0001:000502A8       ActnList.TCustomActionList.GetAction
 0001:000502BC       ActnList.TCustomActionList.GetActionCount
 0001:00050230       ActnList.TCustomActionList.GetChildren
 0001:000502F8       ActnList.TCustomActionList.ImageListChange
 0001:000503F0       ActnList.TCustomActionList.IsShortCut
 0001:00050304       ActnList.TCustomActionList.Notification
 0001:0005036C       ActnList.TCustomActionList.RemoveAction
 0001:00050278       ActnList.TCustomActionList.SetChildOrder
 0001:000502C4       ActnList.TCustomActionList.SetImages
 0001:000504D4       ActnList.TCustomActionList.SetState
 0001:000504B4       ActnList.TCustomActionList.UpdateAction
 0001:00050CF4       ActnList.TShortCutList.Add
 0001:00050D20       ActnList.TShortCutList.IndexOfShortCut
 0004:000032D4       Classes..95
 0001:00014460       Classes..EBitsError
 0001:00014350       Classes..EClassNotFound
 0001:00014518       Classes..EComponentError
 0001:00014194       Classes..EFCreateError
 0001:00014248       Classes..EFilerError
 0001:00014134       Classes..EFileStreamError
 0001:000141F0       Classes..EFOpenError
 0001:000145D0       Classes..EInvalidOperation
 0001:00014408       Classes..EListError
 0001:00014574       Classes..EOutOfResources
 0001:000142A0       Classes..EReadError
 0001:000143AC       Classes..EResNotFound
 0001:000140D8       Classes..EStreamError
 0001:000144B8       Classes..EStringListError
 0001:0001513C       Classes..EThread
 0001:000142F8       Classes..EWriteError
 0001:00015464       Classes..TBasicAction
 0001:000153E4       Classes..TBasicActionLink
 0001:000146EC       Classes..TBits
 0001:00014FE8       Classes..TClassFinder
 0001:00015284       Classes..TComponent
 0001:00014CDC       Classes..TCustomMemoryStream
 0001:00015044       Classes..TFiler
 0001:00014C54       Classes..TFileStream
 0001:00014BDC       Classes..THandleStream
 0001:0001630C       Classes..TIntConst
 0001:00014830       Classes..TInterfacedPersistent
 0001:00014630       Classes..TList
 0001:00014D58       Classes..TMemoryStream
 0001:00014740       Classes..TPersistent
 0001:0001931C       Classes..TPropFixup
 0001:00019394       Classes..TPropIntfFixup
 0001:000150A8       Classes..TReader
 0001:000155E8       Classes..TRegGroup
 0001:00015640       Classes..TRegGroups
 0001:00014DD4       Classes..TResourceStream
 0001:00014B6C       Classes..TStream
 0001:00014F60       Classes..TStreamAdapter
 0001:00014A54       Classes..TStringList
 0001:0001491C       Classes..TStrings
 0001:00014694       Classes..TThreadList
 0001:000162B0       Classes.ActivateClassGroup
 0003:00000AAC       Classes.AddDataModule
 0001:000195F4       Classes.AddFinished
 0001:0001962C       Classes.AddNotFinished
 0001:0001A1A0       Classes.AddSubComponentsToLoaded
 0001:0001D9B0       Classes.AllocateHWnd
 0003:00000ABC       Classes.ApplicationHandleException
 0003:00000AC4       Classes.ApplicationShowException
 0001:00016608       Classes.BeginGlobalLoading
 0003:00000AE4       Classes.BlockCode
 0001:000155AC       Classes.Bounds
 0001:0001D8EC       Classes.CalcJmpOffset
 0001:0001A1DC       Classes.CheckSubComponents
 0001:0001C65C       Classes.CheckSynchronize
 0002:000001F8       Classes.Classes
 0001:00016074       Classes.ClassNotFound
 0001:0001A2BC       Classes.ComponentCreated
 0001:0001A33C       Classes.CreateComponent
 0001:0001DA64       Classes.DeallocateHWnd
 0001:0001C61C       Classes.DoneThreadSynchronization
 0001:00017468       Classes.DoWrite
 0001:00016690       Classes.EndGlobalLoading
 0001:00015C14       Classes.Error
 0001:00019154       Classes.Error
 0003:00000AD4       Classes.FilerSignature
 0001:0001DA8C       Classes.Finalization
 0001:00016134       Classes.FindClass
 0001:0001A4EC       Classes.FindExistingComponent
 0001:00016520       Classes.FindGlobalComponent
 0004:000032E0       Classes.FindGlobalComponentProcs
 0001:000163C8       Classes.FindIdentToInt
 0001:00019528       Classes.FindNestedComponent
 0001:0001B43C       Classes.FindUniqueName
 0001:0001D858       Classes.FreeIntConstList
 0001:0001D98C       Classes.FreeObjectInstance
 0001:000160E0       Classes.GetClass
 0001:00016068       Classes.GetFieldClassTable
 0004:000032E4       Classes.GlobalFixupList
 0001:00019674       Classes.GlobalFixupReferences
 0005:0000000C       Classes.GlobalLists
 0005:00000008       Classes.GlobalLoaded
 0004:000032C8       Classes.GlobalNameSpace
 0001:0001625C       Classes.GroupDescendentsWith
 0001:0001AC60       Classes.HandleException
 0001:00016444       Classes.IdentToInt
 0001:000166EC       Classes.InitComponent
 0001:00016794       Classes.InitInheritedComponent
 0001:0001C5E8       Classes.InitThreadSynchronization
 0004:00003300       Classes.InstBlockList
 0004:00003304       Classes.InstFreeList
 0004:000032D8       Classes.IntConstList
 0001:00016584       Classes.InternalReadComponentRes
 0001:00016484       Classes.IntToIdent
 0001:000155D4       Classes.InvalidPoint
 0001:00016560       Classes.IsUniqueGlobalComponentName
 0004:000032CC       Classes.IsUniqueGlobalComponentNameProc
 0001:0001D8F4       Classes.MakeObjectInstance
 0001:00016E04       Classes.Min
 0001:0001D8C4       Classes.ModuleUnload
 0003:00000AD8       Classes.NilMethod
 0001:00016660       Classes.NotifyGlobalLoading
 0001:0001555C       Classes.Point
 0001:000159A0       Classes.PointerInModule
 0001:00019994       Classes.PropertyNotFound
 0001:0001AD60       Classes.PropPathError
 0001:00019988       Classes.PropValueError
 0001:00018944       Classes.RaiseException
 0001:0001BFF0       Classes.ReadCustomVariant
 0001:00019970       Classes.ReadError
 0001:0001A2DC       Classes.Recover
 0001:00015584       Classes.Rect
 0004:000032DC       Classes.RegGroups
 0001:00016154       Classes.RegisterClass
 0001:000164C8       Classes.RegisterFindGlobalComponentProc
 0001:0001639C       Classes.RegisterIntegerConsts
 0003:00000AB4       Classes.RemoveDataModule
 0001:00019840       Classes.RemoveFixupReferences
 0001:000198EC       Classes.RemoveFixups
 0001:00019C84       Classes.RemoveGlobalFixup
 0001:0001C634       Classes.ResetSyncEvent
 0001:000175C8       Classes.ReturnAddr
 0001:0001692C       Classes.ReturnAddr
 0001:0001A44C       Classes.SetCompName
 0001:000199C0       Classes.SetElementValue
 0001:0001B064       Classes.SetInterfaceReference
 0001:0001AF80       Classes.SetIntIdent
 0001:0001AFC8       Classes.SetObjectIdent
 0001:0001A254       Classes.SetSubComponentState
 0001:0001B008       Classes.SetVariantReference
 0001:0001BB10       Classes.SkipBinary
 0001:0001BB40       Classes.SkipCollection
 0001:0001BAE8       Classes.SkipList
 0001:00015574       Classes.SmallPoint
 0001:00016210       Classes.StartClassGroup
 0001:0001D8CC       Classes.StdWndProc
 0001:0001876C       Classes.StringListCompareStrings
 0004:000032D0       Classes.SyncEvent
 0003:00000AE0       Classes.SyncList
 0001:0001D2C4       Classes.TBasicAction.Change
 0001:0001D158       Classes.TBasicAction.Create
 0001:0001D19C       Classes.TBasicAction.Destroy
 0001:0001D230       Classes.TBasicAction.Execute
 0001:0001D200       Classes.TBasicAction.ExecuteTarget
 0001:0001D1FC       Classes.TBasicAction.HandlesTarget
 0001:0001D204       Classes.TBasicAction.Notification
 0001:0001D2D8       Classes.TBasicAction.RegisterChanges
 0001:0001D324       Classes.TBasicAction.SetActionComponent
 0001:0001D268       Classes.TBasicAction.SetOnExecute
 0001:0001D2E4       Classes.TBasicAction.UnRegisterChanges
 0001:0001D24C       Classes.TBasicAction.Update
 0001:0001D22C       Classes.TBasicAction.UpdateTarget
 0001:0001D0A8       Classes.TBasicActionLink.AssignClient
 0001:0001D0E0       Classes.TBasicActionLink.Change
 0001:0001D064       Classes.TBasicActionLink.Create
 0001:0001D0AC       Classes.TBasicActionLink.Destroy
 0001:0001D0F8       Classes.TBasicActionLink.Execute
 0001:0001D140       Classes.TBasicActionLink.IsOnExecuteLinked
 0001:0001D114       Classes.TBasicActionLink.SetAction
 0001:0001D144       Classes.TBasicActionLink.SetOnExecute
 0001:0001D14C       Classes.TBasicActionLink.Update
 0001:00016DBC       Classes.TBits.Destroy
 0001:00016DEC       Classes.TBits.Error
 0001:00016EE0       Classes.TBits.OpenBit
 0001:00016EB4       Classes.TBits.SetBit
 0001:00016E10       Classes.TBits.SetSize
 0001:00015E84       Classes.TClassFinder.Create
 0001:00015FB0       Classes.TClassFinder.Destroy
 0001:00015FE0       Classes.TClassFinder.GetClass
 0001:000171E0       Classes.TCollection.Add
 0001:00017200       Classes.TCollection.Clear
 0001:0001C8FC       Classes.TComponent.BeforeDestruction
 0001:0001CE34       Classes.TComponent.ChangeName
 0001:0001C834       Classes.TComponent.Create
 0001:0001CBC4       Classes.TComponent.DefineProperties
 0001:0001C880       Classes.TComponent.Destroy
 0001:0001CA8C       Classes.TComponent.DestroyComponents
 0001:0001CAE8       Classes.TComponent.Destroying
 0001:0001CF70       Classes.TComponent.ExecuteAction
 0001:0001CD54       Classes.TComponent.FindComponent
 0001:0001C908       Classes.TComponent.FreeNotification
 0001:0001CC58       Classes.TComponent.GetChildOwner
 0001:0001CC5C       Classes.TComponent.GetChildParent
 0001:0001CC50       Classes.TComponent.GetChildren
 0001:0001CE48       Classes.TComponent.GetComponent
 0001:0001CE74       Classes.TComponent.GetComponentCount
 0001:0001CC60       Classes.TComponent.GetNamePath
 0001:0001CC74       Classes.TComponent.GetOwner
 0001:0001CC7C       Classes.TComponent.GetParentComponent
 0001:0001CC4C       Classes.TComponent.HasParent
 0001:0001C99C       Classes.TComponent.Insert
 0001:0001C9F0       Classes.TComponent.InsertComponent
 0001:0001D060       Classes.TComponent.IntfGetComponent
 0001:0001CC9C       Classes.TComponent.Loaded
 0001:0001CB64       Classes.TComponent.Notification
 0001:0001CCA8       Classes.TComponent.PaletteCreated
 0001:0001CFE0       Classes.TComponent.QueryInterface
 0001:0001C95C       Classes.TComponent.ReadLeft
 0001:0001CCAC       Classes.TComponent.ReadState
 0001:0001C970       Classes.TComponent.ReadTop
 0001:0001C9C8       Classes.TComponent.Remove
 0001:0001CA54       Classes.TComponent.RemoveComponent
 0001:0001CB48       Classes.TComponent.RemoveFreeNotification
 0001:0001CB24       Classes.TComponent.RemoveNotification
 0001:0001CFC0       Classes.TComponent.SafeCallException
 0001:0001CC78       Classes.TComponent.SetChildOrder
 0001:0001CE84       Classes.TComponent.SetComponentIndex
 0001:0001CED8       Classes.TComponent.SetDesigning
 0001:0001CDA4       Classes.TComponent.SetName
 0001:0001CC80       Classes.TComponent.SetParentComponent
 0001:0001CF28       Classes.TComponent.SetReference
 0001:0001CF98       Classes.TComponent.UpdateAction
 0001:0001CC90       Classes.TComponent.Updated
 0001:0001CFD8       Classes.TComponent.UpdateRegistry
 0001:0001CC84       Classes.TComponent.Updating
 0001:0001CD3C       Classes.TComponent.ValidateContainer
 0001:0001CD50       Classes.TComponent.ValidateInsert
 0001:0001CCBC       Classes.TComponent.ValidateRename
 0001:0001C984       Classes.TComponent.WriteLeft
 0001:0001CCB4       Classes.TComponent.WriteState
 0001:0001C990       Classes.TComponent.WriteTop
 0001:0001D020       Classes.TComponent._AddRef
 0001:0001D040       Classes.TComponent._Release
 0001:00018F00       Classes.TCustomMemoryStream.Read
 0001:00018F38       Classes.TCustomMemoryStream.Seek
 0001:00018EF8       Classes.TCustomMemoryStream.SetPointer
 0001:000192A8       Classes.TFiler.Create
 0001:000192F0       Classes.TFiler.Destroy
 0001:00019318       Classes.TFiler.SetRoot
 0001:00018D50       Classes.TFileStream.Create
 0001:00018D0C       Classes.TFileStream.Create
 0001:00018EC4       Classes.TFileStream.Destroy
 0001:00018C48       Classes.THandleStream.Create
 0001:00018C84       Classes.THandleStream.Read
 0001:00018CA4       Classes.THandleStream.Seek
 0001:00018CE4       Classes.THandleStream.SetSize
 0001:00018CD0       Classes.THandleStream.SetSize
 0001:00018C94       Classes.THandleStream.Write
 0004:000032E8       Classes.ThreadLock
 0001:00016364       Classes.TIntConst.Create
 0001:00017128       Classes.TInterfacedPersistent.AfterConstruction
 0001:000171B8       Classes.TInterfacedPersistent.QueryInterface
 0001:00017178       Classes.TInterfacedPersistent._AddRef
 0001:00017198       Classes.TInterfacedPersistent._Release
 0001:0001687C       Classes.TList.Add
 0001:000168B0       Classes.TList.Clear
 0001:000168C8       Classes.TList.Delete
 0001:0001685C       Classes.TList.Destroy
 0001:00016930       Classes.TList.Error
 0001:00016968       Classes.TList.Error
 0001:000169BC       Classes.TList.Expand
 0001:000169D4       Classes.TList.First
 0001:000169DC       Classes.TList.Get
 0001:00016A04       Classes.TList.Grow
 0001:00016A38       Classes.TList.IndexOf
 0001:00016A58       Classes.TList.Insert
 0001:00016AC4       Classes.TList.Last
 0001:00016BF0       Classes.TList.Notify
 0001:00016AD0       Classes.TList.Put
 0001:00016B20       Classes.TList.Remove
 0001:00016B40       Classes.TList.SetCapacity
 0001:00016B7C       Classes.TList.SetCount
 0001:00018F88       Classes.TMemoryStream.Clear
 0001:00018F5C       Classes.TMemoryStream.Destroy
 0001:00018FA0       Classes.TMemoryStream.LoadFromStream
 0001:0001902C       Classes.TMemoryStream.Realloc
 0001:00018FD8       Classes.TMemoryStream.SetCapacity
 0001:00019000       Classes.TMemoryStream.SetSize
 0001:000190AC       Classes.TMemoryStream.Write
 0001:00016F84       Classes.TPersistent.Assign
 0001:00016F98       Classes.TPersistent.AssignError
 0001:00017068       Classes.TPersistent.AssignTo
 0001:00017070       Classes.TPersistent.DefineProperties
 0001:00016F58       Classes.TPersistent.Destroy
 0001:00017074       Classes.TPersistent.GetNamePath
 0001:00017124       Classes.TPersistent.GetOwner
 0001:000193F4       Classes.TPropFixup.Create
 0001:0001944C       Classes.TPropFixup.MakeGlobalReference
 0001:00019494       Classes.TPropFixup.ResolveReference
 0001:000194A4       Classes.TPropIntfFixup.ResolveReference
 0001:00019A14       Classes.TReader.CheckValue
 0001:00019A74       Classes.TReader.DefineBinaryProperty
 0001:00019A38       Classes.TReader.DefineProperty
 0001:000199D8       Classes.TReader.Destroy
 0001:00019D00       Classes.TReader.DoFixupReferences
 0001:00019B5C       Classes.TReader.EndOfList
 0001:00019B70       Classes.TReader.Error
 0001:0001BE3C       Classes.TReader.FindAncestorComponent
 0001:0001BF34       Classes.TReader.FindComponentClass
 0001:00019C1C       Classes.TReader.FindMethod
 0001:00019B94       Classes.TReader.FindMethodInstance
 0001:00019E44       Classes.TReader.FlushBuffer
 0001:00019E68       Classes.TReader.FreeFixups
 0001:00019EA4       Classes.TReader.GetFieldClass
 0001:00019F3C       Classes.TReader.GetPosition
 0001:00019F54       Classes.TReader.NextValue
 0001:00019F64       Classes.TReader.PropertyError
 0001:00019F78       Classes.TReader.Read
 0001:0001A000       Classes.TReader.ReadBoolean
 0001:00019FC4       Classes.TReader.ReadBuffer
 0001:0001A014       Classes.TReader.ReadChar
 0001:0001A0D0       Classes.TReader.ReadCollection
 0001:0001A590       Classes.TReader.ReadComponent
 0001:0001A9D0       Classes.TReader.ReadCurrency
 0001:0001A7D0       Classes.TReader.ReadData
 0001:0001A840       Classes.TReader.ReadDataInner
 0001:0001AA20       Classes.TReader.ReadDate
 0001:0001A948       Classes.TReader.ReadDouble
 0001:0001A910       Classes.TReader.ReadFloat
 0001:0001AA64       Classes.TReader.ReadIdent
 0001:0001ABCC       Classes.TReader.ReadInt64
 0001:0001AB60       Classes.TReader.ReadInteger
 0001:0001AC10       Classes.TReader.ReadListBegin
 0001:0001AC18       Classes.TReader.ReadListEnd
 0001:0001AC20       Classes.TReader.ReadPrefix
 0001:0001AD7C       Classes.TReader.ReadProperty
 0001:0001B124       Classes.TReader.ReadPropValue
 0001:0001B49C       Classes.TReader.ReadRootComponent
 0001:0001B7D0       Classes.TReader.ReadSet
 0001:0001B88C       Classes.TReader.ReadSignature
 0001:0001A98C       Classes.TReader.ReadSingle
 0001:0001B8B0       Classes.TReader.ReadStr
 0001:0001B8EC       Classes.TReader.ReadString
 0001:0001BA8C       Classes.TReader.ReadValue
 0001:0001C1B8       Classes.TReader.ReadVariant
 0001:0001A074       Classes.TReader.ReadWideChar
 0001:0001B9A8       Classes.TReader.ReadWideString
 0001:0001BEF4       Classes.TReader.ReferenceName
 0001:0001BF0C       Classes.TReader.SetName
 0001:0001BFA8       Classes.TReader.SkipBytes
 0001:0001BD94       Classes.TReader.SkipComponent
 0001:0001BD4C       Classes.TReader.SkipProperty
 0001:0001BAA0       Classes.TReader.SkipSetBody
 0001:0001BB9C       Classes.TReader.SkipValue
 0001:00015698       Classes.TRegGroup.AddClass
 0001:000156A4       Classes.TRegGroup.BestClass
 0001:00015704       Classes.TRegGroup.BestGroup
 0001:00015774       Classes.TRegGroup.Create
 0001:000157D0       Classes.TRegGroup.Destroy
 0001:00015810       Classes.TRegGroup.GetClass
 0001:00015878       Classes.TRegGroup.InGroup
 0001:000158BC       Classes.TRegGroup.RegisterClass
 0001:0001597C       Classes.TRegGroup.Registered
 0001:000159C0       Classes.TRegGroup.UnregisterModuleClasses
 0001:00015A6C       Classes.TRegGroups.Activate
 0001:00015AB8       Classes.TRegGroups.Create
 0001:00015B2C       Classes.TRegGroups.Destroy
 0001:00015B8C       Classes.TRegGroups.FindGroup
 0001:00015BD0       Classes.TRegGroups.GetClass
 0001:00015CA4       Classes.TRegGroups.GroupWith
 0001:00015D70       Classes.TRegGroups.Lock
 0001:00015D7C       Classes.TRegGroups.RegisterClass
 0001:00015D94       Classes.TRegGroups.Registered
 0001:00015DD8       Classes.TRegGroups.StartGroup
 0001:00015E28       Classes.TRegGroups.Unlock
 0001:00015E34       Classes.TRegGroups.UnregisterModuleClasses
 0001:000190FC       Classes.TResourceStream.Create
 0001:00019260       Classes.TResourceStream.Destroy
 0001:000191F4       Classes.TResourceStream.Initialize
 0001:00019290       Classes.TResourceStream.Write
 0001:00018AF4       Classes.TStream.CopyFrom
 0001:00018858       Classes.TStream.GetPosition
 0001:0001888C       Classes.TStream.GetSize
 0001:00018A84       Classes.TStream.ReadBuffer
 0001:00018BE8       Classes.TStream.ReadComponent
 0001:00018990       Classes.TStream.Seek
 0001:00018A14       Classes.TStream.Seek
 0001:00018878       Classes.TStream.SetPosition
 0001:000188F0       Classes.TStream.SetSize
 0001:000188D8       Classes.TStream.SetSize
 0001:000188DC       Classes.TStream.SetSize64
 0001:00018ABC       Classes.TStream.WriteBuffer
 0001:0001D840       Classes.TStreamAdapter.Clone
 0001:0001D794       Classes.TStreamAdapter.Commit
 0001:0001D58C       Classes.TStreamAdapter.CopyTo
 0001:0001D350       Classes.TStreamAdapter.Create
 0001:0001D39C       Classes.TStreamAdapter.Destroy
 0001:0001D7AC       Classes.TStreamAdapter.LockRegion
 0001:0001D3D4       Classes.TStreamAdapter.Read
 0001:0001D7A0       Classes.TStreamAdapter.Revert
 0001:0001D4A4       Classes.TStreamAdapter.Seek
 0001:0001D528       Classes.TStreamAdapter.SetSize
 0001:0001D7C4       Classes.TStreamAdapter.Stat
 0001:0001D7B8       Classes.TStreamAdapter.UnlockRegion
 0001:0001D43C       Classes.TStreamAdapter.Write
 0001:000181D8       Classes.TStringList.Add
 0001:000181E8       Classes.TStringList.AddObject
 0001:0001824C       Classes.TStringList.Changed
 0001:00018268       Classes.TStringList.Changing
 0001:00018284       Classes.TStringList.Clear
 0001:000187D4       Classes.TStringList.CompareStrings
 0001:0001879C       Classes.TStringList.CustomSort
 0001:000182C4       Classes.TStringList.Delete
 0001:0001817C       Classes.TStringList.Destroy
 0001:00018330       Classes.TStringList.Exchange
 0001:0001838C       Classes.TStringList.ExchangeItems
 0001:000183B0       Classes.TStringList.Find
 0001:00018434       Classes.TStringList.Get
 0001:00018468       Classes.TStringList.GetCapacity
 0001:0001846C       Classes.TStringList.GetCount
 0001:00018470       Classes.TStringList.GetObject
 0001:00018498       Classes.TStringList.Grow
 0001:000184CC       Classes.TStringList.IndexOf
 0001:00018508       Classes.TStringList.Insert
 0001:0001856C       Classes.TStringList.InsertItem
 0001:00018518       Classes.TStringList.InsertObject
 0001:000185E8       Classes.TStringList.Put
 0001:00018644       Classes.TStringList.PutObject
 0001:00018684       Classes.TStringList.QuickSort
 0001:00018718       Classes.TStringList.SetCapacity
 0001:00018734       Classes.TStringList.SetSorted
 0001:00018754       Classes.TStringList.SetUpdateState
 0001:0001878C       Classes.TStringList.Sort
 0001:00017298       Classes.TStrings.Add
 0001:000172BC       Classes.TStrings.AddObject
 0001:000172E0       Classes.TStrings.AddStrings
 0001:00017398       Classes.TStrings.Assign
 0001:00017450       Classes.TStrings.BeginUpdate
 0001:00018104       Classes.TStrings.CompareStrings
 0001:000174C0       Classes.TStrings.DefineProperties
 0001:00017268       Classes.TStrings.Destroy
 0001:0001750C       Classes.TStrings.EndUpdate
 0001:00017520       Classes.TStrings.Equals
 0001:00017604       Classes.TStrings.Error
 0001:000175CC       Classes.TStrings.Error
 0001:0001765C       Classes.TStrings.Exchange
 0001:00017748       Classes.TStrings.GetCapacity
 0001:000180A4       Classes.TStrings.GetLineBreak
 0001:00018148       Classes.TStrings.GetNameValueSeparator
 0001:00017750       Classes.TStrings.GetObject
 0001:00017754       Classes.TStrings.GetText
 0001:000177A8       Classes.TStrings.GetTextStr
 0001:000178E0       Classes.TStrings.IndexOf
 0001:0001796C       Classes.TStrings.IndexOfName
 0001:00017A40       Classes.TStrings.IndexOfObject
 0001:00017A74       Classes.TStrings.InsertObject
 0001:00017AA4       Classes.TStrings.LoadFromFile
 0001:00017AF8       Classes.TStrings.LoadFromStream
 0001:00017BA4       Classes.TStrings.Move
 0001:00017C54       Classes.TStrings.Put
 0001:00017C84       Classes.TStrings.PutObject
 0001:00017C88       Classes.TStrings.ReadData
 0001:00017D38       Classes.TStrings.SaveToFile
 0001:00017D90       Classes.TStrings.SaveToStream
 0001:00017DF0       Classes.TStrings.SetCapacity
 0001:000180D8       Classes.TStrings.SetLineBreak
 0001:00018160       Classes.TStrings.SetNameValueSeparator
 0001:00017DF4       Classes.TStrings.SetStringsAdapter
 0001:00017E28       Classes.TStrings.SetText
 0001:00017E78       Classes.TStrings.SetTextStr
 0001:0001801C       Classes.TStrings.SetUpdateState
 0001:00018020       Classes.TStrings.WriteData
 0001:00016CC4       Classes.TThreadList.Add
 0001:00016BF4       Classes.TThreadList.Create
 0001:00016C48       Classes.TThreadList.Destroy
 0001:00016D4C       Classes.TThreadList.LockList
 0001:00016D60       Classes.TThreadList.Remove
 0001:00016DB0       Classes.TThreadList.UnlockList
 0001:0001C3D8       Classes.TWriter.Write
 0001:0001C43C       Classes.TWriter.WriteBoolean
 0001:0001C424       Classes.TWriter.WriteBuffer
 0001:0001C450       Classes.TWriter.WriteInteger
 0001:0001C4C4       Classes.TWriter.WriteListBegin
 0001:0001C4CC       Classes.TWriter.WriteListEnd
 0001:0001C4D4       Classes.TWriter.WriteMinStr
 0001:0001C580       Classes.TWriter.WriteString
 0001:0001C5D4       Classes.TWriter.WriteValue
 0001:00016508       Classes.UnregisterFindGlobalComponentProc
 0001:000161C4       Classes.UnRegisterModuleClasses
 0003:00000AE8       Classes.UtilWindowClass
 0001:0001C640       Classes.WaitForSyncEvent
 0003:00000ACC       Classes.WakeMainThread
 0004:000034C4       Clipbrd..2
 0004:000034C2       Clipbrd.CF_COMPONENT
 0004:000034C0       Clipbrd.CF_PICTURE
 0002:000004D8       Clipbrd.Clipbrd
 0004:000034C8       Clipbrd.FClipboard
 0001:00033160       Clipbrd.Finalization
 0001:0001F640       CommCtrl.ImageList_Add
 0001:0001F670       CommCtrl.ImageList_BeginDrag
 0001:0001F628       CommCtrl.ImageList_Create
 0001:0001F630       CommCtrl.ImageList_Destroy
 0001:0001F680       CommCtrl.ImageList_DragEnter
 0001:0001F688       CommCtrl.ImageList_DragLeave
 0001:0001F690       CommCtrl.ImageList_DragMove
 0001:0001F698       CommCtrl.ImageList_DragShowNolock
 0001:0001F658       CommCtrl.ImageList_Draw
 0001:0001F660       CommCtrl.ImageList_DrawEx
 0001:0001F678       CommCtrl.ImageList_EndDrag
 0001:0001F650       CommCtrl.ImageList_GetBkColor
 0001:0001F6B0       CommCtrl.ImageList_GetIconSize
 0001:0001F638       CommCtrl.ImageList_GetImageCount
 0001:0001F6A0       CommCtrl.ImageList_Read
 0001:0001F668       CommCtrl.ImageList_Remove
 0001:0001F648       CommCtrl.ImageList_SetBkColor
 0001:0001F6B8       CommCtrl.ImageList_SetIconSize
 0001:0001F6A8       CommCtrl.ImageList_Write
 0001:0001F6C0       CommCtrl._TrackMouseEvent
 0004:000035D0       ComObj..41
 0001:0005ECB4       ComObj..EOleError
 0001:0005ED68       ComObj..EOleException
 0001:0005ED0C       ComObj..EOleSysError
 0001:0005F034       ComObj.ClassIDToProgID
 0001:0005FC8C       ComObj.ClearExcepInfo
 0003:000017A8       ComObj.CoAddRefServerProcess
 0003:000017A0       ComObj.CoCreateInstanceEx
 0003:000017B8       ComObj.CoInitFlags
 0003:000017A4       ComObj.CoInitializeEx
 0004:000035D8       ComObj.ComClassManagerVar
 0002:000006D8       ComObj.ComObj
 0003:000017AC       ComObj.CoReleaseServerProcess
 0003:000017B0       ComObj.CoResumeClassObjects
 0003:000017B4       ComObj.CoSuspendClassObjects
 0001:0005F060       ComObj.CreateComObject
 0001:0005F174       ComObj.CreateRemoteComObject
 0001:0005F6A8       ComObj.DispatchInvoke
 0001:0005FC80       ComObj.DispatchInvokeError
 0001:0005FC9C       ComObj.DispCall
 0001:0005FD80       ComObj.DispCallByID
 0001:0005FBAC       ComObj.DispCallError
 0001:0005EF44       ComObj.EOleException.Create
 0001:0005EE70       ComObj.EOleSysError.Create
 0001:0005FED8       ComObj.Finalization
 0001:0005FA18       ComObj.GetIDsOfNames
 0001:0005F008       ComObj.GUIDToString
 0001:0005FE5C       ComObj.InitComObj
 0001:0005F334       ComObj.InterfaceConnect
 0001:0005F3E8       ComObj.InterfaceDisconnect
 0001:0005F4A4       ComObj.LoadComExProcs
 0004:000035E0       ComObj.NeedToUninitialize
 0001:0005EFF8       ComObj.OleCheck
 0001:0005EFDC       ComObj.OleError
 0004:000035D4       ComObj.OleUninitializing
 0001:0005FAF8       ComObj.RaiseException
 0001:0005F9E4       ComObj.RaiseNameException
 0001:0005F5A8       ComObj.SafeCallError
 0004:000035DC       ComObj.SaveInitProc
 0003:000017BC       ComObj.ThreadStrs
 0001:0005EE20       ComObj.TrimPunctuation
 0001:0005FB10       ComObj.VarDispInvoke
 0001:0001DB3C       Contnrs..TObjectList
 0001:0001DBA4       Contnrs..TOrderedList
 0001:0001DC0C       Contnrs..TStack
 0001:0001DC6C       Contnrs.TObjectList.Create
 0001:0001DCA8       Contnrs.TObjectList.GetItem
 0001:0001DCBC       Contnrs.TObjectList.Notify
 0001:0001DD00       Contnrs.TOrderedList.Create
 0001:0001DD44       Contnrs.TOrderedList.Destroy
 0001:0001DD74       Contnrs.TOrderedList.PeekItem
 0001:0001DCE8       Contnrs.TOrderedList.Pop
 0001:0001DD88       Contnrs.TOrderedList.PopItem
 0001:0001DCF0       Contnrs.TOrderedList.Push
 0001:0001DDA8       Contnrs.TStack.PushItem
 0004:00003528       Controls..33
 0001:0003AD54       Controls..TBaseDragControlObject
 0001:0003C0E0       Controls..TControl
 0001:0003B224       Controls..TControlActionLink
 0001:0003B09C       Controls..TControlCanvas
 0001:0003CEA8       Controls..TCustomControl
 0001:0003B13C       Controls..TCustomControlAction
 0001:0003D2F0       Controls..TDockTree
 0001:0003D1A4       Controls..TDockZone
 0001:0003AE18       Controls..TDragControlObject
 0001:0003AEA4       Controls..TDragControlObjectEx
 0001:0003AF34       Controls..TDragDockObject
 0001:0003AFFC       Controls..TDragDockObjectEx
 0001:0003ACB0       Controls..TDragObject
 0001:0003CD84       Controls..TGraphicControl
 0001:0003D014       Controls..THintWindow
 0001:0003B674       Controls..TMargins
 0001:0003D394       Controls..TMouse
 0001:0003B78C       Controls..TPadding
 0001:0003D8F8       Controls..TSiteList
 0001:0003B528       Controls..TSizeConstraints
 0001:0003C974       Controls..TWinControl
 0001:0003C550       Controls..TWinControlActionLink
 0001:0003DF68       Controls.AbsMin
 0004:0000355C       Controls.ActiveDrag
 0001:000442A4       Controls.AlignWork
 0003:00001528       Controls.AnchorAlign
 0003:0000151C       Controls.AnimateWindowProc
 0003:00001624       Controls.AnimationStyle
 0001:00040EB8       Controls.BackgroundClipped
 0001:0004D514       Controls.CalcSplitterPos
 0001:0003F00C       Controls.CancelDrag
 0004:00003570       Controls.CanvasList
 0003:000015E0       Controls.CaptureControl
 0001:0003D3E8       Controls.ChangeBiDiModeAlignment
 0001:0003EC74       Controls.CheckUndock
 0001:0004A39C       Controls.ClientToWindow
 0004:0000352E       Controls.ControlAtom
 0004:00003534       Controls.ControlAtomString
 0002:000005D0       Controls.Controls
 0003:00001520       Controls.CreationControl
 0003:0000161C       Controls.Ctl3DStyles
 0003:00001530       Controls.Cursors
 0001:0003D790       Controls.CursorToIdent
 0003:00001524       Controls.DefaultDockTreeClass
 0001:00045230       Controls.DestroyChildWindow
 0001:00044118       Controls.DoAlign
 0001:00048CB8       Controls.DoCalcConstraints
 0004:00003564       Controls.DockSiteList
 0001:00045F60       Controls.DoControlMsg
 0001:0003E57C       Controls.DoDragOver
 0001:0004B01C       Controls.DoFindControlZone
 0001:0004B744       Controls.DoFindZone
 0001:0004B0A0       Controls.DoForEach
 0001:0004CCE8       Controls.DoGetNextLimit
 0001:0004DD20       Controls.DoneControls
 0001:000440D0       Controls.DoPosition
 0001:0004C1F8       Controls.DoPrune
 0001:0004C70C       Controls.DoSaveZone
 0001:0004C9D0       Controls.DoSetNewBounds
 0001:00044EDC       Controls.DoWriteDesignSize
 0001:00042224       Controls.DoWriteExplicit
 0001:000421F0       Controls.DoWriteIsControl
 0004:00003548       Controls.DragCapture
 0004:0000353C       Controls.DragControl
 0001:0003ECE8       Controls.DragDone
 0001:0003E52C       Controls.DragFindTarget
 0001:0003E500       Controls.DragFindWindow
 0004:00003560       Controls.DragImageList
 0001:0003E940       Controls.DragInit
 0001:0003EAB0       Controls.DragInitControl
 0004:00003544       Controls.DragInternalObject
 0001:0003E448       Controls.DragMessage
 0004:00003540       Controls.DragObject
 0004:0000356C       Controls.DragSave
 0004:00003554       Controls.DragSaveCursor
 0004:0000354C       Controls.DragStartPos
 0004:00003558       Controls.DragThreshold
 0001:0003E658       Controls.DragTo
 0001:0004BC7C       Controls.DrawCloseButton
 0001:0004BD10       Controls.DrawGrabberLine
 0001:0004BD98       Controls.DrawThemedGrabber
 0003:0000160C       Controls.EdgeStyles
 0001:0004E340       Controls.Finalization
 0001:0003D540       Controls.FindControl
 0001:0003F058       Controls.FindDragTarget
 0001:0003F024       Controls.FindVCLWindow
 0001:0003F11C       Controls.FreeDeviceContext
 0001:0003F1D8       Controls.FreeDeviceContexts
 0001:0003D88C       Controls.GetCaptureControl
 0001:00043F40       Controls.GetClientSize
 0001:00045650       Controls.GetControlAtPos
 0001:0004CDC8       Controls.GetDockAlign
 0001:0003E298       Controls.GetDockSiteAtPos
 0001:0003E5B8       Controls.GetDropCtl
 0001:0004AD4C       Controls.GetLastChildZone
 0001:0003D7F4       Controls.GetLongHint
 0001:0003D7B0       Controls.GetShortHint
 0001:0003D998       Controls.GetTopParent
 0001:0004CE44       Controls.HideZone
 0001:0003D7A0       Controls.IdentToCursor
 0003:0000164C       Controls.IMM32DLL
 0001:0004DD0C       Controls.Imm32IsIME
 0001:0004DDA8       Controls.InitControls
 0001:0004D9B0       Controls.InitIMM32
 0001:0003D3FC       Controls.InitWndProc
 0003:000015EC       Controls.InnerStyles
 0001:00043FA0       Controls.InsertBefore
 0001:0003E04C       Controls.IsBeforeTargetWindow
 0001:0003E4A0       Controls.IsDelphiHandle
 0001:0004A780       Controls.IsOrientationSet
 0001:0003E254       Controls.IsSiteChildOfClient
 0001:0003D59C       Controls.IsVCLControl
 0004:0000351C       Controls.IsVCLControlHook
 0001:0003F0A4       Controls.ListAdd
 0001:0003F0CC       Controls.ListRemove
 0003:00001638       Controls.MakeLast
 0001:000432E8       Controls.MinVar
 0003:00001650       Controls.ModeMap
 0004:00003518       Controls.Mouse
 0001:0003F0EC       Controls.MoveWindowOrg
 0004:00003524       Controls.NewStyleControls
 0001:0004A764       Controls.NextVisibleZone
 0001:0003D50C       Controls.ObjectFromHWnd
 0003:00001630       Controls.OrientArray
 0003:000015FC       Controls.OuterStyles
 0001:0004AB74       Controls.ParentNotLast
 0001:0003D838       Controls.PerformEraseBackground
 0001:00044EC8       Controls.PointsEqual
 0004:00003568       Controls.QualifyingSites
 0001:0004B8E0       Controls.ReadControlName
 0001:0003E3EC       Controls.RegisterDockSite
 0004:00003538       Controls.RM_GetObjectInstance
 0001:0003D5CC       Controls.SendAppMessage
 0001:0003D8B4       Controls.SetCaptureControl
 0001:0004DC34       Controls.SetImeMode
 0003:000015E4       Controls.ShowFlags
 0001:0004CEC4       Controls.ShowZone
 0003:00001644       Controls.SizeCursors
 0001:0003DD68       Controls.TBaseDragControlObject.Assign
 0001:0003DD44       Controls.TBaseDragControlObject.Create
 0001:0003DD94       Controls.TBaseDragControlObject.EndDrag
 0001:0003DDB8       Controls.TBaseDragControlObject.Finished
 0001:00043018       Controls.TControl.ActionChange
 0001:00043408       Controls.TControl.AdjustSize
 0001:0004323C       Controls.TControl.AssignTo
 0001:00041204       Controls.TControl.BeginAutoDrag
 0001:00041220       Controls.TControl.BeginDrag
 0001:00040D50       Controls.TControl.BringToFront
 0001:00041C68       Controls.TControl.CalcCursorPos
 0001:00041DD0       Controls.TControl.CalcDockSizes
 0001:00041B68       Controls.TControl.CanAutoSize
 0001:00041B6C       Controls.TControl.CanResize
 0001:000406E8       Controls.TControl.Changed
 0001:000406F8       Controls.TControl.ChangeScale
 0001:000427E0       Controls.TControl.CheckNewSize
 0001:000425D4       Controls.TControl.Click
 0001:00040570       Controls.TControl.ClientToScreen
 0001:00042D70       Controls.TControl.CMBiDiModeChanged
 0001:00042C9C       Controls.TControl.CMColorChanged
 0001:00042EA0       Controls.TControl.CMDesignHitTest
 0001:00042C7C       Controls.TControl.CMEnabledChanged
 0001:00042FB8       Controls.TControl.CMFloat
 0001:00042C8C       Controls.TControl.CMFontChanged
 0001:00043494       Controls.TControl.CMHintShow
 0001:00042E20       Controls.TControl.CMHitTest
 0001:00043648       Controls.TControl.CMMouseActivate
 0001:00042E28       Controls.TControl.CMMouseEnter
 0001:00042E64       Controls.TControl.CMMouseLeave
 0001:00042D00       Controls.TControl.CMMouseWheel
 0001:00042CDC       Controls.TControl.CMParentBiDiModeChanged
 0001:00042CAC       Controls.TControl.CMParentColorChanged
 0001:00042DCC       Controls.TControl.CMParentFontChanged
 0001:00042D90       Controls.TControl.CMParentShowHintChanged
 0001:00042DFC       Controls.TControl.CMSysFontChanged
 0001:00042C54       Controls.TControl.CMVisibleChanged
 0001:00041C38       Controls.TControl.ConstrainedResize
 0001:0003F948       Controls.TControl.Create
 0001:00042EA8       Controls.TControl.CreateFloatingDockSite
 0001:00042640       Controls.TControl.DblClick
 0001:000416A8       Controls.TControl.DefaultDockImage
 0001:00042148       Controls.TControl.DefaultHandler
 0001:00042444       Controls.TControl.DefineProperties
 0001:00041C94       Controls.TControl.DesignWndProc
 0001:0003FA40       Controls.TControl.Destroy
 0001:00043118       Controls.TControl.DoActionChange
 0001:00041B9C       Controls.TControl.DoCanAutoSize
 0001:00041C08       Controls.TControl.DoCanResize
 0001:00040240       Controls.TControl.Dock
 0001:000414A4       Controls.TControl.DockTrackNoTarget
 0001:00041CC8       Controls.TControl.DoConstrainedResize
 0001:00041B58       Controls.TControl.DoConstraintsChange
 0001:00043608       Controls.TControl.DoContextPopup
 0001:00040370       Controls.TControl.DoDock
 0001:000417F4       Controls.TControl.DoDragMsg
 0001:000414BC       Controls.TControl.DoEndDock
 0001:000413A4       Controls.TControl.DoEndDrag
 0001:0004366C       Controls.TControl.DoMarginChange
 0001:00041508       Controls.TControl.DoMouseActivate
 0001:00042698       Controls.TControl.DoMouseDown
 0001:00042A10       Controls.TControl.DoMouseUp
 0001:0004153C       Controls.TControl.DoMouseWheel
 0001:00041610       Controls.TControl.DoMouseWheelDown
 0001:0004165C       Controls.TControl.DoMouseWheelUp
 0001:000414E8       Controls.TControl.DoStartDock
 0001:00041384       Controls.TControl.DoStartDrag
 0001:0004130C       Controls.TControl.DragCanceled
 0001:00041358       Controls.TControl.DragDrop
 0001:00041310       Controls.TControl.Dragging
 0001:0004131C       Controls.TControl.DragOver
 0001:000417D4       Controls.TControl.DrawDragDockImage
 0001:00043428       Controls.TControl.DrawTextBiDiModeFlags
 0001:00043468       Controls.TControl.DrawTextBiDiModeFlagsReadingOnly
 0001:000417E4       Controls.TControl.EraseDragDockImage
 0001:00040BA0       Controls.TControl.FontChanged
 0001:0003FBC8       Controls.TControl.GetAction
 0001:0004313C       Controls.TControl.GetActionLinkClass
 0001:00043680       Controls.TControl.GetAlignWithMargins
 0001:00040400       Controls.TControl.GetBoundsRect
 0001:000404A0       Controls.TControl.GetClientHeight
 0001:000404E0       Controls.TControl.GetClientOrigin
 0001:00040444       Controls.TControl.GetClientRect
 0001:0004045C       Controls.TControl.GetClientWidth
 0001:000411B4       Controls.TControl.GetControlsAlignment
 0001:00040E10       Controls.TControl.GetDeviceContext
 0001:00043324       Controls.TControl.GetDockEdge
 0001:0003FB08       Controls.TControl.GetDragImages
 0001:0003FB0C       Controls.TControl.GetEnabled
 0001:000433D4       Controls.TControl.GetFloating
 0001:00043400       Controls.TControl.GetFloatingDockSiteClass
 0001:00040D18       Controls.TControl.GetMouseCapture
 0001:0003FB14       Controls.TControl.GetPalette
 0001:0003FB20       Controls.TControl.GetParentComponent
 0001:000427D8       Controls.TControl.GetPopupMenu
 0001:00040AF0       Controls.TControl.GetText
 0001:00040A70       Controls.TControl.GetTextBuf
 0001:00040A60       Controls.TControl.GetTextLen
 0001:00040A7C       Controls.TControl.GetUndockHeight
 0001:00040A90       Controls.TControl.GetUndockWidth
 0001:0003FB18       Controls.TControl.HasParent
 0001:00043484       Controls.TControl.InitiateAction
 0001:00040FD0       Controls.TControl.Invalidate
 0001:00040F44       Controls.TControl.InvalidateControl
 0001:0003FCF4       Controls.TControl.IsAnchorsStored
 0001:00040C14       Controls.TControl.IsBiDiModeStored
 0001:00043144       Controls.TControl.IsCaptionStored
 0001:00040CAC       Controls.TControl.IsColorStored
 0001:00043164       Controls.TControl.IsEnabledStored
 0001:00040BF4       Controls.TControl.IsFontStored
 0001:000431A4       Controls.TControl.IsHelpContextStored
 0001:00043184       Controls.TControl.IsHintStored
 0001:000431E4       Controls.TControl.IsOnClickStored
 0001:00040C08       Controls.TControl.IsShowHintStored
 0001:000431C4       Controls.TControl.IsVisibleStored
 0001:00043204       Controls.TControl.Loaded
 0001:000418E4       Controls.TControl.ManualDock
 0001:00041AC4       Controls.TControl.ManualFloat
 0001:00040FE4       Controls.TControl.MouseActivate
 0001:00042660       Controls.TControl.MouseDown
 0001:0004292C       Controls.TControl.MouseMove
 0001:000429D8       Controls.TControl.MouseUp
 0001:0004102C       Controls.TControl.MouseWheelHandler
 0001:0003FE0C       Controls.TControl.Notification
 0001:0003FB4C       Controls.TControl.PaletteChanged
 0001:00041D9C       Controls.TControl.Perform
 0001:000413D0       Controls.TControl.PositionDockRect
 0001:0004375C       Controls.TControl.ReadExplicitHeight
 0001:00043774       Controls.TControl.ReadExplicitLeft
 0001:00043744       Controls.TControl.ReadExplicitTop
 0001:0004371C       Controls.TControl.ReadExplicitWidth
 0001:000421D0       Controls.TControl.ReadIsControl
 0001:0003FD78       Controls.TControl.ReadState
 0001:000410B8       Controls.TControl.Repaint
 0001:0003FD48       Controls.TControl.RequestAlign
 0001:0003FD58       Controls.TControl.Resize
 0001:0004059C       Controls.TControl.ScaleConstraints
 0001:00040620       Controls.TControl.ScreenToClient
 0001:0004064C       Controls.TControl.SendCancelMode
 0001:0004067C       Controls.TControl.SendDockNotification
 0001:0003FC78       Controls.TControl.SetAction
 0001:0003FE64       Controls.TControl.SetAlign
 0001:00043688       Controls.TControl.SetAlignWithMargins
 0001:0003FBD8       Controls.TControl.SetAnchors
 0001:000408BC       Controls.TControl.SetAutoSize
 0001:00040B84       Controls.TControl.SetBiDiMode
 0001:0003FF4C       Controls.TControl.SetBounds
 0001:00040420       Controls.TControl.SetBoundsRect
 0001:000404B8       Controls.TControl.SetClientHeight
 0001:0004097C       Controls.TControl.SetClientSize
 0001:00040474       Controls.TControl.SetClientWidth
 0001:00040C90       Controls.TControl.SetColor
 0001:0004363C       Controls.TControl.SetConstraints
 0001:00040CFC       Controls.TControl.SetCursor
 0001:0003FD0C       Controls.TControl.SetDesignVisible
 0001:0003FD44       Controls.TControl.SetDragMode
 0001:00040A48       Controls.TControl.SetEnabled
 0001:00040BE4       Controls.TControl.SetFont
 0001:0004020C       Controls.TControl.SetHeight
 0001:000403C8       Controls.TControl.SetHelpContext
 0001:000403DC       Controls.TControl.SetHelpKeyword
 0001:00040170       Controls.TControl.SetLeft
 0001:00043674       Controls.TControl.SetMargins
 0001:00040D28       Controls.TControl.SetMouseCapture
 0001:000408D8       Controls.TControl.SetName
 0001:000409C4       Controls.TControl.SetParent
 0001:00040CD8       Controls.TControl.SetParentBiDiMode
 0001:00040CB4       Controls.TControl.SetParentColor
 0001:0003FB24       Controls.TControl.SetParentComponent
 0001:00040C1C       Controls.TControl.SetParentFont
 0001:00040C64       Controls.TControl.SetParentShowHint
 0001:00040AA4       Controls.TControl.SetPopupMenu
 0001:00040C40       Controls.TControl.SetShowHint
 0001:00040B20       Controls.TControl.SetText
 0001:00040ACC       Controls.TControl.SetTextBuf
 0001:000401A4       Controls.TControl.SetTop
 0001:00040A10       Controls.TControl.SetVisible
 0001:000401D8       Controls.TControl.SetWidth
 0001:00040DEC       Controls.TControl.SetZOrder
 0001:00040D64       Controls.TControl.SetZOrderPosition
 0001:000410A4       Controls.TControl.Update
 0001:0003FFEC       Controls.TControl.UpdateAnchorRules
 0001:00041E44       Controls.TControl.UpdateBoundsRect
 0001:000436B8       Controls.TControl.UpdateExplicitBounds
 0001:000411D0       Controls.TControl.UseRightToLeftAlignment
 0001:000411B8       Controls.TControl.UseRightToLeftReading
 0001:000411E8       Controls.TControl.UseRightToLeftScrollBar
 0001:00041E74       Controls.TControl.VisibleChanging
 0001:00042B64       Controls.TControl.WMCancelMode
 0001:000434C4       Controls.TControl.WMContextMenu
 0001:00042784       Controls.TControl.WMLButtonDblClk
 0001:0004271C       Controls.TControl.WMLButtonDown
 0001:00042A48       Controls.TControl.WMLButtonUp
 0001:00042900       Controls.TControl.WMMButtonDblClk
 0001:000428D4       Controls.TControl.WMMButtonDown
 0001:00042AEC       Controls.TControl.WMMButtonUp
 0001:00042960       Controls.TControl.WMMouseMove
 0001:00042B0C       Controls.TControl.WMMouseWheel
 0001:00042768       Controls.TControl.WMNCLButtonDown
 0001:000428A8       Controls.TControl.WMRButtonDblClk
 0001:0004287C       Controls.TControl.WMRButtonDown
 0001:00042ACC       Controls.TControl.WMRButtonUp
 0001:00042BA4       Controls.TControl.WMWindowPosChanged
 0001:00041E78       Controls.TControl.WndProc
 0001:000436FC       Controls.TControl.WriteExplicitHeight
 0001:0004370C       Controls.TControl.WriteExplicitLeft
 0001:000436EC       Controls.TControl.WriteExplicitTop
 0001:00043734       Controls.TControl.WriteExplicitWidth
 0001:000421E4       Controls.TControl.WriteIsControl
 0001:0003F4F4       Controls.TControlActionLink.AssignClient
 0001:0003F510       Controls.TControlActionLink.DoShowHint
 0001:0003F600       Controls.TControlActionLink.IsCaptionLinked
 0001:0003F674       Controls.TControlActionLink.IsDropdownMenuLinked
 0001:0003F688       Controls.TControlActionLink.IsEnabledLinked
 0001:0003F6BC       Controls.TControlActionLink.IsEnableDropdownLinked
 0001:0003F85C       Controls.TControlActionLink.IsHelpLinked
 0001:0003F6D0       Controls.TControlActionLink.IsHintLinked
 0001:0003F77C       Controls.TControlActionLink.IsOnExecuteLinked
 0001:0003F708       Controls.TControlActionLink.IsPopupMenuLinked
 0001:0003F748       Controls.TControlActionLink.IsVisibleLinked
 0001:0003F7A4       Controls.TControlActionLink.SetCaption
 0001:0003F7C4       Controls.TControlActionLink.SetDropdownMenu
 0001:0003F7C8       Controls.TControlActionLink.SetEnabled
 0001:0003F7E8       Controls.TControlActionLink.SetEnableDropdown
 0001:0003F8E4       Controls.TControlActionLink.SetHelpContext
 0001:0003F8C4       Controls.TControlActionLink.SetHelpKeyword
 0001:0003F904       Controls.TControlActionLink.SetHelpType
 0001:0003F7EC       Controls.TControlActionLink.SetHint
 0001:0003F830       Controls.TControlActionLink.SetOnExecute
 0001:0003F924       Controls.TControlActionLink.SetPopupMenu
 0001:0003F810       Controls.TControlActionLink.SetVisible
 0001:0003F2B0       Controls.TControlCanvas.CreateHandle
 0001:0003F284       Controls.TControlCanvas.Destroy
 0001:0003F358       Controls.TControlCanvas.FreeHandle
 0001:0003F38C       Controls.TControlCanvas.SetControl
 0001:0003F3A4       Controls.TControlCanvas.UpdateTextFlags
 0001:0004A608       Controls.TCustomControl.Create
 0001:0004A664       Controls.TCustomControl.Destroy
 0001:0004A760       Controls.TCustomControl.Paint
 0001:0004A6B4       Controls.TCustomControl.PaintWindow
 0001:0004A694       Controls.TCustomControl.WMPaint
 0001:0004D31C       Controls.TDockTree.ActualSize
 0001:0004AFEC       Controls.TDockTree.AdjustDockRect
 0001:0004D3B0       Controls.TDockTree.AdjustFrameRect
 0001:0004B004       Controls.TDockTree.BeginUpdate
 0001:0004CFFC       Controls.TDockTree.ControlVisibilityChanged
 0001:0004AE30       Controls.TDockTree.Create
 0001:0004AF98       Controls.TDockTree.Destroy
 0001:0004CBFC       Controls.TDockTree.DrawSizeSplitter
 0001:0004B008       Controls.TDockTree.EndUpdate
 0001:0004B6B8       Controls.TDockTree.FindControlAtPos
 0001:0004B074       Controls.TDockTree.FindControlZone
 0001:0004B0DC       Controls.TDockTree.ForEachAt
 0001:0004B0F4       Controls.TDockTree.GetControlBounds
 0001:0004CD78       Controls.TDockTree.GetNextLimit
 0001:0004B168       Controls.TDockTree.HitTest
 0001:0004B178       Controls.TDockTree.InsertControl
 0001:0004B394       Controls.TDockTree.InsertNewParent
 0001:0004B53C       Controls.TDockTree.InsertSibling
 0001:0004B858       Controls.TDockTree.InternalHitTest
 0001:0004B928       Controls.TDockTree.LoadFromStream
 0001:0004D3F0       Controls.TDockTree.MouseDown
 0001:0004D5A4       Controls.TDockTree.MouseMove
 0001:0004D5F4       Controls.TDockTree.MouseUp
 0001:0004BDF4       Controls.TDockTree.PaintDockFrame
 0001:0004BF48       Controls.TDockTree.PaintSite
 0001:0004C07C       Controls.TDockTree.PositionDockRect
 0001:0004C22C       Controls.TDockTree.PruneZone
 0001:0004D384       Controls.TDockTree.ReferenceFromOrient
 0001:0004D34C       Controls.TDockTree.RelativeSize
 0001:0004C288       Controls.TDockTree.RemoveControl
 0001:0004C2C8       Controls.TDockTree.RemoveZone
 0001:0004C568       Controls.TDockTree.ResetBounds
 0001:0004C81C       Controls.TDockTree.SaveToStream
 0001:0004C650       Controls.TDockTree.ScaleZone
 0001:0004CA58       Controls.TDockTree.SetNewBounds
 0001:0004CA88       Controls.TDockTree.SetReplacingControl
 0001:0004CAA0       Controls.TDockTree.ShiftZone
 0001:0004D668       Controls.TDockTree.ShowHint
 0001:0004CAD4       Controls.TDockTree.SplitterMouseDown
 0001:0004CB34       Controls.TDockTree.SplitterMouseUp
 0001:0004CBB0       Controls.TDockTree.UpdateAll
 0001:0004CBD8       Controls.TDockTree.UpdateZone
 0001:0004CBE8       Controls.TDockTree.WindowProc
 0001:0004D084       Controls.TDockTree.WndProc
 0001:0004B5B4       Controls.TDockTree.ZoneCaptionHitTest
 0001:0004A7A4       Controls.TDockZone.Create
 0001:0004AD5C       Controls.TDockZone.ExpandZoneLimit
 0001:0004AE24       Controls.TDockZone.FirstVisibleChild
 0001:0004A7C8       Controls.TDockZone.GetChildCount
 0001:0004AAAC       Controls.TDockZone.GetControlName
 0001:0004A94C       Controls.TDockZone.GetHeightWidth
 0001:0004A838       Controls.TDockZone.GetLimitBegin
 0001:0004A880       Controls.TDockZone.GetLimitSize
 0001:0004A8C8       Controls.TDockZone.GetTopLeft
 0001:0004A800       Controls.TDockZone.GetVisible
 0001:0004A7DC       Controls.TDockZone.GetVisibleChildCount
 0001:0004AD20       Controls.TDockZone.GetZoneLimit
 0001:0004ADFC       Controls.TDockZone.NextVisible
 0001:0004AE08       Controls.TDockZone.PrevVisible
 0001:0004AA04       Controls.TDockZone.ResetChildren
 0001:0004AD9C       Controls.TDockZone.ResetZoneLimits
 0001:0004AAF0       Controls.TDockZone.SetControlName
 0001:0004AD48       Controls.TDockZone.SetZoneLimit
 0001:0004ABA4       Controls.TDockZone.Update
 0001:0003DDEC       Controls.TDragControlObject.GetDragCursor
 0001:0003DE04       Controls.TDragControlObject.GetDragImages
 0001:0003DE10       Controls.TDragControlObject.HideDragImage
 0001:0003DE30       Controls.TDragControlObject.ShowDragImage
 0001:0003DE50       Controls.TDragControlObjectEx.BeforeDestruction
 0001:0003DF8C       Controls.TDragDockObject.AdjustDockRect
 0001:0003DEEC       Controls.TDragDockObject.Assign
 0001:0003DE54       Controls.TDragDockObject.Create
 0001:0003DEBC       Controls.TDragDockObject.Destroy
 0001:0003E008       Controls.TDragDockObject.DrawDragDockImage
 0001:0003DF4C       Controls.TDragDockObject.EndDrag
 0001:0003E01C       Controls.TDragDockObject.EraseDragDockImage
 0001:0003E030       Controls.TDragDockObject.GetDragCursor
 0001:0003E03C       Controls.TDragDockObject.GetEraseWhenMoving
 0001:0003E040       Controls.TDragDockObject.GetFrameWidth
 0001:0003E048       Controls.TDragDockObjectEx.BeforeDestruction
 0001:0004A448       Controls.TDragImageList.BeginDrag
 0001:0004A4BC       Controls.TDragImageList.DragLock
 0001:0004A544       Controls.TDragImageList.DragMove
 0001:0004A520       Controls.TDragImageList.DragUnlock
 0001:0004A5B8       Controls.TDragImageList.EndDrag
 0001:0004A5A0       Controls.TDragImageList.HideDragImage
 0001:0004A424       Controls.TDragImageList.SetDragCursor
 0001:0004A3DC       Controls.TDragImageList.SetDragImage
 0001:0004A588       Controls.TDragImageList.ShowDragImage
 0001:0003DD34       Controls.TDragObject.AfterConstruction
 0001:0003DAE0       Controls.TDragObject.Assign
 0001:0003DD24       Controls.TDragObject.BeforeDestruction
 0001:0003DB20       Controls.TDragObject.Capture
 0001:0003DB38       Controls.TDragObject.Finished
 0001:0003DCB0       Controls.TDragObject.GetDragCursor
 0001:0003DCAC       Controls.TDragObject.GetDragImages
 0001:0003DB40       Controls.TDragObject.GetName
 0001:0003DCC8       Controls.TDragObject.HideDragImage
 0001:0003DCCC       Controls.TDragObject.Instance
 0001:0003DCD8       Controls.TDragObject.MainWndProc
 0001:0003DB68       Controls.TDragObject.ReleaseCapture
 0001:0003DCD4       Controls.TDragObject.ShowDragImage
 0001:0003DB7C       Controls.TDragObject.WndProc
 0001:00049C5C       Controls.TGraphicControl.Create
 0001:00049CB8       Controls.TGraphicControl.Destroy
 0001:00049DA0       Controls.TGraphicControl.Paint
 0001:00049CF8       Controls.TGraphicControl.WMPaint
 0001:0004A090       Controls.THintWindow.ActivateHint
 0001:0004A284       Controls.THintWindow.ActivateHintData
 0001:0004A2AC       Controls.THintWindow.CalcHintRect
 0001:00049FF8       Controls.THintWindow.CMTextChanged
 0001:00049DA4       Controls.THintWindow.Create
 0001:00049E10       Controls.THintWindow.CreateParams
 0001:00049F88       Controls.THintWindow.IsHintMsg
 0001:0004A308       Controls.THintWindow.NCPaint
 0001:00049EE0       Controls.THintWindow.Paint
 0001:00049FEC       Controls.THintWindow.ReleaseHandle
 0001:0004A398       Controls.THintWindow.ShouldHideHint
 0001:00049E74       Controls.THintWindow.WMNCHitTest
 0001:00049E7C       Controls.THintWindow.WMNCPaint
 0001:0004A374       Controls.THintWindow.WMPrint
 0001:0004DFB8       Controls.TMargins.AssignTo
 0001:0004E000       Controls.TMargins.Change
 0001:0004DF74       Controls.TMargins.Create
 0001:0004E178       Controls.TMargins.GetControlBound
 0001:0004E014       Controls.TMargins.InitDefaults
 0001:0004E08C       Controls.TMargins.SetControlBounds
 0001:0004E034       Controls.TMargins.SetMargin
 0001:0004D75C       Controls.TMouse.Create
 0001:0004D7EC       Controls.TMouse.CreatePanningWindow
 0001:0004D818       Controls.TMouse.Destroy
 0001:0004D848       Controls.TMouse.GetCapture
 0001:0004D850       Controls.TMouse.GetCursorPos
 0001:0004D860       Controls.TMouse.GetIsDragging
 0001:0004D86C       Controls.TMouse.GetIsPanning
 0001:0004D890       Controls.TMouse.GetMouseData
 0001:0004D8AC       Controls.TMouse.GetNativeData
 0001:0004D8DC       Controls.TMouse.GetRegisteredData
 0001:0004D904       Controls.TMouse.SetCapture
 0001:0004D92C       Controls.TMouse.SetPanningWindow
 0001:0004D94C       Controls.TMouse.SettingChanged
 0001:0004E33C       Controls.TPadding.InitDefaults
 0001:00047608       Controls.TraverseControls
 0003:00001640       Controls.TreeStreamEndFlag
 0001:0003D9C4       Controls.TSiteList.AddSite
 0001:0003DA48       Controls.TSiteList.Clear
 0001:0003D960       Controls.TSiteList.Find
 0001:0003DA7C       Controls.TSiteList.GetTopSite
 0001:0003F40C       Controls.TSizeConstraints.AssignTo
 0001:0003F4E0       Controls.TSizeConstraints.Change
 0001:0003F3D0       Controls.TSizeConstraints.Create
 0001:0003F454       Controls.TSizeConstraints.SetConstraints
 0001:00049244       Controls.TWinControl.ActionChange
 0001:00044A98       Controls.TWinControl.AddBiDiModeExStyle
 0001:00043B30       Controls.TWinControl.AdjustClientRect
 0001:00048764       Controls.TWinControl.AdjustSize
 0001:000443FC       Controls.TWinControl.AlignControl
 0001:000442F8       Controls.TWinControl.AlignControls
 0001:00043B60       Controls.TWinControl.ArrangeControl
 0001:0004928C       Controls.TWinControl.AssignTo
 0001:00044994       Controls.TWinControl.Broadcast
 0001:00048D7C       Controls.TWinControl.CalcConstraints
 0001:000492BC       Controls.TWinControl.CanAutoSize
 0001:00048520       Controls.TWinControl.CanFocus
 0001:00048CB0       Controls.TWinControl.CanResize
 0001:000480E4       Controls.TWinControl.ChangeScale
 0001:00047930       Controls.TWinControl.CMBiDiModeChanged
 0001:00047B8C       Controls.TWinControl.CMBorderChanged
 0001:00047A08       Controls.TWinControl.CMChanged
 0001:00047A1C       Controls.TWinControl.CMChildKey
 0001:00047AE8       Controls.TWinControl.CMColorChanged
 0001:00047CCC       Controls.TWinControl.CMControlListChange
 0001:00047CE0       Controls.TWinControl.CMControlListChanging
 0001:00047BCC       Controls.TWinControl.CMCtl3DChanged
 0001:00047B4C       Controls.TWinControl.CMCursorChanged
 0001:000479E8       Controls.TWinControl.CMDesignHitTest
 0001:00047A38       Controls.TWinControl.CMDialogChar
 0001:00047A30       Controls.TWinControl.CMDialogKey
 0001:000471C4       Controls.TWinControl.CMDockClient
 0001:00047C6C       Controls.TWinControl.CMDrag
 0001:00047AA0       Controls.TWinControl.CMEnabledChanged
 0001:00047968       Controls.TWinControl.CMEnter
 0001:000479D8       Controls.TWinControl.CMExit
 0001:000472DC       Controls.TWinControl.CMFloat
 0001:00047A40       Controls.TWinControl.CMFocusChanged
 0001:00047C5C       Controls.TWinControl.CMFontChange
 0001:00047B10       Controls.TWinControl.CMFontChanged
 0001:0004841C       Controls.TWinControl.CMInvalidate
 0001:00047C0C       Controls.TWinControl.CMParentCtl3DChanged
 0001:00045300       Controls.TWinControl.CMRecreateWnd
 0001:00047918       Controls.TWinControl.CMShowHintChanged
 0001:00047A78       Controls.TWinControl.CMShowingChanged
 0001:00047C4C       Controls.TWinControl.CMSysColorChange
 0001:00047CF4       Controls.TWinControl.CMSysFontChanged
 0001:00049A54       Controls.TWinControl.CMTextChanged
 0001:00047C64       Controls.TWinControl.CMTimeChange
 0001:000472B4       Controls.TWinControl.CMUnDockClient
 0001:00047A48       Controls.TWinControl.CMVisibleChanged
 0001:00047C54       Controls.TWinControl.CMWinIniChange
 0001:00047EE0       Controls.TWinControl.CNChar
 0001:00047DA8       Controls.TWinControl.CNKeyDown
 0001:00047E8C       Controls.TWinControl.CNKeyUp
 0001:00047F8C       Controls.TWinControl.CNSysChar
 0001:00047F30       Controls.TWinControl.CNSysKeyDown
 0001:00049208       Controls.TWinControl.ConstrainedResize
 0001:000446DC       Controls.TWinControl.ContainsControl
 0001:0004571C       Controls.TWinControl.ControlAtPos
 0001:00047068       Controls.TWinControl.ControlsAligned
 0001:000437C0       Controls.TWinControl.Create
 0001:0004706C       Controls.TWinControl.CreateDockManager
 0001:00045124       Controls.TWinControl.CreateHandle
 0001:00044B00       Controls.TWinControl.CreateParams
 0001:00044A2C       Controls.TWinControl.CreateSubClass
 0001:00044DFC       Controls.TWinControl.CreateWindowHandle
 0001:00044C2C       Controls.TWinControl.CreateWnd
 0001:000451BC       Controls.TWinControl.CustomAlignInsertBefore
 0001:000451E0       Controls.TWinControl.CustomAlignPosition
 0001:00045E58       Controls.TWinControl.DefaultHandler
 0001:00044FBC       Controls.TWinControl.DefineProperties
 0001:00043904       Controls.TWinControl.Destroy
 0001:00045274       Controls.TWinControl.DestroyHandle
 0001:00045078       Controls.TWinControl.DestroyWindowHandle
 0001:00045018       Controls.TWinControl.DestroyWnd
 0001:00044490       Controls.TWinControl.DisableAlign
 0001:00046DFC       Controls.TWinControl.DoAddDockClient
 0001:00046E50       Controls.TWinControl.DockDrop
 0001:00046ED4       Controls.TWinControl.DockOver
 0001:00049AA0       Controls.TWinControl.DockReplaceDockClient
 0001:00046EA0       Controls.TWinControl.DoDockOver
 0001:00046E10       Controls.TWinControl.DoEnter
 0001:00046E30       Controls.TWinControl.DoExit
 0001:000444C0       Controls.TWinControl.DoFlipChildren
 0001:0004738C       Controls.TWinControl.DoKeyDown
 0001:00047580       Controls.TWinControl.DoKeyPress
 0001:000474B8       Controls.TWinControl.DoKeyUp
 0001:00049B04       Controls.TWinControl.DoPaddingChange
 0001:00046E0C       Controls.TWinControl.DoRemoveDockClient
 0001:00046F18       Controls.TWinControl.DoUnDock
 0001:00044498       Controls.TWinControl.EnableAlign
 0001:00048AA8       Controls.TWinControl.FindNextControl
 0001:000439E4       Controls.TWinControl.FixupTabList
 0001:00044594       Controls.TWinControl.FlipChildren
 0001:0004859C       Controls.TWinControl.Focused
 0001:00049284       Controls.TWinControl.GetActionLinkClass
 0001:00048C28       Controls.TWinControl.GetChildren
 0001:0004872C       Controls.TWinControl.GetClientOrigin
 0001:0004874C       Controls.TWinControl.GetClientRect
 0001:00044938       Controls.TWinControl.GetControl
 0001:00044974       Controls.TWinControl.GetControlCount
 0001:000485F8       Controls.TWinControl.GetControlExtents
 0001:000483B8       Controls.TWinControl.GetDeviceContext
 0001:00046F98       Controls.TWinControl.GetDockClientCount
 0001:00046FAC       Controls.TWinControl.GetDockClients
 0001:000485E4       Controls.TWinControl.GetHandle
 0001:00049A0C       Controls.TWinControl.GetParentBackground
 0001:00046FD0       Controls.TWinControl.GetSiteInfo
 0001:0004881C       Controls.TWinControl.GetTabOrder
 0001:00048A48       Controls.TWinControl.GetTabOrderList
 0001:0004702C       Controls.TWinControl.GetVisibleDockClientCount
 0001:00048984       Controls.TWinControl.HandleAllocated
 0001:000485C0       Controls.TWinControl.HandleNeeded
 0001:00044710       Controls.TWinControl.Insert
 0001:000447A4       Controls.TWinControl.InsertControl
 0001:0004840C       Controls.TWinControl.Invalidate
 0001:00049A6C       Controls.TWinControl.InvalidateDockHostSite
 0001:000484E8       Controls.TWinControl.InvalidateFrame
 0001:000457E0       Controls.TWinControl.IsControlActivateMsg
 0001:0004592C       Controls.TWinControl.IsControlMouseMsg
 0001:000487E4       Controls.TWinControl.IsCtl3DStored
 0001:00047D10       Controls.TWinControl.IsMenuKey
 0001:00049AE0       Controls.TWinControl.IsQualifyingSite
 0001:00047360       Controls.TWinControl.KeyDown
 0001:00047560       Controls.TWinControl.KeyPress
 0001:0004748C       Controls.TWinControl.KeyUp
 0001:000455D8       Controls.TWinControl.MainWndProc
 0001:000449D4       Controls.TWinControl.Notification
 0001:00044A04       Controls.TWinControl.NotifyControls
 0001:0004612C       Controls.TWinControl.PaintControls
 0001:00045F94       Controls.TWinControl.PaintHandler
 0001:000463FC       Controls.TWinControl.PaintTo
 0001:00046104       Controls.TWinControl.PaintWindow
 0001:0004787C       Controls.TWinControl.PaletteChanged
 0001:000450DC       Controls.TWinControl.PrecedingWindow
 0001:00049AAC       Controls.TWinControl.PreProcessMessage
 0001:00044E3C       Controls.TWinControl.ReadDesignSize
 0001:00043AB8       Controls.TWinControl.ReadState
 0001:000444B8       Controls.TWinControl.Realign
 0001:000452E8       Controls.TWinControl.RecreateWnd
 0001:00046F74       Controls.TWinControl.ReloadDockedControl
 0001:0004475C       Controls.TWinControl.Remove
 0001:00044898       Controls.TWinControl.RemoveControl
 0001:000446F0       Controls.TWinControl.RemoveFocus
 0001:00049AB0       Controls.TWinControl.RemoveWindowProps
 0001:000484CC       Controls.TWinControl.Repaint
 0001:00046D1C       Controls.TWinControl.ResetIme
 0001:0004809C       Controls.TWinControl.ScaleControls
 0001:00048190       Controls.TWinControl.ScrollBy
 0001:00048BE0       Controls.TWinControl.SelectFirst
 0001:00048BB4       Controls.TWinControl.SelectNext
 0001:00049484       Controls.TWinControl.SetBevelCut
 0001:000494C8       Controls.TWinControl.SetBevelEdges
 0001:000494F8       Controls.TWinControl.SetBevelKind
 0001:00049518       Controls.TWinControl.SetBevelWidth
 0001:000487A0       Controls.TWinControl.SetBorderWidth
 0001:00047FC0       Controls.TWinControl.SetBounds
 0001:00048C70       Controls.TWinControl.SetChildOrder
 0001:000487C0       Controls.TWinControl.SetCtl3D
 0001:000470D8       Controls.TWinControl.SetDesignVisible
 0001:0004710C       Controls.TWinControl.SetDockSite
 0001:00048560       Controls.TWinControl.SetFocus
 0001:00046BEC       Controls.TWinControl.SetIme
 0001:00049B0C       Controls.TWinControl.SetPadding
 0001:00049BE0       Controls.TWinControl.SetParent
 0001:00049A14       Controls.TWinControl.SetParentBackground
 0001:000487F0       Controls.TWinControl.SetParentCtl3D
 0001:000454F4       Controls.TWinControl.SetParentWindow
 0001:0004889C       Controls.TWinControl.SetTabOrder
 0001:000488B4       Controls.TWinControl.SetTabStop
 0001:00048914       Controls.TWinControl.SetUseDockManager
 0001:00048358       Controls.TWinControl.SetZOrder
 0001:00048280       Controls.TWinControl.SetZOrderPosition
 0001:00048268       Controls.TWinControl.ShowControl
 0001:000484B0       Controls.TWinControl.Update
 0001:00048990       Controls.TWinControl.UpdateBounds
 0001:00049B64       Controls.TWinControl.UpdateControlOriginalParentSize
 0001:000454B0       Controls.TWinControl.UpdateControlState
 0001:00049B18       Controls.TWinControl.UpdateRecreatingFlag
 0001:0004538C       Controls.TWinControl.UpdateShowing
 0001:00048840       Controls.TWinControl.UpdateTabOrder
 0001:00049934       Controls.TWinControl.UpdateUIState
 0001:000475E8       Controls.TWinControl.WMChar
 0001:00047764       Controls.TWinControl.WMCharToItem
 0001:000466EC       Controls.TWinControl.WMCommand
 0001:000467C0       Controls.TWinControl.WMCompareItem
 0001:000498BC       Controls.TWinControl.WMContextMenu
 0001:000467E4       Controls.TWinControl.WMDeleteItem
 0001:000477D8       Controls.TWinControl.WMDestroy
 0001:00046808       Controls.TWinControl.WMDrawItem
 0001:00046880       Controls.TWinControl.WMEraseBkgnd
 0001:00046760       Controls.TWinControl.WMFontChange
 0001:00046780       Controls.TWinControl.WMHScroll
 0001:00046BD8       Controls.TWinControl.WMIMEEndComp
 0001:00046BC4       Controls.TWinControl.WMIMEStartComp
 0001:00047434       Controls.TWinControl.WMKeyDown
 0001:00047520       Controls.TWinControl.WMKeyUp
 0001:00046BA8       Controls.TWinControl.WMKillFocus
 0001:0004682C       Controls.TWinControl.WMMeasureItem
 0001:0004684C       Controls.TWinControl.WMMouseActivate
 0001:00046A6C       Controls.TWinControl.WMMove
 0001:00049538       Controls.TWinControl.WMNCCalcSize
 0001:0004783C       Controls.TWinControl.WMNCDestroy
 0001:00047858       Controls.TWinControl.WMNCHitTest
 0001:000495C8       Controls.TWinControl.WMNCPaint
 0001:0004670C       Controls.TWinControl.WMNotify
 0001:0004658C       Controls.TWinControl.WMPaint
 0001:000478F8       Controls.TWinControl.WMPaletteChanged
 0001:00047784       Controls.TWinControl.WMParentNotify
[...]
 0003:00000AB4       Classes.RemoveDataModule
 0003:00000ABC       Classes.ApplicationHandleException
 0003:00000AC4       Classes.ApplicationShowException
 0003:00000ACC       Classes.WakeMainThread
 0003:00000AD4       Classes.FilerSignature
 0003:00000AD8       Classes.NilMethod
 0003:00000AE0       Classes.SyncList
 0003:00000AE4       Classes.BlockCode
 0003:00000AE8       Classes.UtilWindowClass
 0003:00000B10       IniFiles.Values
 0003:00000B18       Registry.Values
 0003:00000B20       Graphics.DefFontData
 0003:00000B50       Graphics.DDBsOnly
 0003:00000B54       Graphics.Colors
 0003:00000CF4       Graphics.FontCharsets
 0003:00000D84       Graphics.DefPenData
 0003:00000D94       Graphics.PenStyles
 0003:00000DA8       Graphics.DefBrushData
 0003:00000DB8       Graphics.PenModes
 0003:00000DD8       Graphics.ClipboardFormats
 0003:00000DDC       Graphics.FileFormats
 0003:00000DE0       Graphics.BitmapCanvasList
 0003:00000DE4       Graphics.DIBPalSizes
 0003:00000DE8       Graphics.PalSize
 0003:00000DEC       Graphics.Pal16
 0003:00000E2C       StdCtrls.BorderStyles
 0003:00000E34       StdCtrls.Ellipsis
 0003:00000E44       StdCtrls.Alignments
 0003:00000E4C       StdCtrls.WordWraps
 0003:00000E50       StdCtrls.WordWraps
 0003:00000E54       StdCtrls.Passwords
 0003:00000E5C       StdCtrls.ReadOnlys
 0003:00000E64       StdCtrls.CharCases
 0003:00000E70       StdCtrls.HideSelections
 0003:00000E78       StdCtrls.OEMConverts
 0003:00000E80       StdCtrls.ButtonStyles
 0003:00000E88       StdCtrls.Alignments
 0003:00000E98       Printers.FPrinter
 0003:00000E9C       GraphUtil.WebNamedColors
 0003:000012EC       ExtCtrls.BorderStyles
 0003:000012F4       ExtCtrls.Alignments
 0003:00001300       ExtCtrls.VerticalAlignments
 0003:0000130C       Dialogs.CreationControl
 0003:00001310       Dialogs.WndProcPtrAtom
 0003:00001314       Dialogs.Captions
 0003:00001328       Dialogs.IconIDs
 0003:0000133C       Dialogs.ButtonNames
 0003:00001368       Dialogs.ButtonCaptions
 0003:00001394       Dialogs.ModalResults
 0003:000013C0       Themes.ThemeServicesClass
 0003:000013C4       Themes.Copyright
 0003:000013C8       Themes.ThemeDataNames
 0003:00001428       Menus.ValidMenuHotkeys
 0003:0000142C       Menus.cMenuAutoFlagToItem
 0003:00001430       Menus.cItemAutoFlagToMenu
 0003:00001434       Menus.cBooleanToItemAutoFlag
 0003:00001438       Menus.cItemAutoFlagToBoolean
 0003:0000143C       Menus.MenuKeyCaps
 0003:00001484       Menus.Checks
 0003:0000148C       Menus.Enables
 0003:00001494       Menus.Breaks
 0003:000014A0       Menus.Separators
 0003:000014A8       Menus.IBreaks
 0003:000014B4       Menus.IChecks
 0003:000014BC       Menus.IDefaults
 0003:000014C4       Menus.IEnables
 0003:000014CC       Menus.IRadios
 0003:000014D4       Menus.ISeparators
 0003:000014DC       Menus.IRTL
 0003:000014E4       Menus.IOwnerDraw
 0003:000014EC       Menus.Alignments
 0003:000014F4       Menus.EdgeStyle
 0003:000014FC       Menus.Alignments
 0003:00001504       Menus.CurrentKeyboardLayout
 0003:00001508       Menus.IsAltGRKeyLayout
 0003:0000150C       Menus.Flags
 0003:00001518       Menus.Buttons
 0003:0000151C       Controls.AnimateWindowProc
 0003:00001520       Controls.CreationControl
 0003:00001524       Controls.DefaultDockTreeClass
 0003:00001528       Controls.AnchorAlign
 0003:00001530       Controls.Cursors
 0003:000015E0       Controls.CaptureControl
 0003:000015E4       Controls.ShowFlags
 0003:000015E8       Controls.WindowPos
 0003:000015EC       Controls.InnerStyles
 0003:000015FC       Controls.OuterStyles
 0003:0000160C       Controls.EdgeStyles
 0003:0000161C       Controls.Ctl3DStyles
 0003:00001624       Controls.AnimationStyle
 0003:00001630       Controls.OrientArray
 0003:00001638       Controls.MakeLast
 0003:00001640       Controls.TreeStreamEndFlag
 0003:00001644       Controls.SizeCursors
 0003:0000164C       Controls.IMM32DLL
 0003:00001650       Controls.ModeMap
 0003:00001658       ImgList.DrawingStyles
 0003:00001668       ImgList.Images
 0003:00001670       ImgList.Mask
 0003:00001678       Forms.HintWindowClass
 0003:0000167C       Forms.SetLayeredWindowAttributes
 0003:00001680       Forms.FocusMessages
 0003:00001684       Forms.FocusCount
 0003:00001688       Forms.TaskActiveWindow
 0003:0000168C       Forms.TaskFirstWindow
 0003:00001690       Forms.TaskFirstTopMost
 0003:00001694       Forms.DisablingWindows
 0003:00001698       Forms.TaskWindowList
 0003:0000169C       Forms.SysConsts
 0003:000016A4       Forms.SysConsts
 0003:000016AC       Forms.Props
 0003:000016D4       Forms.Styles
 0003:000016E0       Forms.HWND_STYLE
 0003:000016E8       Forms.ShowCommands
 0003:000016F4       Forms.ShowCommands
 0003:00001700       Forms.ShowCommands
 0003:0000170C       Forms.cUseAlpha
 0003:00001714       Forms.cUseColorKey
 0003:0000171C       Forms.CursorMap
 0003:00001770       Forms.WindowClass
 0003:00001798       Forms.AppVisible
 0003:0000179C       Forms.ShowFlags
 0003:000017A0       ComObj.CoCreateInstanceEx
 0003:000017A4       ComObj.CoInitializeEx
 0003:000017A8       ComObj.CoAddRefServerProcess
 0003:000017AC       ComObj.CoReleaseServerProcess
 0003:000017B0       ComObj.CoResumeClassObjects
 0003:000017B4       ComObj.CoSuspendClassObjects
 0003:000017B8       ComObj.CoInitFlags
 0003:000017BC       ComObj.ThreadStrs
 0003:000017D0       Kernel7x_TLB.CServerData
 0003:0000180C       Kernel7x_TLB.CServerData
 0004:00000000       System.DispCallByIDProc
 0004:00000004       System.ExceptProc
 0004:00000008       System.ErrorProc
 0004:0000000C       System.ExceptClsProc
 0004:00000010       System.ExceptObjProc
 0004:00000014       System.RaiseExceptionProc
 0004:00000018       System.RTLUnwindProc
 0004:0000001C       System.ExceptionClass
 0004:00000020       System.SafeCallErrorProc
 0004:00000024       System.AssertErrorProc
 0004:00000028       System.ExitProcessProc
 0004:0000002C       System.AbstractErrorProc
 0004:00000030       System.MainInstance
 0004:00000034       System.MainThreadID
 0004:00000038       System.IsLibrary
 0004:0000003C       System.CmdShow
 0004:00000040       System.CmdLine
 0004:00000044       System.InitProc
 0004:00000048       System.ExitProc
 0004:0000004C       System.IsConsole
 0004:0000004D       System.IsMultiThread
 0004:0000004E       System.Test8086
 0004:00000050       System.Input
 0004:0000021C       System.Output
 0004:000003E8       System.ErrOutput
 0004:000005B4       System.ReportMemoryLeaksOnShutdown
 0004:000005B8       System..6
 0004:000005BC       System.DefaultSystemCodePage
 0004:000005C0       System.AllocSize2SmallBlockTypeIndX4
 0004:00000706       System.MinimumBlockAlignment
 0004:00000708       System.MediumBlockPoolsCircularList
 0004:00000718       System.MediumBlocksLocked
 0004:0000071C       System.LastSequentiallyFedMediumBlock
 0004:00000720       System.MediumSequentialFeedBytesLeft
 0004:00000724       System.MediumBlockBinGroupBitmap
 0004:00000728       System.MediumBlockBinBitmaps
 0004:000007A8       System.MediumBlockBins
 0004:000027A8       System.LargeBlocksLocked
 0004:000027AC       System.LargeBlocksCircularList
 0004:000027BC       System.ExpectedMemoryLeaks
 0004:000027C0       System.ExpectedMemoryLeaksListLocked
 0004:000027C4       System.MMSharingWindow
 0004:000027C8       System.InitContext
 0004:000027F4       SysInit.ModuleIsLib
 0004:000027F5       SysInit.ModuleIsCpp
 0004:000027F8       SysInit.HInstance
 0004:000027FC       SysInit.tlsBuffer
 0004:00002800       Windows..3
 0004:00002804       Windows.HtmlHelpModule
 0004:00002808       SysUtils.CurrencyString
 0004:0000280C       SysUtils.CurrencyFormat
 0004:0000280D       SysUtils.NegCurrFormat
 0004:0000280E       SysUtils.ThousandSeparator
 0004:0000280F       SysUtils.DecimalSeparator
 0004:00002810       SysUtils.CurrencyDecimals
 0004:00002811       SysUtils.DateSeparator
 0004:00002814       SysUtils.ShortDateFormat
 0004:00002818       SysUtils.LongDateFormat
 0004:0000281C       SysUtils.TimeSeparator
 0004:00002820       SysUtils.TimeAMString
 0004:00002824       SysUtils.TimePMString
 0004:00002828       SysUtils.ShortTimeFormat
 0004:0000282C       SysUtils.LongTimeFormat
 0004:00002830       SysUtils.ShortMonthNames
 0004:00002860       SysUtils.LongMonthNames
 0004:00002890       SysUtils.ShortDayNames
 0004:000028AC       SysUtils.LongDayNames
 0004:000028C8       SysUtils.SysLocale
 0004:000028D6       SysUtils.ListSeparator
 0004:000028D8       SysUtils.EraNames
 0004:000028F4       SysUtils.EraYearOffsets
 0004:00002910       SysUtils.TrueBoolStrs
 0004:00002914       SysUtils.FalseBoolStrs
 0004:00002918       SysUtils..35
 0004:0000291C       SysUtils.OutOfMemory
 0004:00002920       SysUtils.InvalidPointer
 0004:00002924       SysUtils.CharHash
 0004:00002A24       SysUtils.ValidatedUnitHashBuckets
 0004:00002E24       SysUtils.UnitHashBuckets
 0004:00003224       SysUtils.FLanguages
 0004:00003228       VarUtils.VariantChangeTypeEx
 0004:0000322C       VarUtils.VarNeg
 0004:00003230       VarUtils.VarNot
 0004:00003234       VarUtils.VarAdd
 0004:00003238       VarUtils.VarSub
 0004:0000323C       VarUtils.VarMul
 0004:00003240       VarUtils.VarDiv
 0004:00003244       VarUtils.VarIDiv
 0004:00003248       VarUtils.VarMod
 0004:0000324C       VarUtils.VarAnd
 0004:00003250       VarUtils.VarOr
 0004:00003254       VarUtils.VarXor
 0004:00003258       VarUtils.VarCmp
 0004:0000325C       VarUtils.VarI4FromStr
 0004:00003260       VarUtils.VarR4FromStr
 0004:00003264       VarUtils.VarR8FromStr
 0004:00003268       VarUtils.VarDateFromStr
 0004:0000326C       VarUtils.VarCyFromStr
 0004:00003270       VarUtils.VarBoolFromStr
 0004:00003274       VarUtils.VarBstrFromCy
 0004:00003278       VarUtils.VarBstrFromDate
 0004:0000327C       VarUtils.VarBstrFromBool
 0004:00003280       VarUtils..5
 0004:00003284       Variants.EmptyParam
 0004:00003294       Variants.VarDispProc
 0004:00003298       Variants.ClearAnyProc
 0004:0000329C       Variants.ChangeAnyProc
 0004:000032A0       Variants.RefAnyProc
 0004:000032A4       Variants..81
 0004:000032A8       Variants.LVarTypes
 0004:000032AC       Variants.LVarTypeSync
 0004:000032C4       TypInfo..6
 0004:000032C8       Classes.GlobalNameSpace
 0004:000032CC       Classes.IsUniqueGlobalComponentNameProc
 0004:000032D0       Classes.SyncEvent
 0004:000032D4       Classes..95
 0004:000032D8       Classes.IntConstList
 0004:000032DC       Classes.RegGroups
 0004:000032E0       Classes.FindGlobalComponentProcs
 0004:000032E4       Classes.GlobalFixupList
 0004:000032E8       Classes.ThreadLock
 0004:00003300       Classes.InstBlockList
 0004:00003304       Classes.InstFreeList
 0004:00003308       HelpIntfs..2
 0004:0000330C       HelpIntfs.HelpManager
 0004:00003310       MultiMon.GetSystemMetrics
 0004:00003314       MultiMon.MonitorFromWindow
 0004:00003318       MultiMon.MonitorFromRect
 0004:0000331C       MultiMon.MonitorFromPoint
 0004:00003320       MultiMon.GetMonitorInfo
 0004:00003324       MultiMon.GetMonitorInfoA
 0004:00003328       MultiMon.GetMonitorInfoW
 0004:0000332C       MultiMon.EnumDisplayMonitors
 0004:00003330       MultiMon..1
 0004:00003334       MultiMon.User32Dll
 0004:00003338       MultiMon.InitApis
 0004:00003340       MultiMon.MMAvailable
 0004:00003344       IniFiles..8
 0004:00003348       Registry..5
 0004:0000334C       Graphics.SystemPalette16
 0004:00003350       Graphics..12
 0004:00003354       Graphics.ScreenLogPixels
 0004:00003358       Graphics.StockPen
 0004:0000335C       Graphics.StockBrush
 0004:00003360       Graphics.StockFont
 0004:00003364       Graphics.StockIcon
 0004:00003368       Graphics.BitmapImageLock
 0004:00003380       Graphics.CounterLock
 0004:00003398       Graphics.FontManager
 0004:0000339C       Graphics.PenManager
 0004:000033A0       Graphics.BrushManager
 0004:000033A4       Graphics.CanvasList
 0004:000033A8       Graphics.PatternManager
 0004:000033AC       UxTheme.OpenThemeData
 0004:000033B0       UxTheme.CloseThemeData
 0004:000033B4       UxTheme.DrawThemeBackground
 0004:000033B8       UxTheme.DrawThemeText
 0004:000033BC       UxTheme.GetThemeBackgroundContentRect
 0004:000033C0       UxTheme.GetThemeBackgroundExtent
 0004:000033C4       UxTheme.GetThemePartSize
 0004:000033C8       UxTheme.GetThemeTextExtent
 0004:000033CC       UxTheme.GetThemeTextMetrics
 0004:000033D0       UxTheme.GetThemeBackgroundRegion
 0004:000033D4       UxTheme.HitTestThemeBackground
 0004:000033D8       UxTheme.DrawThemeEdge
 0004:000033DC       UxTheme.DrawThemeIcon
 0004:000033E0       UxTheme.IsThemePartDefined
 0004:000033E4       UxTheme.IsThemeBackgroundPartiallyTransparent
 0004:000033E8       UxTheme.GetThemeColor
 0004:000033EC       UxTheme.GetThemeMetric
 0004:000033F0       UxTheme.GetThemeString
 0004:000033F4       UxTheme.GetThemeBool
 0004:000033F8       UxTheme.GetThemeInt
 0004:000033FC       UxTheme.GetThemeEnumValue
 0004:00003400       UxTheme.GetThemePosition
 0004:00003404       UxTheme.GetThemeFont
 0004:00003408       UxTheme.GetThemeRect
 0004:0000340C       UxTheme.GetThemeMargins
 0004:00003410       UxTheme.GetThemeIntList
 0004:00003414       UxTheme.GetThemePropertyOrigin
 0004:00003418       UxTheme.SetWindowTheme
 0004:0000341C       UxTheme.GetThemeFilename
 0004:00003420       UxTheme.GetThemeSysColor
 0004:00003424       UxTheme.GetThemeSysColorBrush
 0004:00003428       UxTheme.GetThemeSysBool
 0004:0000342C       UxTheme.GetThemeSysSize
 0004:00003430       UxTheme.GetThemeSysFont
 0004:00003434       UxTheme.GetThemeSysString
 0004:00003438       UxTheme.GetThemeSysInt
 0004:0000343C       UxTheme.IsThemeActive
 0004:00003440       UxTheme.IsAppThemed
 0004:00003444       UxTheme.GetWindowTheme
 0004:00003448       UxTheme.EnableThemeDialogTexture
 0004:0000344C       UxTheme.IsThemeDialogTextureEnabled
 0004:00003450       UxTheme.GetThemeAppProperties
 0004:00003454       UxTheme.SetThemeAppProperties
 0004:00003458       UxTheme.GetCurrentThemeName
 0004:0000345C       UxTheme.GetThemeDocumentationProperty
 0004:00003460       UxTheme.DrawThemeParentBackground
 0004:00003464       UxTheme.EnableTheming
 0004:00003468       UxTheme..1
 0004:0000346C       UxTheme.ThemeLibrary
 0004:00003470       UxTheme.ReferenceCount
 0004:00003474       UxTheme.Lock
 0004:00003478       Printers..3
 0004:0000347C       GraphUtil..2
 0004:00003480       ExtCtrls.TCustomTrayIcon.RM_TaskbarCreated
 0004:00003484       ExtCtrls..83
 0004:00003488       Dialogs..11
 0004:0000348C       Dialogs.HelpMsg
 0004:00003490       Dialogs.FindMsg
 0004:00003494       Dialogs.ButtonWidths
 0004:000034C0       Clipbrd.CF_PICTURE
 0004:000034C2       Clipbrd.CF_COMPONENT
 0004:000034C4       Clipbrd..2
 0004:000034C8       Clipbrd.FClipboard
 0004:000034CC       FlatSB.FlatSB_EnableScrollBar
 0004:000034D0       FlatSB.FlatSB_ShowScrollBar
 0004:000034D4       FlatSB.FlatSB_GetScrollRange
 0004:000034D8       FlatSB.FlatSB_GetScrollInfo
 0004:000034DC       FlatSB.FlatSB_GetScrollPos
 0004:000034E0       FlatSB.FlatSB_SetScrollPos
 0004:000034E4       FlatSB.FlatSB_SetScrollInfo
 0004:000034E8       FlatSB.FlatSB_SetScrollRange
 0004:000034EC       FlatSB..1
 0004:000034F0       FlatSB._FlatSB_GetScrollProp
 0004:000034F4       FlatSB._FlatSB_SetScrollProp
 0004:000034F8       FlatSB._InitializeFlatSB
 0004:000034FC       FlatSB._UninitializeFlatSB
 0004:00003500       Themes..2
 0004:00003504       Themes.InternalServices
 0004:00003508       Menus.PopupList
 0004:0000350C       Menus.ShortCutItems
 0004:00003510       Menus..01
 0004:00003514       Menus.CommandPool
 0004:00003518       Controls.Mouse
 0004:0000351C       Controls.IsVCLControlHook
 0004:00003524       Controls.NewStyleControls
 0004:00003528       Controls..33
 0004:0000352C       Controls.WindowAtom
 0004:0000352E       Controls.ControlAtom
 0004:00003530       Controls.WindowAtomString
 0004:00003534       Controls.ControlAtomString
 0004:00003538       Controls.RM_GetObjectInstance
 0004:0000353C       Controls.DragControl
 0004:00003540       Controls.DragObject
 0004:00003544       Controls.DragInternalObject
 0004:00003548       Controls.DragCapture
 0004:0000354C       Controls.DragStartPos
 0004:00003554       Controls.DragSaveCursor
 0004:00003558       Controls.DragThreshold
 0004:0000355C       Controls.ActiveDrag
 0004:00003560       Controls.DragImageList
 0004:00003564       Controls.DockSiteList
 0004:00003568       Controls.QualifyingSites
 0004:0000356C       Controls.DragSave
 0004:00003570       Controls.CanvasList
 0004:00003574       Controls._WINNLSEnableIME
 0004:00003578       Controls._ImmGetContext
 0004:0000357C       Controls._ImmReleaseContext
 0004:00003580       Controls._ImmGetConversionStatus
 0004:00003584       Controls._ImmSetConversionStatus
 0004:00003588       Controls._ImmSetOpenStatus
 0004:0000358C       Controls._ImmSetCompositionWindow
 0004:00003590       Controls._ImmSetCompositionFont
 0004:00003594       Controls._ImmGetCompositionString
 0004:00003598       Controls._ImmIsIME
 0004:0000359C       Controls._ImmNotifyIME
 0004:000035A0       ImgList.CachedComCtrlVer
 0004:000035A4       ImgList.ImageListWriteExProc
 0004:000035A8       ActnList..9
 0004:000035AC       Forms.Application
 0004:000035B0       Forms.Screen
 0004:000035B4       Forms..41
 0004:000035B8       Forms.RM_TaskbarCreated
 0004:000035BC       Forms.HintThreadID
 0004:000035C0       Forms.HintDoneEvent
 0004:000035C4       Forms.HintHook
 0004:000035C8       Forms.HintThread
 0004:000035CC       Forms.IdleTimerHandle
 0004:000035D0       ComObj..41
 0004:000035D4       ComObj.OleUninitializing
 0004:000035D8       ComObj.ComClassManagerVar
 0004:000035DC       ComObj.SaveInitProc
 0004:000035E0       ComObj.NeedToUninitialize
 0004:000035E4       OleServer..3
 0004:000035E8       Unit1.Form1
 0004:000035EC       Unit1._uTemplate
 0004:000035F0       Unit1..2
 0005:00000000       System.RaiseListPtr
 0005:00000004       System.InOutRes
 0005:00000008       Classes.GlobalLoaded
 0005:0000000C       Classes.GlobalLists
 0005:00000010       GraphUtil.CachedHighlightLum
 0005:00000014       GraphUtil.CachedHighlightColor
 0005:00000018       GraphUtil.CachedHighlight
 0005:0000001C       GraphUtil.CachedShadowLum
 0005:00000020       GraphUtil.CachedShadowColor
 0005:00000024       GraphUtil.CachedShadow
 0005:00000028       GraphUtil.CachedColorValue
 0005:0000002C       GraphUtil.CachedLumValue
 0005:00000030       GraphUtil.CachedColorAdjustLuma
 0005:00000034       SysInit.TlsLast


Line numbers for threaddinamic(threaddinamic.pas) segment .text

    81 0001:00000000

Line numbers for Unit1(Unit1.pas) segment .text

    45 0001:00061820    46 0001:00061824    47 0001:0006182A    48 0001:0006184D
    50 0001:00061869    51 0001:00061873    54 0001:00061883    55 0001:0006188D
    58 0001:000618C0    59 0001:000618C4    60 0001:000618D1    61 0001:000618D7
    62 0001:000618FA    64 0001:00061910    67 0001:0006191D    68 0001:00061927
    74 0001:00061960    79 0001:0006197A    82 0001:000619CB    84 0001:000619E1
    87 0001:000619ED    88 0001:000619FF    90 0001:00061A0B    91 0001:00061A15
    97 0001:00061AA8    98 0001:00061AC2    99 0001:00061ACA   100 0001:00061AE4
   101 0001:00061B0F   102 0001:00061B1D   105 0001:00061B4C   106 0001:00061B50
   107 0001:00061B56   108 0001:00061B79   110 0001:00061B95   111 0001:00061B9F
   114 0001:00061BAF   115 0001:00061BB9

Line numbers for Unit1(Unit1.pas) segment .itext

   117 0002:0000074C

Line numbers for Project1(E:\Eduardo\7x\Henry7x\SDK\Delphi\Hamster\Project1.dpr) segment .itext

     9 0002:00000754    10 0002:00000764    11 0002:00000770    12 0002:00000788
    13 0002:00000794

Bound resource files

c:\arquivos de programas\borland\bds\4.0\lib\Controls.res
Unit1.dfm
Project1.res
Project1.drf


Program entry point at 0002:00000754
