
 Start         Length     Name                   Class
 0001:00401000 00076CD0H .text                   CODE
 0002:00478000 0000082CH .itext                  ICODE
 0003:00479000 00001EA4H .data                   DATA
 0004:0047B000 00004D84H .bss                    BSS
 0005:00000000 00000034H .tls                    TLS


Detailed map of segments

 0001:00000000 00005A79 C=CODE     S=.text    G=(none)   M=System   ACBP=A9
 0001:00005A7C 00000105 C=CODE     S=.text    G=(none)   M=SysInit  ACBP=A9
 0001:00005B84 00000070 C=CODE     S=.text    G=(none)   M=Types    ACBP=A9
 0001:00005BF4 00000C2C C=CODE     S=.text    G=(none)   M=Windows  ACBP=A9
 0001:00006820 000000AE C=CODE     S=.text    G=(none)   M=ActiveX  ACBP=A9
 0001:000068D0 000002E0 C=CODE     S=.text    G=(none)   M=SysConst ACBP=A9
 0001:00006BB0 00006F55 C=CODE     S=.text    G=(none)   M=SysUtils ACBP=A9
 0001:0000DB08 000007EE C=CODE     S=.text    G=(none)   M=VarUtils ACBP=A9
 0001:0000E2F8 00005A78 C=CODE     S=.text    G=(none)   M=Variants ACBP=A9
 0001:00013D70 000000F8 C=CODE     S=.text    G=(none)   M=RTLConsts ACBP=A9
 0001:00013E68 00000887 C=CODE     S=.text    G=(none)   M=TypInfo  ACBP=A9
 0001:000146F0 00009D9D C=CODE     S=.text    G=(none)   M=Classes  ACBP=A9
 0001:0001E490 00000191 C=CODE     S=.text    G=(none)   M=Contnrs  ACBP=A9
 0001:0001E624 0000125E C=CODE     S=.text    G=(none)   M=HelpIntfs ACBP=A9
 0001:0001F884 00000772 C=CODE     S=.text    G=(none)   M=MultiMon ACBP=A9
 0001:0001FFF8 000001D8 C=CODE     S=.text    G=(none)   M=CommCtrl ACBP=A9
 0001:000201D0 00000310 C=CODE     S=.text    G=(none)   M=Consts   ACBP=A9
 0001:000204E0 0000005D C=CODE     S=.text    G=(none)   M=IniFiles ACBP=A9
 0001:00020540 000005C5 C=CODE     S=.text    G=(none)   M=Registry ACBP=A9
 0001:00020B08 0000924E C=CODE     S=.text    G=(none)   M=Graphics ACBP=A9
 0001:00029D58 0000016A C=CODE     S=.text    G=(none)   M=SyncObjs ACBP=A9
 0001:00029EC4 00000BB9 C=CODE     S=.text    G=(none)   M=UxTheme  ACBP=A9
 0001:0002AA80 00000194 C=CODE     S=.text    G=(none)   M=DwmApi   ACBP=A9
 0001:0002AC14 0000B78D C=CODE     S=.text    G=(none)   M=StdCtrls ACBP=A9
 0001:000363A4 0000003A C=CODE     S=.text    G=(none)   M=Printers ACBP=A9
 0001:000363E0 00000047 C=CODE     S=.text    G=(none)   M=WideStrUtils ACBP=A9
 0001:00036428 00000D76 C=CODE     S=.text    G=(none)   M=GraphUtil ACBP=A9
 0001:000371A0 0000244E C=CODE     S=.text    G=(none)   M=ExtCtrls ACBP=A9
 0001:000395F0 00001A80 C=CODE     S=.text    G=(none)   M=Dialogs  ACBP=A9
 0001:0003B070 0000003A C=CODE     S=.text    G=(none)   M=Clipbrd  ACBP=A9
 0001:0003B0AC 0000012D C=CODE     S=.text    G=(none)   M=StdActns ACBP=A9
 0001:0003B1DC 0000030E C=CODE     S=.text    G=(none)   M=FlatSB   ACBP=A9
 0001:0003B4EC 00000EAA C=CODE     S=.text    G=(none)   M=Themes   ACBP=A9
 0001:0003C398 00006A81 C=CODE     S=.text    G=(none)   M=Menus    ACBP=A9
 0001:00042E1C 000142C0 C=CODE     S=.text    G=(none)   M=Controls ACBP=A9
 0001:000570DC 00001B6D C=CODE     S=.text    G=(none)   M=ImgList  ACBP=A9
 0001:00058C4C 00001332 C=CODE     S=.text    G=(none)   M=ActnList ACBP=A9
 0001:00059F80 0000F060 C=CODE     S=.text    G=(none)   M=Forms    ACBP=A9
 0001:00068FE0 00001A0E C=CODE     S=.text    G=(none)   M=CheckLst ACBP=A9
 0001:0006A9F0 00002C0D C=CODE     S=.text    G=(none)   M=Buttons  ACBP=A9
 0001:0006D600 0000007C C=CODE     S=.text    G=(none)   M=ExtDlgs  ACBP=A9
 0001:0006D67C 00000062 C=CODE     S=.text    G=(none)   M=Mapi     ACBP=A9
 0001:0006D6E0 0000004D C=CODE     S=.text    G=(none)   M=ExtActns ACBP=A9
 0001:0006D730 00000040 C=CODE     S=.text    G=(none)   M=ComStrs  ACBP=A9
 0001:0006D770 00003CD8 C=CODE     S=.text    G=(none)   M=ComCtrls ACBP=A9
 0001:00071448 00001A43 C=CODE     S=.text    G=(none)   M=Spin     ACBP=A9
 0001:00072E8C 00000028 C=CODE     S=.text    G=(none)   M=ComConst ACBP=A9
 0001:00072EB4 000012A7 C=CODE     S=.text    G=(none)   M=ComObj   ACBP=A9
 0001:0007415C 00000008 C=CODE     S=.text    G=(none)   M=OleConst ACBP=A9
 0001:00074164 000008FA C=CODE     S=.text    G=(none)   M=OleServer ACBP=A9
 0001:00074A60 00000E44 C=CODE     S=.text    G=(none)   M=Kernel7x_TLB ACBP=A9
 0001:000758A4 00000316 C=CODE     S=.text    G=(none)   M=Unit2    ACBP=A9
 0001:00075BBC 00000EAC C=CODE     S=.text    G=(none)   M=Unit1    ACBP=A9
 0001:00076A68 00000268 C=CODE     S=.text    G=(none)   M=ExemploOnOff ACBP=A9
 0002:00000000 00000095 C=ICODE    S=.itext   G=(none)   M=System   ACBP=A9
 0002:00000098 00000011 C=ICODE    S=.itext   G=(none)   M=Windows  ACBP=A9
 0002:000000AC 00000088 C=ICODE    S=.itext   G=(none)   M=SysUtils ACBP=A9
 0002:00000134 0000000F C=ICODE    S=.itext   G=(none)   M=VarUtils ACBP=A9
 0002:00000144 000000AA C=ICODE    S=.itext   G=(none)   M=Variants ACBP=A9
 0002:000001F0 00000008 C=ICODE    S=.itext   G=(none)   M=TypInfo  ACBP=A9
 0002:000001F8 00000092 C=ICODE    S=.itext   G=(none)   M=Classes  ACBP=A9
 0002:0000028C 00000008 C=ICODE    S=.itext   G=(none)   M=HelpIntfs ACBP=A9
 0002:00000294 0000000F C=ICODE    S=.itext   G=(none)   M=MultiMon ACBP=A9
 0002:000002A4 00000008 C=ICODE    S=.itext   G=(none)   M=IniFiles ACBP=A9
 0002:000002AC 00000008 C=ICODE    S=.itext   G=(none)   M=Registry ACBP=A9
 0002:000002B4 000000FB C=ICODE    S=.itext   G=(none)   M=Graphics ACBP=A9
 0002:000003B0 0000001B C=ICODE    S=.itext   G=(none)   M=UxTheme  ACBP=A9
 0002:000003CC 00000008 C=ICODE    S=.itext   G=(none)   M=DwmApi   ACBP=A9
 0002:000003D4 00000008 C=ICODE    S=.itext   G=(none)   M=Printers ACBP=A9
 0002:000003DC 00000086 C=ICODE    S=.itext   G=(none)   M=GraphUtil ACBP=A9
 0002:00000464 00000044 C=ICODE    S=.itext   G=(none)   M=ExtCtrls ACBP=A9
 0002:000004A8 0000003D C=ICODE    S=.itext   G=(none)   M=Dialogs  ACBP=A9
 0002:000004E8 00000058 C=ICODE    S=.itext   G=(none)   M=Clipbrd  ACBP=A9
 0002:00000540 0000000F C=ICODE    S=.itext   G=(none)   M=FlatSB   ACBP=A9
 0002:00000550 00000008 C=ICODE    S=.itext   G=(none)   M=Themes   ACBP=A9
 0002:00000558 00000085 C=ICODE    S=.itext   G=(none)   M=Menus    ACBP=A9
 0002:000005E0 0000008F C=ICODE    S=.itext   G=(none)   M=Controls ACBP=A9
 0002:00000670 0000002A C=ICODE    S=.itext   G=(none)   M=ActnList ACBP=A9
 0002:0000069C 00000070 C=ICODE    S=.itext   G=(none)   M=Forms    ACBP=A9
 0002:0000070C 0000000F C=ICODE    S=.itext   G=(none)   M=CheckLst ACBP=A9
 0002:0000071C 00000025 C=ICODE    S=.itext   G=(none)   M=Buttons  ACBP=A9
 0002:00000744 00000014 C=ICODE    S=.itext   G=(none)   M=ExtDlgs  ACBP=A9
 0002:00000758 00000008 C=ICODE    S=.itext   G=(none)   M=Mapi     ACBP=A9
 0002:00000760 00000008 C=ICODE    S=.itext   G=(none)   M=ExtActns ACBP=A9
 0002:00000768 00000008 C=ICODE    S=.itext   G=(none)   M=ComCtrls ACBP=A9
 0002:00000770 00000055 C=ICODE    S=.itext   G=(none)   M=ComObj   ACBP=A9
 0002:000007C8 0000001A C=ICODE    S=.itext   G=(none)   M=OleServer ACBP=A9
 0002:000007E4 00000045 C=ICODE    S=.itext   G=(none)   M=ExemploOnOff ACBP=A9
 0003:00000000 00000788 C=DATA     S=.data    G=DGROUP   M=System   ACBP=A9
 0003:00000788 00000020 C=DATA     S=.data    G=DGROUP   M=SysInit  ACBP=A9
 0003:000007A8 00000010 C=DATA     S=.data    G=DGROUP   M=ActiveX  ACBP=A9
 0003:000007B8 00000250 C=DATA     S=.data    G=DGROUP   M=SysUtils ACBP=A9
 0003:00000A08 00000008 C=DATA     S=.data    G=DGROUP   M=VarUtils ACBP=A9
 0003:00000A10 0000008E C=DATA     S=.data    G=DGROUP   M=Variants ACBP=A9
 0003:00000AA0 0000000C C=DATA     S=.data    G=DGROUP   M=TypInfo  ACBP=A9
 0003:00000AAC 00000064 C=DATA     S=.data    G=DGROUP   M=Classes  ACBP=A9
 0003:00000B10 00000008 C=DATA     S=.data    G=DGROUP   M=IniFiles ACBP=A9
 0003:00000B18 00000008 C=DATA     S=.data    G=DGROUP   M=Registry ACBP=A9
 0003:00000B20 0000030C C=DATA     S=.data    G=DGROUP   M=Graphics ACBP=A9
 0003:00000E2C 00000144 C=DATA     S=.data    G=DGROUP   M=StdCtrls ACBP=A9
 0003:00000F70 00000004 C=DATA     S=.data    G=DGROUP   M=Printers ACBP=A9
 0003:00000F74 00000450 C=DATA     S=.data    G=DGROUP   M=GraphUtil ACBP=A9
 0003:000013C4 00000020 C=DATA     S=.data    G=DGROUP   M=ExtCtrls ACBP=A9
 0003:000013E4 000000CC C=DATA     S=.data    G=DGROUP   M=Dialogs  ACBP=A9
 0003:000014B0 00000068 C=DATA     S=.data    G=DGROUP   M=Themes   ACBP=A9
 0003:00001518 000000F4 C=DATA     S=.data    G=DGROUP   M=Menus    ACBP=A9
 0003:0000160C 0000013C C=DATA     S=.data    G=DGROUP   M=Controls ACBP=A9
 0003:00001748 00000020 C=DATA     S=.data    G=DGROUP   M=ImgList  ACBP=A9
 0003:00001768 0000012C C=DATA     S=.data    G=DGROUP   M=Forms    ACBP=A9
 0003:00001894 00000046 C=DATA     S=.data    G=DGROUP   M=Buttons  ACBP=A9
 0003:000018DC 00000018 C=DATA     S=.data    G=DGROUP   M=ExtDlgs  ACBP=A9
 0003:000018F4 00000008 C=DATA     S=.data    G=DGROUP   M=Mapi     ACBP=A9
 0003:000018FC 00000064 C=DATA     S=.data    G=DGROUP   M=ComCtrls ACBP=A9
 0003:00001960 00000030 C=DATA     S=.data    G=DGROUP   M=ComObj   ACBP=A9
 0003:00001990 0000003C C=DATA     S=.data    G=DGROUP   M=Kernel7x_TLB ACBP=A9
 0004:00000000 000027F4 C=BSS      S=.bss     G=DGROUP   M=System   ACBP=A9
 0004:000027F4 0000000C C=BSS      S=.bss     G=DGROUP   M=SysInit  ACBP=A9
 0004:00002800 00000008 C=BSS      S=.bss     G=DGROUP   M=Windows  ACBP=A9
 0004:00002808 00002108 C=BSS      S=.bss     G=DGROUP   M=SysUtils ACBP=A9
 0004:00004910 0000005C C=BSS      S=.bss     G=DGROUP   M=VarUtils ACBP=A9
 0004:0000496C 00000040 C=BSS      S=.bss     G=DGROUP   M=Variants ACBP=A9
 0004:000049AC 00000004 C=BSS      S=.bss     G=DGROUP   M=TypInfo  ACBP=A9
 0004:000049B0 00000040 C=BSS      S=.bss     G=DGROUP   M=Classes  ACBP=A9
 0004:000049F0 00000008 C=BSS      S=.bss     G=DGROUP   M=HelpIntfs ACBP=A9
 0004:000049F8 00000031 C=BSS      S=.bss     G=DGROUP   M=MultiMon ACBP=A9
 0004:00004A2C 0000000C C=BSS      S=.bss     G=DGROUP   M=CommCtrl ACBP=A9
 0004:00004A38 00000004 C=BSS      S=.bss     G=DGROUP   M=IniFiles ACBP=A9
 0004:00004A3C 00000004 C=BSS      S=.bss     G=DGROUP   M=Registry ACBP=A9
 0004:00004A40 00000060 C=BSS      S=.bss     G=DGROUP   M=Graphics ACBP=A9
 0004:00004AA0 000000DC C=BSS      S=.bss     G=DGROUP   M=UxTheme  ACBP=A9
 0004:00004B7C 00000010 C=BSS      S=.bss     G=DGROUP   M=DwmApi   ACBP=A9
 0004:00004B8C 00000004 C=BSS      S=.bss     G=DGROUP   M=Printers ACBP=A9
 0004:00004B90 00000010 C=BSS      S=.bss     G=DGROUP   M=GraphUtil ACBP=A9
 0004:00004BA0 00000008 C=BSS      S=.bss     G=DGROUP   M=ExtCtrls ACBP=A9
 0004:00004BA8 00000038 C=BSS      S=.bss     G=DGROUP   M=Dialogs  ACBP=A9
 0004:00004BE0 0000000C C=BSS      S=.bss     G=DGROUP   M=Clipbrd  ACBP=A9
 0004:00004BEC 00000034 C=BSS      S=.bss     G=DGROUP   M=FlatSB   ACBP=A9
 0004:00004C20 0000000C C=BSS      S=.bss     G=DGROUP   M=Themes   ACBP=A9
 0004:00004C2C 00000010 C=BSS      S=.bss     G=DGROUP   M=Menus    ACBP=A9
 0004:00004C3C 00000088 C=BSS      S=.bss     G=DGROUP   M=Controls ACBP=A9
 0004:00004CC4 00000008 C=BSS      S=.bss     G=DGROUP   M=ImgList  ACBP=A9
 0004:00004CCC 00000004 C=BSS      S=.bss     G=DGROUP   M=ActnList ACBP=A9
 0004:00004CD0 00000031 C=BSS      S=.bss     G=DGROUP   M=Forms    ACBP=A9
 0004:00004D04 0000000C C=BSS      S=.bss     G=DGROUP   M=CheckLst ACBP=A9
 0004:00004D10 00000030 C=BSS      S=.bss     G=DGROUP   M=Buttons  ACBP=A9
 0004:00004D40 00000004 C=BSS      S=.bss     G=DGROUP   M=ExtDlgs  ACBP=A9
 0004:00004D44 00000004 C=BSS      S=.bss     G=DGROUP   M=Mapi     ACBP=A9
 0004:00004D48 00000009 C=BSS      S=.bss     G=DGROUP   M=ExtActns ACBP=A9
 0004:00004D54 0000000C C=BSS      S=.bss     G=DGROUP   M=ComCtrls ACBP=A9
 0004:00004D60 00000011 C=BSS      S=.bss     G=DGROUP   M=ComObj   ACBP=A9
 0004:00004D74 00000004 C=BSS      S=.bss     G=DGROUP   M=OleServer ACBP=A9
 0004:00004D78 00000004 C=BSS      S=.bss     G=DGROUP   M=Unit2    ACBP=A9
 0004:00004D7C 00000008 C=BSS      S=.bss     G=DGROUP   M=Unit1    ACBP=A9
 0005:00000000 00000008 C=TLS      S=.tls     G=(none)   M=System   ACBP=A9
 0005:00000008 00000008 C=TLS      S=.tls     G=(none)   M=Classes  ACBP=A9
 0005:00000010 00000024 C=TLS      S=.tls     G=(none)   M=GraphUtil ACBP=A9


  Address             Publics by Name

 0001:00006890       ActiveX.CoCreateInstance
 0001:00006880       ActiveX.CoInitialize
 0001:000068A8       ActiveX.CoTaskMemAlloc
 0001:000068B0       ActiveX.CoTaskMemFree
 0001:00006888       ActiveX.CoUninitialize
 0001:000068C0       ActiveX.GetActiveObject
 0001:000068C8       ActiveX.GetErrorInfo
 0003:000007A8       ActiveX.GUID_NULL
 0001:00006878       ActiveX.IsEqualIID
 0001:000068A0       ActiveX.ProgIDFromCLSID
 0001:00006898       ActiveX.StringFromCLSID
 0001:000068B8       ActiveX.SysFreeString
 0004:00004CCC       ActnList..9
 0001:00059074       ActnList..TActionLink
 0001:00058C4C       ActnList..TContainedAction
 0001:00058F6C       ActnList..TCustomAction
 0001:00058D70       ActnList..TCustomActionList
 0001:00058E50       ActnList..TShortCutList
 0002:00000670       ActnList.ActnList
 0001:00059F50       ActnList.Finalization
 0001:00059764       ActnList.TActionLink.IsCaptionLinked
 0001:00059778       ActnList.TActionLink.IsCheckedLinked
 0001:0005978C       ActnList.TActionLink.IsEnabledLinked
 0001:000597A0       ActnList.TActionLink.IsGroupIndexLinked
 0001:000597B4       ActnList.TActionLink.IsHelpContextLinked
 0001:000597C8       ActnList.TActionLink.IsHelpLinked
 0001:000597DC       ActnList.TActionLink.IsHintLinked
 0001:000597F0       ActnList.TActionLink.IsImageIndexLinked
 0001:00059804       ActnList.TActionLink.IsShortCutLinked
 0001:00059818       ActnList.TActionLink.IsVisibleLinked
 0001:0005982C       ActnList.TActionLink.SetAutoCheck
 0001:00059830       ActnList.TActionLink.SetCaption
 0001:00059834       ActnList.TActionLink.SetChecked
 0001:00059838       ActnList.TActionLink.SetEnabled
 0001:0005983C       ActnList.TActionLink.SetGroupIndex
 0001:00059840       ActnList.TActionLink.SetHelpContext
 0001:00059844       ActnList.TActionLink.SetHelpKeyword
 0001:00059848       ActnList.TActionLink.SetHelpType
 0001:0005984C       ActnList.TActionLink.SetHint
 0001:00059850       ActnList.TActionLink.SetImageIndex
 0001:00059854       ActnList.TActionLink.SetShortCut
 0001:00059858       ActnList.TActionLink.SetVisible
 0001:00059144       ActnList.TContainedAction.Destroy
 0001:000592B0       ActnList.TContainedAction.Execute
 0001:00059178       ActnList.TContainedAction.GetIndex
 0001:00059194       ActnList.TContainedAction.GetParentComponent
 0001:000591A4       ActnList.TContainedAction.HasParent
 0001:00059190       ActnList.TContainedAction.IsCategoryStored
 0001:000591B4       ActnList.TContainedAction.ReadState
 0001:0005925C       ActnList.TContainedAction.SetActionList
 0001:00059230       ActnList.TContainedAction.SetCategory
 0001:000591E8       ActnList.TContainedAction.SetIndex
 0001:00059284       ActnList.TContainedAction.SetParentComponent
 0001:00059308       ActnList.TContainedAction.Update
 0001:00059900       ActnList.TCustomAction.AssignTo
 0001:0005985C       ActnList.TCustomAction.Create
 0001:000598B0       ActnList.TCustomAction.Destroy
 0001:00059E20       ActnList.TCustomAction.DoHint
 0001:00059E48       ActnList.TCustomAction.Execute
 0001:00059EAC       ActnList.TCustomAction.GetSecondaryShortCuts
 0001:00059ED4       ActnList.TCustomAction.HandleShortCut
 0001:000599B0       ActnList.TCustomAction.SetCaption
 0001:00059A10       ActnList.TCustomAction.SetChecked
 0001:00059B18       ActnList.TCustomAction.SetEnabled
 0001:00059BFC       ActnList.TCustomAction.SetHelpContext
 0001:00059B94       ActnList.TCustomAction.SetHelpKeyword
 0001:00059C54       ActnList.TCustomAction.SetHint
 0001:00059CB4       ActnList.TCustomAction.SetImageIndex
 0001:00059DD4       ActnList.TCustomAction.SetName
 0001:00059D10       ActnList.TCustomAction.SetShortCut
 0001:00059D74       ActnList.TCustomAction.SetVisible
 0001:00059538       ActnList.TCustomActionList.AddAction
 0001:00059574       ActnList.TCustomActionList.Change
 0001:00059360       ActnList.TCustomActionList.Create
 0001:000593CC       ActnList.TCustomActionList.Destroy
 0001:00059680       ActnList.TCustomActionList.ExecuteAction
 0001:00059494       ActnList.TCustomActionList.GetAction
 0001:000594A8       ActnList.TCustomActionList.GetActionCount
 0001:0005941C       ActnList.TCustomActionList.GetChildren
 0001:000594E4       ActnList.TCustomActionList.ImageListChange
 0001:000595DC       ActnList.TCustomActionList.IsShortCut
 0001:000594F0       ActnList.TCustomActionList.Notification
 0001:00059558       ActnList.TCustomActionList.RemoveAction
 0001:00059464       ActnList.TCustomActionList.SetChildOrder
 0001:000594B0       ActnList.TCustomActionList.SetImages
 0001:000596C0       ActnList.TCustomActionList.SetState
 0001:000596A0       ActnList.TCustomActionList.UpdateAction
 0001:00059EE0       ActnList.TShortCutList.Add
 0001:00059F0C       ActnList.TShortCutList.IndexOfShortCut
 0004:00004D10       Buttons..5
 0001:0006B264       Buttons..TButtonGlyph
 0001:0006B20C       Buttons..TGlyphCache
 0001:0006B14C       Buttons..TGlyphList
 0001:0006AB60       Buttons..TSpeedButton
 0001:0006AA68       Buttons..TSpeedButtonActionLink
 0003:00001894       Buttons.BitBtnCaptions
 0004:00004D14       Buttons.BitBtnGlyphs
 0003:000018C4       Buttons.ButtonCount
 0002:0000071C       Buttons.Buttons
 0001:0006D530       Buttons.DestroyLocals
 0001:0006BEB8       Buttons.DoDrawText
 0003:000018C8       Buttons.DownStyles
 0003:000018D0       Buttons.FillStyles
 0001:0006D5C8       Buttons.Finalization
 0003:000018C0       Buttons.GlyphCache
 0003:000018D8       Buttons.NewState
 0001:0006C118       Buttons.TButtonGlyph.CalcButtonLayout
 0001:0006B4F0       Buttons.TButtonGlyph.Create
 0001:0006B6F0       Buttons.TButtonGlyph.CreateButtonGlyph
 0001:0006B580       Buttons.TButtonGlyph.Destroy
 0001:0006C45C       Buttons.TButtonGlyph.Draw
 0001:0006BCC4       Buttons.TButtonGlyph.DrawButtonGlyph
 0001:0006BF9C       Buttons.TButtonGlyph.DrawButtonText
 0001:0006B620       Buttons.TButtonGlyph.GlyphChanged
 0001:0006B5DC       Buttons.TButtonGlyph.Invalidate
 0001:0006B650       Buttons.TButtonGlyph.SetGlyph
 0001:0006B6C8       Buttons.TButtonGlyph.SetNumGlyphs
 0001:0006B3EC       Buttons.TGlyphCache.Create
 0001:0006B430       Buttons.TGlyphCache.Destroy
 0001:0006B4E4       Buttons.TGlyphCache.Empty
 0001:0006B460       Buttons.TGlyphCache.GetList
 0001:0006B4C0       Buttons.TGlyphCache.ReturnList
 0001:0006B390       Buttons.TGlyphList.AddMasked
 0001:0006B344       Buttons.TGlyphList.AllocateIndex
 0001:0006B2C0       Buttons.TGlyphList.CreateSize
 0001:0006B3BC       Buttons.TGlyphList.Delete
 0001:0006B314       Buttons.TGlyphList.Destroy
 0001:0006D45C       Buttons.TSpeedButton.ActionChange
 0001:0006CF28       Buttons.TSpeedButton.Click
 0001:0006D1AC       Buttons.TSpeedButton.CMButtonPressed
 0001:0006D220       Buttons.TSpeedButton.CMDialogChar
 0001:0006D178       Buttons.TSpeedButton.CMEnabledChanged
 0001:0006D2B8       Buttons.TSpeedButton.CMFontChanged
 0001:0006D2FC       Buttons.TSpeedButton.CMMouseEnter
 0001:0006D370       Buttons.TSpeedButton.CMMouseLeave
 0001:0006D2D8       Buttons.TSpeedButton.CMSysColorChange
 0001:0006D2C8       Buttons.TSpeedButton.CMTextChanged
 0001:0006D3D8       Buttons.TSpeedButton.CopyImage
 0001:0006C688       Buttons.TSpeedButton.Create
 0001:0006C748       Buttons.TSpeedButton.Destroy
 0001:0006CF44       Buttons.TSpeedButton.GetActionLinkClass
 0001:0006CF4C       Buttons.TSpeedButton.GetGlyph
 0001:0006CF74       Buttons.TSpeedButton.GetNumGlyphs
 0001:0006CF30       Buttons.TSpeedButton.GetPalette
 0001:0006CFB0       Buttons.TSpeedButton.GlyphChanged
 0001:0006CCF8       Buttons.TSpeedButton.Loaded
 0001:0006CD24       Buttons.TSpeedButton.MouseDown
 0001:0006CD80       Buttons.TSpeedButton.MouseMove
 0001:0006CE28       Buttons.TSpeedButton.MouseUp
 0001:0006C780       Buttons.TSpeedButton.Paint
 0001:0006D140       Buttons.TSpeedButton.SetAllowAllUp
 0001:0006CFF8       Buttons.TSpeedButton.SetDown
 0001:0006D068       Buttons.TSpeedButton.SetFlat
 0001:0006CF58       Buttons.TSpeedButton.SetGlyph
 0001:0006D088       Buttons.TSpeedButton.SetGroupIndex
 0001:0006D09C       Buttons.TSpeedButton.SetLayout
 0001:0006D0BC       Buttons.TSpeedButton.SetMargin
 0001:0006CF80       Buttons.TSpeedButton.SetNumGlyphs
 0001:0006D0E0       Buttons.TSpeedButton.SetSpacing
 0001:0006D100       Buttons.TSpeedButton.SetTransparent
 0001:0006CFC0       Buttons.TSpeedButton.UpdateExclusive
 0001:0006CC94       Buttons.TSpeedButton.UpdateTracking
 0001:0006D154       Buttons.TSpeedButton.WMLButtonDblClk
 0001:0006C4D0       Buttons.TSpeedButtonActionLink.AssignClient
 0001:0006C4F4       Buttons.TSpeedButtonActionLink.Create
 0001:0006C530       Buttons.TSpeedButtonActionLink.IsCheckedLinked
 0001:0006C57C       Buttons.TSpeedButtonActionLink.IsGroupIndexLinked
 0001:0006C5AC       Buttons.TSpeedButtonActionLink.IsImageIndexLinked
 0001:0006C5DC       Buttons.TSpeedButtonActionLink.SetChecked
 0001:0006C5FC       Buttons.TSpeedButtonActionLink.SetGroupIndex
 0001:0006C61C       Buttons.TSpeedButtonActionLink.SetImageIndex
 0004:00004D04       CheckLst..2
 0001:00068FE0       CheckLst..TCheckListBox
 0001:00069B48       CheckLst..TCheckListBoxDataWrapper
 0002:0000070C       CheckLst.CheckLst
 0004:00004D0C       CheckLst.FCheckHeight
 0004:00004D08       CheckLst.FCheckWidth
 0001:0006A9C0       CheckLst.Finalization
 0001:00069BB0       CheckLst.GetCheckSize
 0001:0006A600       CheckLst.TCheckListBox.ClickCheck
 0001:00069D38       CheckLst.TCheckListBox.CMFontChanged
 0001:00069F50       CheckLst.TCheckListBox.CNDrawItem
 0001:00069C40       CheckLst.TCheckListBox.Create
 0001:00069D14       CheckLst.TCheckListBox.CreateParams
 0001:00069D00       CheckLst.TCheckListBox.CreateWnd
 0001:0006A6D4       CheckLst.TCheckListBox.CreateWrapper
 0001:0006A8FC       CheckLst.TCheckListBox.DeleteString
 0001:00069CA4       CheckLst.TCheckListBox.Destroy
 0001:00069FAC       CheckLst.TCheckListBox.DrawCheck
 0001:00069DA8       CheckLst.TCheckListBox.DrawItem
 0001:0006A668       CheckLst.TCheckListBox.ExtractWrapper
 0001:0006A2C0       CheckLst.TCheckListBox.GetChecked
 0001:00069D2C       CheckLst.TCheckListBox.GetCheckWidth
 0001:0006A968       CheckLst.TCheckListBox.GetHeader
 0001:0006A620       CheckLst.TCheckListBox.GetItemData
 0001:0006A2EC       CheckLst.TCheckListBox.GetItemEnabled
 0001:0006A318       CheckLst.TCheckListBox.GetState
 0001:0006A648       CheckLst.TCheckListBox.GetWrapper
 0001:0006A714       CheckLst.TCheckListBox.HaveWrapper
 0001:0006A6C4       CheckLst.TCheckListBox.InternalGetItemData
 0001:0006A6CC       CheckLst.TCheckListBox.InternalSetItemData
 0001:0006A23C       CheckLst.TCheckListBox.InvalidateCheck
 0001:0006A348       CheckLst.TCheckListBox.KeyPress
 0001:0006A374       CheckLst.TCheckListBox.LoadRecreateItems
 0001:0006A4BC       CheckLst.TCheckListBox.MouseDown
 0001:0006A758       CheckLst.TCheckListBox.ResetContent
 0001:00069D4C       CheckLst.TCheckListBox.ResetItemHeight
 0001:0006A7B8       CheckLst.TCheckListBox.SaveRecreateItems
 0001:0006A950       CheckLst.TCheckListBox.SetFlat
 0001:0006A990       CheckLst.TCheckListBox.SetHeaderBackgroundColor
 0001:0006A9A8       CheckLst.TCheckListBox.SetHeaderColor
 0001:0006A72C       CheckLst.TCheckListBox.SetItemData
 0001:0006A20C       CheckLst.TCheckListBox.SetState
 0001:0006A590       CheckLst.TCheckListBox.ToggleClickCheck
 0001:00069C34       CheckLst.TCheckListBoxDataWrapper.GetChecked
 0001:00069C3C       CheckLst.TCheckListBoxDataWrapper.GetDefaultState
 0004:000049BC       Classes..95
 0001:00014C90       Classes..EBitsError
 0001:00014B80       Classes..EClassNotFound
 0001:00014D48       Classes..EComponentError
 0001:000149C4       Classes..EFCreateError
 0001:00014A78       Classes..EFilerError
 0001:00014964       Classes..EFileStreamError
 0001:00014A20       Classes..EFOpenError
 0001:00014E00       Classes..EInvalidOperation
 0001:00014C38       Classes..EListError
 0001:00014DA4       Classes..EOutOfResources
 0001:00014AD0       Classes..EReadError
 0001:00014BDC       Classes..EResNotFound
 0001:00014908       Classes..EStreamError
 0001:00014CE8       Classes..EStringListError
 0001:0001596C       Classes..EThread
 0001:00014B28       Classes..EWriteError
 0001:00015C94       Classes..TBasicAction
 0001:00015C14       Classes..TBasicActionLink
 0001:00014F1C       Classes..TBits
 0001:00015818       Classes..TClassFinder
 0001:00015AB4       Classes..TComponent
 0001:0001550C       Classes..TCustomMemoryStream
 0001:00015874       Classes..TFiler
 0001:00015484       Classes..TFileStream
 0001:0001540C       Classes..THandleStream
 0001:00016B3C       Classes..TIntConst
 0001:00015060       Classes..TInterfacedPersistent
 0001:00014E60       Classes..TList
 0001:00015588       Classes..TMemoryStream
 0001:00014F70       Classes..TPersistent
 0001:00019C1C       Classes..TPropFixup
 0001:00019C94       Classes..TPropIntfFixup
 0001:000158D8       Classes..TReader
 0001:00015E18       Classes..TRegGroup
 0001:00015E70       Classes..TRegGroups
 0001:00015604       Classes..TResourceStream
 0001:0001539C       Classes..TStream
 0001:00015790       Classes..TStreamAdapter
 0001:00015284       Classes..TStringList
 0001:0001514C       Classes..TStrings
 0001:00014EC4       Classes..TThreadList
 0001:00016AE0       Classes.ActivateClassGroup
 0003:00000AAC       Classes.AddDataModule
 0001:00019EF4       Classes.AddFinished
 0001:00019F2C       Classes.AddNotFinished
 0001:0001AAA0       Classes.AddSubComponentsToLoaded
 0001:0001E304       Classes.AllocateHWnd
 0003:00000ABC       Classes.ApplicationHandleException
 0003:00000AC4       Classes.ApplicationShowException
 0001:00016E38       Classes.BeginGlobalLoading
 0003:00000AE4       Classes.BlockCode
 0001:00015DDC       Classes.Bounds
 0001:0001E240       Classes.CalcJmpOffset
 0001:0001AADC       Classes.CheckSubComponents
 0001:0001CFB0       Classes.CheckSynchronize
 0002:000001F8       Classes.Classes
 0001:000168A4       Classes.ClassNotFound
 0001:0001ABBC       Classes.ComponentCreated
 0001:0001AC3C       Classes.CreateComponent
 0001:0001E3B8       Classes.DeallocateHWnd
 0001:0001CF70       Classes.DoneThreadSynchronization
 0001:00017D00       Classes.DoWrite
 0001:00016EC0       Classes.EndGlobalLoading
 0001:00016444       Classes.Error
 0001:00019A54       Classes.Error
 0003:00000AD4       Classes.FilerSignature
 0001:0001E3E0       Classes.Finalization
 0001:00016964       Classes.FindClass
 0001:0001ADEC       Classes.FindExistingComponent
 0001:00016D50       Classes.FindGlobalComponent
 0004:000049C8       Classes.FindGlobalComponentProcs
 0001:00016BF8       Classes.FindIdentToInt
 0001:00019E28       Classes.FindNestedComponent
 0001:0001BD90       Classes.FindUniqueName
 0001:0001E1AC       Classes.FreeIntConstList
 0001:0001E2E0       Classes.FreeObjectInstance
 0001:00016910       Classes.GetClass
 0001:00016898       Classes.GetFieldClassTable
 0004:000049CC       Classes.GlobalFixupList
 0001:00019F74       Classes.GlobalFixupReferences
 0005:0000000C       Classes.GlobalLists
 0005:00000008       Classes.GlobalLoaded
 0004:000049B0       Classes.GlobalNameSpace
 0001:00016A8C       Classes.GroupDescendentsWith
 0001:0001B560       Classes.HandleException
 0001:00016C74       Classes.IdentToInt
 0001:00016F1C       Classes.InitComponent
 0001:00016FC4       Classes.InitInheritedComponent
 0001:0001CF3C       Classes.InitThreadSynchronization
 0004:000049E8       Classes.InstBlockList
 0004:000049EC       Classes.InstFreeList
 0004:000049C0       Classes.IntConstList
 0001:00016DB4       Classes.InternalReadComponentRes
 0001:00016CB4       Classes.IntToIdent
 0001:00015E04       Classes.InvalidPoint
 0001:00016D90       Classes.IsUniqueGlobalComponentName
 0004:000049B4       Classes.IsUniqueGlobalComponentNameProc
 0001:0001E248       Classes.MakeObjectInstance
 0001:00017684       Classes.Min
 0001:0001E218       Classes.ModuleUnload
 0003:00000AD8       Classes.NilMethod
 0001:00016E90       Classes.NotifyGlobalLoading
 0001:00015D8C       Classes.Point
 0001:000161D0       Classes.PointerInModule
 0001:0001A294       Classes.PropertyNotFound
 0001:0001B660       Classes.PropPathError
 0001:0001A288       Classes.PropValueError
 0001:00019244       Classes.RaiseException
 0001:0001C944       Classes.ReadCustomVariant
 0001:0001A270       Classes.ReadError
 0001:0001ABDC       Classes.Recover
 0001:00015DB4       Classes.Rect
 0004:000049C4       Classes.RegGroups
 0001:00016984       Classes.RegisterClass
 0001:00016CF8       Classes.RegisterFindGlobalComponentProc
 0001:00016BCC       Classes.RegisterIntegerConsts
 0003:00000AB4       Classes.RemoveDataModule
 0001:0001A140       Classes.RemoveFixupReferences
 0001:0001A1EC       Classes.RemoveFixups
 0001:0001A584       Classes.RemoveGlobalFixup
 0001:0001CF88       Classes.ResetSyncEvent
 0001:00017154       Classes.ReturnAddr
 0001:00017E60       Classes.ReturnAddr
 0001:0001AD4C       Classes.SetCompName
 0001:0001A2C0       Classes.SetElementValue
 0001:0001B9B8       Classes.SetInterfaceReference
 0001:0001B8D4       Classes.SetIntIdent
 0001:0001B91C       Classes.SetObjectIdent
 0001:0001AB54       Classes.SetSubComponentState
 0001:0001B95C       Classes.SetVariantReference
 0001:0001C464       Classes.SkipBinary
 0001:0001C494       Classes.SkipCollection
 0001:0001C43C       Classes.SkipList
 0001:00015DA4       Classes.SmallPoint
 0001:00016A40       Classes.StartClassGroup
 0001:0001E220       Classes.StdWndProc
 0001:0001906C       Classes.StringListCompareStrings
 0004:000049B8       Classes.SyncEvent
 0003:00000AE0       Classes.SyncList
 0001:0001DC18       Classes.TBasicAction.Change
 0001:0001DAAC       Classes.TBasicAction.Create
 0001:0001DAF0       Classes.TBasicAction.Destroy
 0001:0001DB84       Classes.TBasicAction.Execute
 0001:0001DB54       Classes.TBasicAction.ExecuteTarget
 0001:0001DB50       Classes.TBasicAction.HandlesTarget
 0001:0001DB58       Classes.TBasicAction.Notification
 0001:0001DC2C       Classes.TBasicAction.RegisterChanges
 0001:0001DC78       Classes.TBasicAction.SetActionComponent
 0001:0001DBBC       Classes.TBasicAction.SetOnExecute
 0001:0001DC38       Classes.TBasicAction.UnRegisterChanges
 0001:0001DBA0       Classes.TBasicAction.Update
 0001:0001DB80       Classes.TBasicAction.UpdateTarget
 0001:0001D9FC       Classes.TBasicActionLink.AssignClient
 0001:0001DA34       Classes.TBasicActionLink.Change
 0001:0001D9B8       Classes.TBasicActionLink.Create
 0001:0001DA00       Classes.TBasicActionLink.Destroy
 0001:0001DA4C       Classes.TBasicActionLink.Execute
 0001:0001DA94       Classes.TBasicActionLink.IsOnExecuteLinked
 0001:0001DA68       Classes.TBasicActionLink.SetAction
 0001:0001DA98       Classes.TBasicActionLink.SetOnExecute
 0001:0001DAA0       Classes.TBasicActionLink.Update
 0001:0001763C       Classes.TBits.Destroy
 0001:0001766C       Classes.TBits.Error
 0001:00017760       Classes.TBits.GetBit
 0001:00017778       Classes.TBits.OpenBit
 0001:00017734       Classes.TBits.SetBit
 0001:00017690       Classes.TBits.SetSize
 0001:000166B4       Classes.TClassFinder.Create
 0001:000167E0       Classes.TClassFinder.Destroy
 0001:00016810       Classes.TClassFinder.GetClass
 0001:00017A78       Classes.TCollection.Add
 0001:00017A98       Classes.TCollection.Clear
 0001:0001D250       Classes.TComponent.BeforeDestruction
 0001:0001D788       Classes.TComponent.ChangeName
 0001:0001D188       Classes.TComponent.Create
 0001:0001D518       Classes.TComponent.DefineProperties
 0001:0001D1D4       Classes.TComponent.Destroy
 0001:0001D3E0       Classes.TComponent.DestroyComponents
 0001:0001D43C       Classes.TComponent.Destroying
 0001:0001D8C4       Classes.TComponent.ExecuteAction
 0001:0001D6A8       Classes.TComponent.FindComponent
 0001:0001D25C       Classes.TComponent.FreeNotification
 0001:0001D5AC       Classes.TComponent.GetChildOwner
 0001:0001D5B0       Classes.TComponent.GetChildParent
 0001:0001D5A4       Classes.TComponent.GetChildren
 0001:0001D79C       Classes.TComponent.GetComponent
 0001:0001D7C8       Classes.TComponent.GetComponentCount
 0001:0001D5B4       Classes.TComponent.GetNamePath
 0001:0001D5C8       Classes.TComponent.GetOwner
 0001:0001D5D0       Classes.TComponent.GetParentComponent
 0001:0001D5A0       Classes.TComponent.HasParent
 0001:0001D2F0       Classes.TComponent.Insert
 0001:0001D344       Classes.TComponent.InsertComponent
 0001:0001D9B4       Classes.TComponent.IntfGetComponent
 0001:0001D5F0       Classes.TComponent.Loaded
 0001:0001D4B8       Classes.TComponent.Notification
 0001:0001D5FC       Classes.TComponent.PaletteCreated
 0001:0001D934       Classes.TComponent.QueryInterface
 0001:0001D2B0       Classes.TComponent.ReadLeft
 0001:0001D600       Classes.TComponent.ReadState
 0001:0001D2C4       Classes.TComponent.ReadTop
 0001:0001D31C       Classes.TComponent.Remove
 0001:0001D3A8       Classes.TComponent.RemoveComponent
 0001:0001D49C       Classes.TComponent.RemoveFreeNotification
 0001:0001D478       Classes.TComponent.RemoveNotification
 0001:0001D914       Classes.TComponent.SafeCallException
 0001:0001D5CC       Classes.TComponent.SetChildOrder
 0001:0001D7D8       Classes.TComponent.SetComponentIndex
 0001:0001D82C       Classes.TComponent.SetDesigning
 0001:0001D6F8       Classes.TComponent.SetName
 0001:0001D5D4       Classes.TComponent.SetParentComponent
 0001:0001D87C       Classes.TComponent.SetReference
 0001:0001D8EC       Classes.TComponent.UpdateAction
 0001:0001D5E4       Classes.TComponent.Updated
 0001:0001D92C       Classes.TComponent.UpdateRegistry
 0001:0001D5D8       Classes.TComponent.Updating
 0001:0001D690       Classes.TComponent.ValidateContainer
 0001:0001D6A4       Classes.TComponent.ValidateInsert
 0001:0001D610       Classes.TComponent.ValidateRename
 0001:0001D2D8       Classes.TComponent.WriteLeft
 0001:0001D608       Classes.TComponent.WriteState
 0001:0001D2E4       Classes.TComponent.WriteTop
 0001:0001D974       Classes.TComponent._AddRef
 0001:0001D994       Classes.TComponent._Release
 0001:00019800       Classes.TCustomMemoryStream.Read
 0001:00019838       Classes.TCustomMemoryStream.Seek
 0001:000197F8       Classes.TCustomMemoryStream.SetPointer
 0001:00019BA8       Classes.TFiler.Create
 0001:00019BF0       Classes.TFiler.Destroy
 0001:00019C18       Classes.TFiler.SetRoot
 0001:0001960C       Classes.TFileStream.Create
 0001:00019650       Classes.TFileStream.Create
 0001:000197C4       Classes.TFileStream.Destroy
 0001:00019548       Classes.THandleStream.Create
 0001:00019584       Classes.THandleStream.Read
 0001:000195A4       Classes.THandleStream.Seek
 0001:000195D0       Classes.THandleStream.SetSize
 0001:000195E4       Classes.THandleStream.SetSize
 0001:00019594       Classes.THandleStream.Write
 0004:000049D0       Classes.ThreadLock
 0001:00016B94       Classes.TIntConst.Create
 0001:000179C0       Classes.TInterfacedPersistent.AfterConstruction
 0001:00017A50       Classes.TInterfacedPersistent.QueryInterface
 0001:00017A10       Classes.TInterfacedPersistent._AddRef
 0001:00017A30       Classes.TInterfacedPersistent._Release
 0001:000170AC       Classes.TList.Add
 0001:000170E0       Classes.TList.Clear
 0001:000170F8       Classes.TList.Delete
 0001:0001708C       Classes.TList.Destroy
 0001:00017158       Classes.TList.Error
 0001:00017190       Classes.TList.Error
 0001:000171E4       Classes.TList.Expand
 0001:000171FC       Classes.TList.First
 0001:00017204       Classes.TList.Get
 0001:0001722C       Classes.TList.Grow
 0001:00017260       Classes.TList.IndexOf
 0001:00017280       Classes.TList.Insert
 0001:000172EC       Classes.TList.Last
 0001:000172F8       Classes.TList.Move
 0001:00017470       Classes.TList.Notify
 0001:00017350       Classes.TList.Put
 0001:000173A0       Classes.TList.Remove
 0001:000173C0       Classes.TList.SetCapacity
 0001:000173FC       Classes.TList.SetCount
 0001:00019888       Classes.TMemoryStream.Clear
 0001:0001985C       Classes.TMemoryStream.Destroy
 0001:000198A0       Classes.TMemoryStream.LoadFromStream
 0001:0001992C       Classes.TMemoryStream.Realloc
 0001:000198D8       Classes.TMemoryStream.SetCapacity
 0001:00019900       Classes.TMemoryStream.SetSize
 0001:000199AC       Classes.TMemoryStream.Write
 0001:0001781C       Classes.TPersistent.Assign
 0001:00017830       Classes.TPersistent.AssignError
 0001:00017900       Classes.TPersistent.AssignTo
 0001:00017908       Classes.TPersistent.DefineProperties
 0001:000177F0       Classes.TPersistent.Destroy
 0001:0001790C       Classes.TPersistent.GetNamePath
 0001:000179BC       Classes.TPersistent.GetOwner
 0001:00019CF4       Classes.TPropFixup.Create
 0001:00019D4C       Classes.TPropFixup.MakeGlobalReference
 0001:00019D94       Classes.TPropFixup.ResolveReference
 0001:00019DA4       Classes.TPropIntfFixup.ResolveReference
 0001:0001A314       Classes.TReader.CheckValue
 0001:0001A374       Classes.TReader.DefineBinaryProperty
 0001:0001A338       Classes.TReader.DefineProperty
 0001:0001A2D8       Classes.TReader.Destroy
 0001:0001A600       Classes.TReader.DoFixupReferences
 0001:0001A45C       Classes.TReader.EndOfList
 0001:0001A470       Classes.TReader.Error
 0001:0001C790       Classes.TReader.FindAncestorComponent
 0001:0001C888       Classes.TReader.FindComponentClass
 0001:0001A51C       Classes.TReader.FindMethod
 0001:0001A494       Classes.TReader.FindMethodInstance
 0001:0001A744       Classes.TReader.FlushBuffer
 0001:0001A768       Classes.TReader.FreeFixups
 0001:0001A7A4       Classes.TReader.GetFieldClass
 0001:0001A83C       Classes.TReader.GetPosition
 0001:0001A854       Classes.TReader.NextValue
 0001:0001A864       Classes.TReader.PropertyError
 0001:0001A878       Classes.TReader.Read
 0001:0001A900       Classes.TReader.ReadBoolean
 0001:0001A8C4       Classes.TReader.ReadBuffer
 0001:0001A914       Classes.TReader.ReadChar
 0001:0001A9D0       Classes.TReader.ReadCollection
 0001:0001AE90       Classes.TReader.ReadComponent
 0001:0001B2D0       Classes.TReader.ReadCurrency
 0001:0001B0D0       Classes.TReader.ReadData
 0001:0001B140       Classes.TReader.ReadDataInner
 0001:0001B320       Classes.TReader.ReadDate
 0001:0001B248       Classes.TReader.ReadDouble
 0001:0001B210       Classes.TReader.ReadFloat
 0001:0001B364       Classes.TReader.ReadIdent
 0001:0001B4CC       Classes.TReader.ReadInt64
 0001:0001B460       Classes.TReader.ReadInteger
 0001:0001B510       Classes.TReader.ReadListBegin
 0001:0001B518       Classes.TReader.ReadListEnd
 0001:0001B520       Classes.TReader.ReadPrefix
 0001:0001B67C       Classes.TReader.ReadProperty
 0001:0001BA78       Classes.TReader.ReadPropValue
 0001:0001BDF0       Classes.TReader.ReadRootComponent
 0001:0001C124       Classes.TReader.ReadSet
 0001:0001C1E0       Classes.TReader.ReadSignature
 0001:0001B28C       Classes.TReader.ReadSingle
 0001:0001C204       Classes.TReader.ReadStr
 0001:0001C240       Classes.TReader.ReadString
 0001:0001C3E0       Classes.TReader.ReadValue
 0001:0001CB0C       Classes.TReader.ReadVariant
 0001:0001A974       Classes.TReader.ReadWideChar
 0001:0001C2FC       Classes.TReader.ReadWideString
 0001:0001C848       Classes.TReader.ReferenceName
 0001:0001C860       Classes.TReader.SetName
 0001:0001C8FC       Classes.TReader.SkipBytes
 0001:0001C6E8       Classes.TReader.SkipComponent
 0001:0001C6A0       Classes.TReader.SkipProperty
 0001:0001C3F4       Classes.TReader.SkipSetBody
 0001:0001C4F0       Classes.TReader.SkipValue
 0001:00015EC8       Classes.TRegGroup.AddClass
 0001:00015ED4       Classes.TRegGroup.BestClass
 0001:00015F34       Classes.TRegGroup.BestGroup
 0001:00015FA4       Classes.TRegGroup.Create
 0001:00016000       Classes.TRegGroup.Destroy
 0001:00016040       Classes.TRegGroup.GetClass
 0001:000160A8       Classes.TRegGroup.InGroup
 0001:000160EC       Classes.TRegGroup.RegisterClass
 0001:000161AC       Classes.TRegGroup.Registered
 0001:000161F0       Classes.TRegGroup.UnregisterModuleClasses
 0001:0001629C       Classes.TRegGroups.Activate
 0001:000162E8       Classes.TRegGroups.Create
 0001:0001635C       Classes.TRegGroups.Destroy
 0001:000163BC       Classes.TRegGroups.FindGroup
 0001:00016400       Classes.TRegGroups.GetClass
 0001:000164D4       Classes.TRegGroups.GroupWith
 0001:000165A0       Classes.TRegGroups.Lock
 0001:000165AC       Classes.TRegGroups.RegisterClass
 0001:000165C4       Classes.TRegGroups.Registered
 0001:00016608       Classes.TRegGroups.StartGroup
 0001:00016658       Classes.TRegGroups.Unlock
 0001:00016664       Classes.TRegGroups.UnregisterModuleClasses
 0001:000199FC       Classes.TResourceStream.Create
 0001:00019B60       Classes.TResourceStream.Destroy
 0001:00019AF4       Classes.TResourceStream.Initialize
 0001:00019B90       Classes.TResourceStream.Write
 0001:000193F4       Classes.TStream.CopyFrom
 0001:00019158       Classes.TStream.GetPosition
 0001:0001918C       Classes.TStream.GetSize
 0001:00019384       Classes.TStream.ReadBuffer
 0001:000194E8       Classes.TStream.ReadComponent
 0001:00019314       Classes.TStream.Seek
 0001:00019290       Classes.TStream.Seek
 0001:00019178       Classes.TStream.SetPosition
 0001:000191D8       Classes.TStream.SetSize
 0001:000191F0       Classes.TStream.SetSize
 0001:000191DC       Classes.TStream.SetSize64
 0001:000193BC       Classes.TStream.WriteBuffer
 0001:0001E194       Classes.TStreamAdapter.Clone
 0001:0001E0E8       Classes.TStreamAdapter.Commit
 0001:0001DEE0       Classes.TStreamAdapter.CopyTo
 0001:0001DCA4       Classes.TStreamAdapter.Create
 0001:0001DCF0       Classes.TStreamAdapter.Destroy
 0001:0001E100       Classes.TStreamAdapter.LockRegion
 0001:0001DD28       Classes.TStreamAdapter.Read
 0001:0001E0F4       Classes.TStreamAdapter.Revert
 0001:0001DDF8       Classes.TStreamAdapter.Seek
 0001:0001DE7C       Classes.TStreamAdapter.SetSize
 0001:0001E118       Classes.TStreamAdapter.Stat
 0001:0001E10C       Classes.TStreamAdapter.UnlockRegion
 0001:0001DD90       Classes.TStreamAdapter.Write
 0001:00018AD8       Classes.TStringList.Add
 0001:00018AE8       Classes.TStringList.AddObject
 0001:00018B4C       Classes.TStringList.Changed
 0001:00018B68       Classes.TStringList.Changing
 0001:00018B84       Classes.TStringList.Clear
 0001:000190D4       Classes.TStringList.CompareStrings
 0001:0001909C       Classes.TStringList.CustomSort
 0001:00018BC4       Classes.TStringList.Delete
 0001:00018A7C       Classes.TStringList.Destroy
 0001:00018C30       Classes.TStringList.Exchange
 0001:00018C8C       Classes.TStringList.ExchangeItems
 0001:00018CB0       Classes.TStringList.Find
 0001:00018D34       Classes.TStringList.Get
 0001:00018D68       Classes.TStringList.GetCapacity
 0001:00018D6C       Classes.TStringList.GetCount
 0001:00018D70       Classes.TStringList.GetObject
 0001:00018D98       Classes.TStringList.Grow
 0001:00018DCC       Classes.TStringList.IndexOf
 0001:00018E08       Classes.TStringList.Insert
 0001:00018E6C       Classes.TStringList.InsertItem
 0001:00018E18       Classes.TStringList.InsertObject
 0001:00018EE8       Classes.TStringList.Put
 0001:00018F44       Classes.TStringList.PutObject
 0001:00018F84       Classes.TStringList.QuickSort
 0001:00019018       Classes.TStringList.SetCapacity
 0001:00019034       Classes.TStringList.SetSorted
 0001:00019054       Classes.TStringList.SetUpdateState
 0001:0001908C       Classes.TStringList.Sort
 0001:00017B30       Classes.TStrings.Add
 0001:00017B54       Classes.TStrings.AddObject
 0001:00017B78       Classes.TStrings.AddStrings
 0001:00017C30       Classes.TStrings.Assign
 0001:00017CE8       Classes.TStrings.BeginUpdate
 0001:00018A04       Classes.TStrings.CompareStrings
 0001:00017D58       Classes.TStrings.DefineProperties
 0001:00017B00       Classes.TStrings.Destroy
 0001:00017DA4       Classes.TStrings.EndUpdate
 0001:00017DB8       Classes.TStrings.Equals
 0001:00017E9C       Classes.TStrings.Error
 0001:00017E64       Classes.TStrings.Error
 0001:00017EF4       Classes.TStrings.Exchange
 0001:00017FE0       Classes.TStrings.GetCapacity
 0001:0001893C       Classes.TStrings.GetDelimiter
 0001:00018954       Classes.TStrings.GetLineBreak
 0001:00018A48       Classes.TStrings.GetNameValueSeparator
 0001:00017FE8       Classes.TStrings.GetObject
 0001:00018988       Classes.TStrings.GetQuoteChar
 0001:00017FEC       Classes.TStrings.GetText
 0001:00018040       Classes.TStrings.GetTextStr
 0001:00018178       Classes.TStrings.IndexOf
 0001:00018204       Classes.TStrings.IndexOfName
 0001:000182D8       Classes.TStrings.IndexOfObject
 0001:0001830C       Classes.TStrings.InsertObject
 0001:0001833C       Classes.TStrings.LoadFromFile
 0001:00018390       Classes.TStrings.LoadFromStream
 0001:0001843C       Classes.TStrings.Move
 0001:000184EC       Classes.TStrings.Put
 0001:0001851C       Classes.TStrings.PutObject
 0001:00018520       Classes.TStrings.ReadData
 0001:000185D0       Classes.TStrings.SaveToFile
 0001:00018628       Classes.TStrings.SaveToStream
 0001:00018688       Classes.TStrings.SetCapacity
 0001:000189A0       Classes.TStrings.SetDelimiter
 0001:000189BC       Classes.TStrings.SetLineBreak
 0001:00018A60       Classes.TStrings.SetNameValueSeparator
 0001:000189E8       Classes.TStrings.SetQuoteChar
 0001:0001868C       Classes.TStrings.SetStringsAdapter
 0001:000186C0       Classes.TStrings.SetText
 0001:00018710       Classes.TStrings.SetTextStr
 0001:000188B4       Classes.TStrings.SetUpdateState
 0001:000188B8       Classes.TStrings.WriteData
 0001:00017544       Classes.TThreadList.Add
 0001:00017474       Classes.TThreadList.Create
 0001:000174C8       Classes.TThreadList.Destroy
 0001:000175CC       Classes.TThreadList.LockList
 0001:000175E0       Classes.TThreadList.Remove
 0001:00017630       Classes.TThreadList.UnlockList
 0001:0001CD2C       Classes.TWriter.Write
 0001:0001CD90       Classes.TWriter.WriteBoolean
 0001:0001CD78       Classes.TWriter.WriteBuffer
 0001:0001CDA4       Classes.TWriter.WriteInteger
 0001:0001CE18       Classes.TWriter.WriteListBegin
 0001:0001CE20       Classes.TWriter.WriteListEnd
 0001:0001CE28       Classes.TWriter.WriteMinStr
 0001:0001CED4       Classes.TWriter.WriteString
 0001:0001CF28       Classes.TWriter.WriteValue
 0001:00016D38       Classes.UnregisterFindGlobalComponentProc
 0001:000169F4       Classes.UnRegisterModuleClasses
 0003:00000AE8       Classes.UtilWindowClass
 0001:0001CF94       Classes.WaitForSyncEvent
 0003:00000ACC       Classes.WakeMainThread
 0004:00004BE4       Clipbrd..2
 0004:00004BE2       Clipbrd.CF_COMPONENT
 0004:00004BE0       Clipbrd.CF_PICTURE
 0002:000004E8       Clipbrd.Clipbrd
 0004:00004BE8       Clipbrd.FClipboard
 0001:0003B070       Clipbrd.Finalization
 0004:00004D54       ComCtrls..76
 0001:0006EAA8       ComCtrls..TConversion
 0001:0006D910       ComCtrls..TCustomTabControl
 0001:0006E12C       ComCtrls..TPageControl
 0001:0006DACC       ComCtrls..TTabSheet
 0001:0006EBBC       ComCtrls..TTabStrings
 0003:0000192C       ComCtrls.AlignStyles
 0002:00000768       ComCtrls.ComCtrls
 0001:000713D0       ComCtrls.Finalization
 0004:00004D5C       ComCtrls.FRichEditModule
 0001:0006EB48       ComCtrls.InitCommonControl
 0003:00001958       ComCtrls.RRStyles
 0003:000018FC       ComCtrls.RTFConversionFormat
 0003:00001914       ComCtrls.RTL
 0003:0000191C       ComCtrls.RTL
 0003:00001924       ComCtrls.RTL
 0001:0006EB74       ComCtrls.SetComCtlStyle
 0004:00004D58       ComCtrls.ShellModule
 0001:0006ECBC       ComCtrls.TabControlError
 0003:0000194C       ComCtrls.TabStyles
 0001:000713A8       ComCtrls.TConversion.ConvertReadStream
 0001:000713BC       ComCtrls.TConversion.ConvertWriteStream
 0001:0006FF40       ComCtrls.TCustomTabControl.AdjustClientRect
 0001:0006F350       ComCtrls.TCustomTabControl.CanChange
 0001:0006F37C       ComCtrls.TCustomTabControl.CanShowTab
 0001:0006F380       ComCtrls.TCustomTabControl.Change
 0001:0006FE5C       ComCtrls.TCustomTabControl.CMDialogChar
 0001:0006FDBC       ComCtrls.TCustomTabControl.CMFontChanged
 0001:0006FDE4       ComCtrls.TCustomTabControl.CMSysColorChange
 0001:0006FE0C       ComCtrls.TCustomTabControl.CMTabStopChanged
 0001:0006FBF4       ComCtrls.TCustomTabControl.CNDrawItem
 0001:0006FE18       ComCtrls.TCustomTabControl.CNNotify
 0001:0006F23C       ComCtrls.TCustomTabControl.Create
 0001:0006F3A0       ComCtrls.TCustomTabControl.CreateParams
 0001:0006F4A8       ComCtrls.TCustomTabControl.CreateWnd
 0001:0006F2FC       ComCtrls.TCustomTabControl.Destroy
 0001:0006F530       ComCtrls.TCustomTabControl.DrawTab
 0001:0006F56C       ComCtrls.TCustomTabControl.GetDisplayRect
 0001:0006F5A0       ComCtrls.TCustomTabControl.GetImageIndex
 0001:0006F5C8       ComCtrls.TCustomTabControl.GetTabIndex
 0001:0006FFF4       ComCtrls.TCustomTabControl.GetTabs
 0001:0006F6B4       ComCtrls.TCustomTabControl.ImageListChange
 0001:0006F6D4       ComCtrls.TCustomTabControl.InternalSetMultiLine
 0001:0006F5E4       ComCtrls.TCustomTabControl.Loaded
 0001:0006F614       ComCtrls.TCustomTabControl.Notification
 0001:0006F600       ComCtrls.TCustomTabControl.SetHotTrack
 0001:0006F644       ComCtrls.TCustomTabControl.SetImages
 0001:0006F764       ComCtrls.TCustomTabControl.SetMultiLine
 0001:0006F784       ComCtrls.TCustomTabControl.SetOwnerDraw
 0001:0006F798       ComCtrls.TCustomTabControl.SetRaggedRight
 0001:0006F7B4       ComCtrls.TCustomTabControl.SetScrollOpposite
 0001:0006F7D4       ComCtrls.TCustomTabControl.SetStyle
 0001:0006F864       ComCtrls.TCustomTabControl.SetTabHeight
 0001:0006F910       ComCtrls.TCustomTabControl.SetTabIndex
 0001:0006F934       ComCtrls.TCustomTabControl.SetTabPosition
 0001:0006F9CC       ComCtrls.TCustomTabControl.SetTabWidth
 0001:0006FA90       ComCtrls.TCustomTabControl.TabsChanged
 0001:0006FF70       ComCtrls.TCustomTabControl.TCMAdjustRect
 0001:0006FAF8       ComCtrls.TCustomTabControl.UpdateTabImages
 0001:0006FAD0       ComCtrls.TCustomTabControl.UpdateTabSize
 0001:0006FCE8       ComCtrls.TCustomTabControl.WMDestroy
 0001:0006FD78       ComCtrls.TCustomTabControl.WMNotifyFormat
 0001:0006FD9C       ComCtrls.TCustomTabControl.WMSize
 0003:00001908       ComCtrls.TextConversionFormat
 0001:00070714       ComCtrls.TPageControl.CanShowTab
 0001:00070738       ComCtrls.TPageControl.Change
 0001:00070780       ComCtrls.TPageControl.ChangeActivePage
 0001:00070E40       ComCtrls.TPageControl.CMDesignHitTest
 0001:00070EAC       ComCtrls.TPageControl.CMDialogKey
 0001:00070F18       ComCtrls.TPageControl.CMDockClient
 0001:000710B4       ComCtrls.TPageControl.CMDockNotification
 0001:0007118C       ComCtrls.TPageControl.CMUnDockClient
 0001:0007060C       ComCtrls.TPageControl.Create
 0001:00070888       ComCtrls.TPageControl.DeleteTab
 0001:00070660       ComCtrls.TPageControl.Destroy
 0001:000708E4       ComCtrls.TPageControl.DoAddDockClient
 0001:00070900       ComCtrls.TPageControl.DockOver
 0001:00070954       ComCtrls.TPageControl.DoRemoveDockClient
 0001:00070988       ComCtrls.TPageControl.FindNextPage
 0001:00070A10       ComCtrls.TPageControl.GetChildren
 0001:000711B8       ComCtrls.TPageControl.GetDockClientFromMousePos
 0001:00070A50       ComCtrls.TPageControl.GetImageIndex
 0001:00070B1C       ComCtrls.TPageControl.GetPage
 0001:00070B34       ComCtrls.TPageControl.GetPageCount
 0001:00070ACC       ComCtrls.TPageControl.GetPageFromDockClient
 0001:00070B40       ComCtrls.TPageControl.GetSiteInfo
 0001:00070B84       ComCtrls.TPageControl.InsertPage
 0001:00070BA8       ComCtrls.TPageControl.InsertTab
 0001:00070700       ComCtrls.TPageControl.Loaded
 0001:00070C14       ComCtrls.TPageControl.MoveTab
 0001:00071378       ComCtrls.TPageControl.PageIndexFromTabIndex
 0001:00070C34       ComCtrls.TPageControl.RemovePage
 0001:00070C84       ComCtrls.TPageControl.SelectNextPage
 0001:00070CD0       ComCtrls.TPageControl.SetActivePage
 0001:00070D64       ComCtrls.TPageControl.SetChildOrder
 0001:000712E8       ComCtrls.TPageControl.SetTabIndex
 0001:00070D70       ComCtrls.TPageControl.ShowControl
 0001:00070E04       ComCtrls.TPageControl.UpdateActivePage
 0001:00070DA4       ComCtrls.TPageControl.UpdateTab
 0001:000706C0       ComCtrls.TPageControl.UpdateTabHighlights
 0001:00071340       ComCtrls.TPageControl.WMEraseBkGnd
 0001:0007129C       ComCtrls.TPageControl.WMLButtonDblClk
 0001:00071248       ComCtrls.TPageControl.WMLButtonDown
 0001:00070368       ComCtrls.TTabSheet.CMShowingChanged
 0001:00070350       ComCtrls.TTabSheet.CMTextChanged
 0001:00070008       ComCtrls.TTabSheet.Create
 0001:00070168       ComCtrls.TTabSheet.CreateParams
 0001:00070070       ComCtrls.TTabSheet.Destroy
 0001:000700BC       ComCtrls.TTabSheet.DoHide
 0001:000700DC       ComCtrls.TTabSheet.DoShow
 0001:000700FC       ComCtrls.TTabSheet.GetPageIndex
 0001:00070118       ComCtrls.TTabSheet.GetTabIndex
 0001:00070184       ComCtrls.TTabSheet.ReadState
 0001:00070410       ComCtrls.TTabSheet.SetHighlighted
 0001:000701B8       ComCtrls.TTabSheet.SetImageIndex
 0001:000701E0       ComCtrls.TTabSheet.SetPageControl
 0001:00070214       ComCtrls.TTabSheet.SetPageIndex
 0001:000702A8       ComCtrls.TTabSheet.SetTabShowing
 0001:000702EC       ComCtrls.TTabSheet.SetTabVisible
 0001:00070300       ComCtrls.TTabSheet.UpdateControlOriginalParentSize
 0001:00070330       ComCtrls.TTabSheet.UpdateTabShowing
 0001:000704AC       ComCtrls.TTabSheet.WMNCPaint
 0001:000705C4       ComCtrls.TTabSheet.WMPrintClient
 0001:0006ECD4       ComCtrls.TTabStrings.Clear
 0001:0006ED44       ComCtrls.TTabStrings.Delete
 0001:0006EDE0       ComCtrls.TTabStrings.Get
 0001:0006EED8       ComCtrls.TTabStrings.GetCount
 0001:0006EEF4       ComCtrls.TTabStrings.GetObject
 0001:0006F114       ComCtrls.TTabStrings.Insert
 0001:0006EF94       ComCtrls.TTabStrings.Put
 0001:0006F074       ComCtrls.TTabStrings.PutObject
 0001:0006F1F4       ComCtrls.TTabStrings.SetUpdateState
 0004:00004A2C       CommCtrl.ComCtl32DLL
 0001:000200AC       CommCtrl.ImageList_Add
 0001:000200E4       CommCtrl.ImageList_BeginDrag
 0001:00020094       CommCtrl.ImageList_Create
 0001:0002009C       CommCtrl.ImageList_Destroy
 0001:000200F4       CommCtrl.ImageList_DragEnter
 0001:000200FC       CommCtrl.ImageList_DragLeave
 0001:00020104       CommCtrl.ImageList_DragMove
 0001:0002010C       CommCtrl.ImageList_DragShowNolock
 0001:000200C4       CommCtrl.ImageList_Draw
 0001:000200D4       CommCtrl.ImageList_DrawEx
 0001:000200EC       CommCtrl.ImageList_EndDrag
 0001:000200BC       CommCtrl.ImageList_GetBkColor
 0001:00020114       CommCtrl.ImageList_GetDragImage
 0001:0002012C       CommCtrl.ImageList_GetIconSize
 0001:000200A4       CommCtrl.ImageList_GetImageCount
 0001:0002011C       CommCtrl.ImageList_Read
 0001:000200DC       CommCtrl.ImageList_Remove
 0001:000200CC       CommCtrl.ImageList_Replace
 0001:000200B4       CommCtrl.ImageList_SetBkColor
 0001:00020134       CommCtrl.ImageList_SetIconSize
 0001:00020124       CommCtrl.ImageList_Write
 0001:00020000       CommCtrl.InitComCtl
 0001:0001FFF8       CommCtrl.InitCommonControls
 0001:00020060       CommCtrl.InitCommonControlsEx
 0001:00020144       CommCtrl.TaskDialogIndirect
 0004:00004A30       CommCtrl._InitCommonControlsEx
 0004:00004A34       CommCtrl._TaskDialogIndirect
 0001:0002013C       CommCtrl._TrackMouseEvent
 0004:00004D60       ComObj..41
 0001:00072EB4       ComObj..EOleError
 0001:00072F68       ComObj..EOleException
 0001:00072F0C       ComObj..EOleSysError
 0001:00073234       ComObj.ClassIDToProgID
 0001:00073E90       ComObj.ClearExcepInfo
 0003:00001968       ComObj.CoAddRefServerProcess
 0003:00001960       ComObj.CoCreateInstanceEx
 0003:00001978       ComObj.CoInitFlags
 0003:00001964       ComObj.CoInitializeEx
 0004:00004D68       ComObj.ComClassManagerVar
 0002:00000770       ComObj.ComObj
 0003:0000196C       ComObj.CoReleaseServerProcess
 0003:00001970       ComObj.CoResumeClassObjects
 0003:00001974       ComObj.CoSuspendClassObjects
 0001:00073260       ComObj.CreateComObject
 0001:00073378       ComObj.CreateRemoteComObject
 0001:000738AC       ComObj.DispatchInvoke
 0001:00073E84       ComObj.DispatchInvokeError
 0001:00073EA0       ComObj.DispCall
 0001:00073F84       ComObj.DispCallByID
 0001:00073DB0       ComObj.DispCallError
 0001:00073144       ComObj.EOleException.Create
 0001:00073070       ComObj.EOleSysError.Create
 0001:000740DC       ComObj.Finalization
 0001:00073C1C       ComObj.GetIDsOfNames
 0001:00073208       ComObj.GUIDToString
 0001:00074060       ComObj.InitComObj
 0001:00073538       ComObj.InterfaceConnect
 0001:000735EC       ComObj.InterfaceDisconnect
 0001:000736A8       ComObj.LoadComExProcs
 0004:00004D70       ComObj.NeedToUninitialize
 0001:000731F8       ComObj.OleCheck
 0001:000731DC       ComObj.OleError
 0004:00004D64       ComObj.OleUninitializing
 0001:00073CFC       ComObj.RaiseException
 0001:00073BE8       ComObj.RaiseNameException
 0001:000737AC       ComObj.SafeCallError
 0004:00004D6C       ComObj.SaveInitProc
 0003:0000197C       ComObj.ThreadStrs
 0001:00073020       ComObj.TrimPunctuation
 0001:00073D14       ComObj.VarDispInvoke
 0001:0001E490       Contnrs..TOrderedList
 0001:0001E4F8       Contnrs..TStack
 0001:0001E570       Contnrs.TOrderedList.Create
 0001:0001E5B4       Contnrs.TOrderedList.Destroy
 0001:0001E5E4       Contnrs.TOrderedList.PeekItem
 0001:0001E558       Contnrs.TOrderedList.Pop
 0001:0001E5F8       Contnrs.TOrderedList.PopItem
 0001:0001E560       Contnrs.TOrderedList.Push
 0001:0001E618       Contnrs.TStack.PushItem
 0004:00004C4C       Controls..33
 0001:00042F50       Controls..TBaseDragControlObject
 0001:000442DC       Controls..TControl
 0001:00043420       Controls..TControlActionLink
 0001:00043298       Controls..TControlCanvas
 0001:000450A4       Controls..TCustomControl
 0001:00043338       Controls..TCustomControlAction
 0001:000458D0       Controls..TCustomListControl
 0001:00045A60       Controls..TCustomMultiSelectListControl
 0001:000457D8       Controls..TDockTree
 0001:0004568C       Controls..TDockZone
 0001:00043014       Controls..TDragControlObject
 0001:000430A0       Controls..TDragControlObjectEx
 0001:00043130       Controls..TDragDockObject
 0001:000431F8       Controls..TDragDockObjectEx
 0001:000453A0       Controls..TDragImageList
 0001:00042EAC       Controls..TDragObject
 0001:00044F80       Controls..TGraphicControl
 0001:00045210       Controls..THintWindow
 0001:0004546C       Controls..TImageList
 0001:00043870       Controls..TMargins
 0001:0004587C       Controls..TMouse
 0001:00043988       Controls..TPadding
 0001:0004611C       Controls..TSiteList
 0001:00043724       Controls..TSizeConstraints
 0001:00044B70       Controls..TWinControl
 0001:0004474C       Controls..TWinControlActionLink
 0001:0004678C       Controls.AbsMin
 0004:00004C80       Controls.ActiveDrag
 0001:0004CC60       Controls.AlignWork
 0003:00001618       Controls.AnchorAlign
 0003:0000160C       Controls.AnimateWindowProc
 0003:00001714       Controls.AnimationStyle
 0001:0004970C       Controls.BackgroundClipped
 0001:0005622C       Controls.CalcSplitterPos
 0001:00047830       Controls.CancelDrag
 0004:00004C94       Controls.CanvasList
 0003:000016D0       Controls.CaptureControl
 0001:00045C0C       Controls.ChangeBiDiModeAlignment
 0001:00047498       Controls.CheckUndock
 0001:00053070       Controls.ClientToWindow
 0004:00004C52       Controls.ControlAtom
 0004:00004C58       Controls.ControlAtomString
 0002:000005E0       Controls.Controls
 0003:00001610       Controls.CreationControl
 0003:0000170C       Controls.Ctl3DStyles
 0003:00001620       Controls.Cursors
 0001:00045FB4       Controls.CursorToIdent
 0003:00001614       Controls.DefaultDockTreeClass
 0001:0004DBEC       Controls.DestroyChildWindow
 0001:0004CAD4       Controls.DoAlign
 0001:00051990       Controls.DoCalcConstraints
 0004:00004C88       Controls.DockSiteList
 0001:0004E9D0       Controls.DoControlMsg
 0001:00046DA0       Controls.DoDragOver
 0001:00053D34       Controls.DoFindControlZone
 0001:0005445C       Controls.DoFindZone
 0001:00053DB8       Controls.DoForEach
 0001:00055A00       Controls.DoGetNextLimit
 0001:00056A38       Controls.DoneControls
 0001:0004CA8C       Controls.DoPosition
 0001:00054F10       Controls.DoPrune
 0001:00055424       Controls.DoSaveZone
 0001:000556E8       Controls.DoSetNewBounds
 0001:0004D898       Controls.DoWriteDesignSize
 0001:0004AA8C       Controls.DoWriteExplicit
 0001:0004AA58       Controls.DoWriteIsControl
 0004:00004C6C       Controls.DragCapture
 0004:00004C60       Controls.DragControl
 0001:0004750C       Controls.DragDone
 0001:00046D50       Controls.DragFindTarget
 0001:00046D24       Controls.DragFindWindow
 0004:00004C84       Controls.DragImageList
 0001:00047164       Controls.DragInit
 0001:000472D4       Controls.DragInitControl
 0004:00004C68       Controls.DragInternalObject
 0001:00046C6C       Controls.DragMessage
 0004:00004C64       Controls.DragObject
 0004:00004C90       Controls.DragSave
 0004:00004C78       Controls.DragSaveCursor
 0004:00004C70       Controls.DragStartPos
 0004:00004C7C       Controls.DragThreshold
 0001:00046E7C       Controls.DragTo
 0001:00054994       Controls.DrawCloseButton
 0001:00054A28       Controls.DrawGrabberLine
 0001:00054AB0       Controls.DrawThemedGrabber
 0001:0004EE7C       Controls.DrawThemeEdge
 0003:000016FC       Controls.EdgeStyles
 0001:00057074       Controls.Finalization
 0001:00045D64       Controls.FindControl
 0001:0004787C       Controls.FindDragTarget
 0001:00047848       Controls.FindVCLWindow
 0001:00047940       Controls.FreeDeviceContext
 0001:000479FC       Controls.FreeDeviceContexts
 0001:000460B0       Controls.GetCaptureControl
 0001:0004C8FC       Controls.GetClientSize
 0001:0004E018       Controls.GetControlAtPos
 0001:00055AE0       Controls.GetDockAlign
 0001:00046ABC       Controls.GetDockSiteAtPos
 0001:00046DDC       Controls.GetDropCtl
 0001:00053A64       Controls.GetLastChildZone
 0001:00046018       Controls.GetLongHint
 0001:00045FD4       Controls.GetShortHint
 0001:000461BC       Controls.GetTopParent
 0001:00055B5C       Controls.HideZone
 0001:00045FC4       Controls.IdentToCursor
 0003:0000173C       Controls.IMM32DLL
 0001:00056A24       Controls.Imm32IsIME
 0001:00056AC0       Controls.InitControls
 0001:000566C8       Controls.InitIMM32
 0001:00045C20       Controls.InitWndProc
 0003:000016DC       Controls.InnerStyles
 0001:0004C95C       Controls.InsertBefore
 0001:00046870       Controls.IsBeforeTargetWindow
 0001:00046CC4       Controls.IsDelphiHandle
 0001:00053498       Controls.IsOrientationSet
 0001:00046A78       Controls.IsSiteChildOfClient
 0001:00045DC0       Controls.IsVCLControl
 0004:00004C40       Controls.IsVCLControlHook
 0001:000478C8       Controls.ListAdd
 0001:000478F0       Controls.ListRemove
 0003:00001728       Controls.MakeLast
 0001:0004BB94       Controls.MinVar
 0003:00001740       Controls.ModeMap
 0004:00004C3C       Controls.Mouse
 0001:00047910       Controls.MoveWindowOrg
 0004:00004C48       Controls.NewStyleControls
 0001:0005347C       Controls.NextVisibleZone
 0001:00045D30       Controls.ObjectFromHWnd
 0003:00001720       Controls.OrientArray
 0003:000016EC       Controls.OuterStyles
 0001:0005388C       Controls.ParentNotLast
 0001:0004605C       Controls.PerformEraseBackground
 0001:0004D884       Controls.PointsEqual
 0004:00004C8C       Controls.QualifyingSites
 0001:000545F8       Controls.ReadControlName
 0001:00046C10       Controls.RegisterDockSite
 0004:00004C5C       Controls.RM_GetObjectInstance
 0001:00045DF0       Controls.SendAppMessage
 0001:000460D8       Controls.SetCaptureControl
 0001:0005694C       Controls.SetImeMode
 0001:0004B514       Controls.SetParentColor
 0003:000016D4       Controls.ShowFlags
 0001:00055BDC       Controls.ShowZone
 0003:00001734       Controls.SizeCursors
 0001:0004658C       Controls.TBaseDragControlObject.Assign
 0001:00046568       Controls.TBaseDragControlObject.Create
 0001:000465B8       Controls.TBaseDragControlObject.EndDrag
 0001:000465DC       Controls.TBaseDragControlObject.Finished
 0001:0004B8C4       Controls.TControl.ActionChange
 0001:0004BCB4       Controls.TControl.AdjustSize
 0001:0004BAE8       Controls.TControl.AssignTo
 0001:00049A6C       Controls.TControl.BeginAutoDrag
 0001:00049A88       Controls.TControl.BeginDrag
 0001:000495A4       Controls.TControl.BringToFront
 0001:0004A4D0       Controls.TControl.CalcCursorPos
 0001:0004A638       Controls.TControl.CalcDockSizes
 0001:0004A3D0       Controls.TControl.CanAutoSize
 0001:0004A3D4       Controls.TControl.CanResize
 0001:00048F0C       Controls.TControl.Changed
 0001:00048F1C       Controls.TControl.ChangeScale
 0001:0004B048       Controls.TControl.CheckNewSize
 0001:0004AE3C       Controls.TControl.Click
 0001:0004BEF4       Controls.TControl.ClientToParent
 0001:00048D94       Controls.TControl.ClientToScreen
 0001:0004B61C       Controls.TControl.CMBiDiModeChanged
 0001:0004B504       Controls.TControl.CMColorChanged
 0001:0004B74C       Controls.TControl.CMDesignHitTest
 0001:0004B4E4       Controls.TControl.CMEnabledChanged
 0001:0004B864       Controls.TControl.CMFloat
 0001:0004B4F4       Controls.TControl.CMFontChanged
 0001:0004BD40       Controls.TControl.CMHintShow
 0001:0004B6CC       Controls.TControl.CMHitTest
 0001:0004C004       Controls.TControl.CMMouseActivate
 0001:0004B6D4       Controls.TControl.CMMouseEnter
 0001:0004B710       Controls.TControl.CMMouseLeave
 0001:0004B5AC       Controls.TControl.CMMouseWheel
 0001:0004B588       Controls.TControl.CMParentBiDiModeChanged
 0001:0004B54C       Controls.TControl.CMParentColorChanged
 0001:0004B678       Controls.TControl.CMParentFontChanged
 0001:0004B63C       Controls.TControl.CMParentShowHintChanged
 0001:0004B6A8       Controls.TControl.CMSysFontChanged
 0001:0004B4BC       Controls.TControl.CMVisibleChanged
 0001:0004A4A0       Controls.TControl.ConstrainedResize
 0001:0004816C       Controls.TControl.Create
 0001:0004B754       Controls.TControl.CreateFloatingDockSite
 0001:0004AEA8       Controls.TControl.DblClick
 0001:00049F10       Controls.TControl.DefaultDockImage
 0001:0004A9B0       Controls.TControl.DefaultHandler
 0001:0004ACAC       Controls.TControl.DefineProperties
 0001:0004A4FC       Controls.TControl.DesignWndProc
 0001:00048264       Controls.TControl.Destroy
 0001:0004B9C4       Controls.TControl.DoActionChange
 0001:0004A404       Controls.TControl.DoCanAutoSize
 0001:0004A470       Controls.TControl.DoCanResize
 0001:00048A64       Controls.TControl.Dock
 0001:00049D0C       Controls.TControl.DockTrackNoTarget
 0001:0004A530       Controls.TControl.DoConstrainedResize
 0001:0004A3C0       Controls.TControl.DoConstraintsChange
 0001:0004BEB4       Controls.TControl.DoContextPopup
 0001:00048B94       Controls.TControl.DoDock
 0001:0004A05C       Controls.TControl.DoDragMsg
 0001:00049D24       Controls.TControl.DoEndDock
 0001:00049C0C       Controls.TControl.DoEndDrag
 0001:0004C028       Controls.TControl.DoMarginChange
 0001:00049D70       Controls.TControl.DoMouseActivate
 0001:0004AF00       Controls.TControl.DoMouseDown
 0001:0004B278       Controls.TControl.DoMouseUp
 0001:00049DA4       Controls.TControl.DoMouseWheel
 0001:00049E78       Controls.TControl.DoMouseWheelDown
 0001:00049EC4       Controls.TControl.DoMouseWheelUp
 0001:00049D50       Controls.TControl.DoStartDock
 0001:00049BEC       Controls.TControl.DoStartDrag
 0001:00049B74       Controls.TControl.DragCanceled
 0001:00049BC0       Controls.TControl.DragDrop
 0001:00049B78       Controls.TControl.Dragging
 0001:00049B84       Controls.TControl.DragOver
 0001:0004A03C       Controls.TControl.DrawDragDockImage
 0001:0004BCD4       Controls.TControl.DrawTextBiDiModeFlags
 0001:0004BD14       Controls.TControl.DrawTextBiDiModeFlagsReadingOnly
 0001:0004A04C       Controls.TControl.EraseDragDockImage
 0001:000493C4       Controls.TControl.FontChanged
 0001:000483EC       Controls.TControl.GetAction
 0001:0004B9E8       Controls.TControl.GetActionLinkClass
 0001:0004C03C       Controls.TControl.GetAlignWithMargins
 0001:00048C24       Controls.TControl.GetBoundsRect
 0001:00048CC4       Controls.TControl.GetClientHeight
 0001:00048D04       Controls.TControl.GetClientOrigin
 0001:00048C68       Controls.TControl.GetClientRect
 0001:00048C80       Controls.TControl.GetClientWidth
 0001:00049A1C       Controls.TControl.GetControlsAlignment
 0001:00049664       Controls.TControl.GetDeviceContext
 0001:0004BBD0       Controls.TControl.GetDockEdge
 0001:0004832C       Controls.TControl.GetDragImages
 0001:00048330       Controls.TControl.GetEnabled
 0001:0004BC80       Controls.TControl.GetFloating
 0001:0004BCAC       Controls.TControl.GetFloatingDockSiteClass
 0001:0004956C       Controls.TControl.GetMouseCapture
 0001:00048338       Controls.TControl.GetPalette
 0001:00048344       Controls.TControl.GetParentComponent
 0001:0004B040       Controls.TControl.GetPopupMenu
 0001:00049314       Controls.TControl.GetText
 0001:00049294       Controls.TControl.GetTextBuf
 0001:00049284       Controls.TControl.GetTextLen
 0001:000492A0       Controls.TControl.GetUndockHeight
 0001:000492B4       Controls.TControl.GetUndockWidth
 0001:0004833C       Controls.TControl.HasParent
 0001:0004BD30       Controls.TControl.InitiateAction
 0001:00049824       Controls.TControl.Invalidate
 0001:00049798       Controls.TControl.InvalidateControl
 0001:00048518       Controls.TControl.IsAnchorsStored
 0001:00049438       Controls.TControl.IsBiDiModeStored
 0001:0004B9F0       Controls.TControl.IsCaptionStored
 0001:00049500       Controls.TControl.IsColorStored
 0001:0004BA10       Controls.TControl.IsEnabledStored
 0001:00049418       Controls.TControl.IsFontStored
 0001:0004BA50       Controls.TControl.IsHelpContextStored
 0001:0004BA30       Controls.TControl.IsHintStored
 0001:0004BA90       Controls.TControl.IsOnClickStored
 0001:0004942C       Controls.TControl.IsShowHintStored
 0001:0004BA70       Controls.TControl.IsVisibleStored
 0001:0004BAB0       Controls.TControl.Loaded
 0001:0004A14C       Controls.TControl.ManualDock
 0001:0004A32C       Controls.TControl.ManualFloat
 0001:00049838       Controls.TControl.MouseActivate
 0001:0004AEC8       Controls.TControl.MouseDown
 0001:0004B194       Controls.TControl.MouseMove
 0001:0004B240       Controls.TControl.MouseUp
 0001:00049880       Controls.TControl.MouseWheelHandler
 0001:00048630       Controls.TControl.Notification
 0001:00048370       Controls.TControl.PaletteChanged
 0001:0004A604       Controls.TControl.Perform
 0001:00049C38       Controls.TControl.PositionDockRect
 0001:0004C118       Controls.TControl.ReadExplicitHeight
 0001:0004C130       Controls.TControl.ReadExplicitLeft
 0001:0004C100       Controls.TControl.ReadExplicitTop
 0001:0004C0D8       Controls.TControl.ReadExplicitWidth
 0001:0004AA38       Controls.TControl.ReadIsControl
 0001:0004859C       Controls.TControl.ReadState
 0001:00049914       Controls.TControl.Refresh
 0001:00049920       Controls.TControl.Repaint
 0001:0004856C       Controls.TControl.RequestAlign
 0001:0004857C       Controls.TControl.Resize
 0001:00048DC0       Controls.TControl.ScaleConstraints
 0001:00048E44       Controls.TControl.ScreenToClient
 0001:00048E70       Controls.TControl.SendCancelMode
 0001:00048EA0       Controls.TControl.SendDockNotification
 0001:0004849C       Controls.TControl.SetAction
 0001:00048688       Controls.TControl.SetAlign
 0001:0004C044       Controls.TControl.SetAlignWithMargins
 0001:000483FC       Controls.TControl.SetAnchors
 0001:000490E0       Controls.TControl.SetAutoSize
 0001:000493A8       Controls.TControl.SetBiDiMode
 0001:00048770       Controls.TControl.SetBounds
 0001:00048C44       Controls.TControl.SetBoundsRect
 0001:00048CDC       Controls.TControl.SetClientHeight
 0001:000491A0       Controls.TControl.SetClientSize
 0001:00048C98       Controls.TControl.SetClientWidth
 0001:000494B4       Controls.TControl.SetColor
 0001:0004BEE8       Controls.TControl.SetConstraints
 0001:00049550       Controls.TControl.SetCursor
 0001:00048530       Controls.TControl.SetDesignVisible
 0001:00048568       Controls.TControl.SetDragMode
 0001:0004926C       Controls.TControl.SetEnabled
 0001:00049408       Controls.TControl.SetFont
 0001:00048A30       Controls.TControl.SetHeight
 0001:00048BEC       Controls.TControl.SetHelpContext
 0001:00048C00       Controls.TControl.SetHelpKeyword
 0001:00048994       Controls.TControl.SetLeft
 0001:0004C030       Controls.TControl.SetMargins
 0001:0004957C       Controls.TControl.SetMouseCapture
 0001:000490FC       Controls.TControl.SetName
 0001:000491E8       Controls.TControl.SetParent
 0001:0004952C       Controls.TControl.SetParentBiDiMode
 0001:00049508       Controls.TControl.SetParentColor
 0001:00048348       Controls.TControl.SetParentComponent
 0001:00049440       Controls.TControl.SetParentFont
 0001:00049488       Controls.TControl.SetParentShowHint
 0001:000492C8       Controls.TControl.SetPopupMenu
 0001:00049464       Controls.TControl.SetShowHint
 0001:00049344       Controls.TControl.SetText
 0001:000492F0       Controls.TControl.SetTextBuf
 0001:000489C8       Controls.TControl.SetTop
 0001:00049234       Controls.TControl.SetVisible
 0001:000489FC       Controls.TControl.SetWidth
 0001:00049640       Controls.TControl.SetZOrder
 0001:000495B8       Controls.TControl.SetZOrderPosition
 0001:00049900       Controls.TControl.Update
 0001:00048810       Controls.TControl.UpdateAnchorRules
 0001:0004A6AC       Controls.TControl.UpdateBoundsRect
 0001:0004C074       Controls.TControl.UpdateExplicitBounds
 0001:00049A38       Controls.TControl.UseRightToLeftAlignment
 0001:00049A20       Controls.TControl.UseRightToLeftReading
 0001:00049A50       Controls.TControl.UseRightToLeftScrollBar
 0001:0004A6DC       Controls.TControl.VisibleChanging
 0001:0004B3CC       Controls.TControl.WMCancelMode
 0001:0004BD70       Controls.TControl.WMContextMenu
 0001:0004AFEC       Controls.TControl.WMLButtonDblClk
 0001:0004AF84       Controls.TControl.WMLButtonDown
 0001:0004B2B0       Controls.TControl.WMLButtonUp
 0001:0004B168       Controls.TControl.WMMButtonDblClk
 0001:0004B13C       Controls.TControl.WMMButtonDown
 0001:0004B354       Controls.TControl.WMMButtonUp
 0001:0004B1C8       Controls.TControl.WMMouseMove
 0001:0004B374       Controls.TControl.WMMouseWheel
 0001:0004AFD0       Controls.TControl.WMNCLButtonDown
 0001:0004B110       Controls.TControl.WMRButtonDblClk
 0001:0004B0E4       Controls.TControl.WMRButtonDown
 0001:0004B334       Controls.TControl.WMRButtonUp
 0001:0004B40C       Controls.TControl.WMWindowPosChanged
 0001:0004A6E0       Controls.TControl.WndProc
 0001:0004C0B8       Controls.TControl.WriteExplicitHeight
 0001:0004C0C8       Controls.TControl.WriteExplicitLeft
 0001:0004C0A8       Controls.TControl.WriteExplicitTop
 0001:0004C0F0       Controls.TControl.WriteExplicitWidth
 0001:0004AA4C       Controls.TControl.WriteIsControl
 0001:00047D18       Controls.TControlActionLink.AssignClient
 0001:00047D34       Controls.TControlActionLink.DoShowHint
 0001:00047E24       Controls.TControlActionLink.IsCaptionLinked
 0001:00047E98       Controls.TControlActionLink.IsDropdownMenuLinked
 0001:00047EAC       Controls.TControlActionLink.IsEnabledLinked
 0001:00047EE0       Controls.TControlActionLink.IsEnableDropdownLinked
 0001:00048080       Controls.TControlActionLink.IsHelpLinked
 0001:00047EF4       Controls.TControlActionLink.IsHintLinked
 0001:00047FA0       Controls.TControlActionLink.IsOnExecuteLinked
 0001:00047F2C       Controls.TControlActionLink.IsPopupMenuLinked
 0001:00047F6C       Controls.TControlActionLink.IsVisibleLinked
 0001:00047FC8       Controls.TControlActionLink.SetCaption
 0001:00047FE8       Controls.TControlActionLink.SetDropdownMenu
 0001:00047FEC       Controls.TControlActionLink.SetEnabled
 0001:0004800C       Controls.TControlActionLink.SetEnableDropdown
 0001:00048108       Controls.TControlActionLink.SetHelpContext
 0001:000480E8       Controls.TControlActionLink.SetHelpKeyword
 0001:00048128       Controls.TControlActionLink.SetHelpType
 0001:00048010       Controls.TControlActionLink.SetHint
 0001:00048054       Controls.TControlActionLink.SetOnExecute
 0001:00048148       Controls.TControlActionLink.SetPopupMenu
 0001:00048034       Controls.TControlActionLink.SetVisible
 0001:00047AD4       Controls.TControlCanvas.CreateHandle
 0001:00047AA8       Controls.TControlCanvas.Destroy
 0001:00047B7C       Controls.TControlCanvas.FreeHandle
 0001:00047BB0       Controls.TControlCanvas.SetControl
 0001:00047BC8       Controls.TControlCanvas.UpdateTextFlags
 0001:00053320       Controls.TCustomControl.Create
 0001:0005337C       Controls.TCustomControl.Destroy
 0001:00053478       Controls.TCustomControl.Paint
 0001:000533CC       Controls.TCustomControl.PaintWindow
 0001:000533AC       Controls.TCustomControl.WMPaint
 0001:00056C8C       Controls.TCustomListControl.MoveSelection
 0001:00056034       Controls.TDockTree.ActualSize
 0001:00053D04       Controls.TDockTree.AdjustDockRect
 0001:000560C8       Controls.TDockTree.AdjustFrameRect
 0001:00053D1C       Controls.TDockTree.BeginUpdate
 0001:00055D14       Controls.TDockTree.ControlVisibilityChanged
 0001:00053B48       Controls.TDockTree.Create
 0001:00053CB0       Controls.TDockTree.Destroy
 0001:00055914       Controls.TDockTree.DrawSizeSplitter
 0001:00053D20       Controls.TDockTree.EndUpdate
 0001:000543D0       Controls.TDockTree.FindControlAtPos
 0001:00053D8C       Controls.TDockTree.FindControlZone
 0001:00053DF4       Controls.TDockTree.ForEachAt
 0001:00053E0C       Controls.TDockTree.GetControlBounds
 0001:00055A90       Controls.TDockTree.GetNextLimit
 0001:00053E80       Controls.TDockTree.HitTest
 0001:00053E90       Controls.TDockTree.InsertControl
 0001:000540AC       Controls.TDockTree.InsertNewParent
 0001:00054254       Controls.TDockTree.InsertSibling
 0001:00054570       Controls.TDockTree.InternalHitTest
 0001:00054640       Controls.TDockTree.LoadFromStream
 0001:00056108       Controls.TDockTree.MouseDown
 0001:000562BC       Controls.TDockTree.MouseMove
 0001:0005630C       Controls.TDockTree.MouseUp
 0001:00054B0C       Controls.TDockTree.PaintDockFrame
 0001:00054C60       Controls.TDockTree.PaintSite
 0001:00054D94       Controls.TDockTree.PositionDockRect
 0001:00054F44       Controls.TDockTree.PruneZone
 0001:0005609C       Controls.TDockTree.ReferenceFromOrient
 0001:00056064       Controls.TDockTree.RelativeSize
 0001:00054FA0       Controls.TDockTree.RemoveControl
 0001:00054FE0       Controls.TDockTree.RemoveZone
 0001:00055280       Controls.TDockTree.ResetBounds
 0001:00055534       Controls.TDockTree.SaveToStream
 0001:00055368       Controls.TDockTree.ScaleZone
 0001:00055770       Controls.TDockTree.SetNewBounds
 0001:000557A0       Controls.TDockTree.SetReplacingControl
 0001:000557B8       Controls.TDockTree.ShiftZone
 0001:00056380       Controls.TDockTree.ShowHint
 0001:000557EC       Controls.TDockTree.SplitterMouseDown
 0001:0005584C       Controls.TDockTree.SplitterMouseUp
 0001:000558C8       Controls.TDockTree.UpdateAll
 0001:000558F0       Controls.TDockTree.UpdateZone
 0001:00055900       Controls.TDockTree.WindowProc
[...]
 0004:000049CC       Classes.GlobalFixupList
 0004:000049D0       Classes.ThreadLock
 0004:000049E8       Classes.InstBlockList
 0004:000049EC       Classes.InstFreeList
 0004:000049F0       HelpIntfs..2
 0004:000049F4       HelpIntfs.HelpManager
 0004:000049F8       MultiMon.GetSystemMetrics
 0004:000049FC       MultiMon.MonitorFromWindow
 0004:00004A00       MultiMon.MonitorFromRect
 0004:00004A04       MultiMon.MonitorFromPoint
 0004:00004A08       MultiMon.GetMonitorInfo
 0004:00004A0C       MultiMon.GetMonitorInfoA
 0004:00004A10       MultiMon.GetMonitorInfoW
 0004:00004A14       MultiMon.EnumDisplayMonitors
 0004:00004A18       MultiMon..1
 0004:00004A1C       MultiMon.User32Dll
 0004:00004A20       MultiMon.InitApis
 0004:00004A28       MultiMon.MMAvailable
 0004:00004A2C       CommCtrl.ComCtl32DLL
 0004:00004A30       CommCtrl._InitCommonControlsEx
 0004:00004A34       CommCtrl._TaskDialogIndirect
 0004:00004A38       IniFiles..8
 0004:00004A3C       Registry..5
 0004:00004A40       Graphics.SystemPalette16
 0004:00004A44       Graphics..12
 0004:00004A48       Graphics.ScreenLogPixels
 0004:00004A4C       Graphics.StockPen
 0004:00004A50       Graphics.StockBrush
 0004:00004A54       Graphics.StockFont
 0004:00004A58       Graphics.StockIcon
 0004:00004A5C       Graphics.BitmapImageLock
 0004:00004A74       Graphics.CounterLock
 0004:00004A8C       Graphics.FontManager
 0004:00004A90       Graphics.PenManager
 0004:00004A94       Graphics.BrushManager
 0004:00004A98       Graphics.CanvasList
 0004:00004A9C       Graphics.PatternManager
 0004:00004AA0       UxTheme.OpenThemeData
 0004:00004AA4       UxTheme.CloseThemeData
 0004:00004AA8       UxTheme.DrawThemeBackground
 0004:00004AAC       UxTheme.DrawThemeText
 0004:00004AB0       UxTheme.GetThemeBackgroundContentRect
 0004:00004AB4       UxTheme.GetThemeBackgroundExtent
 0004:00004AB8       UxTheme.GetThemePartSize
 0004:00004ABC       UxTheme.GetThemeTextExtent
 0004:00004AC0       UxTheme.GetThemeTextMetrics
 0004:00004AC4       UxTheme.GetThemeBackgroundRegion
 0004:00004AC8       UxTheme.HitTestThemeBackground
 0004:00004ACC       UxTheme.DrawThemeEdge
 0004:00004AD0       UxTheme.DrawThemeIcon
 0004:00004AD4       UxTheme.IsThemePartDefined
 0004:00004AD8       UxTheme.IsThemeBackgroundPartiallyTransparent
 0004:00004ADC       UxTheme.GetThemeColor
 0004:00004AE0       UxTheme.GetThemeMetric
 0004:00004AE4       UxTheme.GetThemeString
 0004:00004AE8       UxTheme.GetThemeBool
 0004:00004AEC       UxTheme.GetThemeInt
 0004:00004AF0       UxTheme.GetThemeEnumValue
 0004:00004AF4       UxTheme.GetThemePosition
 0004:00004AF8       UxTheme.GetThemeFont
 0004:00004AFC       UxTheme.GetThemeRect
 0004:00004B00       UxTheme.GetThemeMargins
 0004:00004B04       UxTheme.GetThemeIntList
 0004:00004B08       UxTheme.GetThemePropertyOrigin
 0004:00004B0C       UxTheme.SetWindowTheme
 0004:00004B10       UxTheme.GetThemeFilename
 0004:00004B14       UxTheme.GetThemeSysColor
 0004:00004B18       UxTheme.GetThemeSysColorBrush
 0004:00004B1C       UxTheme.GetThemeSysBool
 0004:00004B20       UxTheme.GetThemeSysSize
 0004:00004B24       UxTheme.GetThemeSysFont
 0004:00004B28       UxTheme.GetThemeSysString
 0004:00004B2C       UxTheme.GetThemeSysInt
 0004:00004B30       UxTheme.IsThemeActive
 0004:00004B34       UxTheme.IsAppThemed
 0004:00004B38       UxTheme.GetWindowTheme
 0004:00004B3C       UxTheme.EnableThemeDialogTexture
 0004:00004B40       UxTheme.IsThemeDialogTextureEnabled
 0004:00004B44       UxTheme.GetThemeAppProperties
 0004:00004B48       UxTheme.SetThemeAppProperties
 0004:00004B4C       UxTheme.GetCurrentThemeName
 0004:00004B50       UxTheme.GetThemeDocumentationProperty
 0004:00004B54       UxTheme.DrawThemeParentBackground
 0004:00004B58       UxTheme.EnableTheming
 0004:00004B5C       UxTheme..1
 0004:00004B60       UxTheme.ThemeLibrary
 0004:00004B64       UxTheme.ReferenceCount
 0004:00004B68       UxTheme.Lock
 0004:00004B6C       UxTheme._DrawThemeTextEx
 0004:00004B70       UxTheme._BeginBufferedPaint
 0004:00004B74       UxTheme._EndBufferedPaint
 0004:00004B78       UxTheme._BufferedPaintSetAlpha
 0004:00004B7C       DwmApi..1
 0004:00004B80       DwmApi.hDWMAPI
 0004:00004B84       DwmApi._DwmExtendFrameIntoClientArea
 0004:00004B88       DwmApi._DwmIsCompositionEnabled
 0004:00004B8C       Printers..3
 0004:00004B90       GraphUtil..2
 0004:00004B94       GraphUtil.MsImgHandle
 0004:00004B98       GraphUtil.MsImgInitialized
 0004:00004B9C       GraphUtil.GradientFillFunc
 0004:00004BA0       ExtCtrls.TCustomTrayIcon.RM_TaskbarCreated
 0004:00004BA4       ExtCtrls..83
 0004:00004BA8       Dialogs..03
 0004:00004BAC       Dialogs.HelpMsg
 0004:00004BB0       Dialogs.FindMsg
 0004:00004BB4       Dialogs.ButtonWidths
 0004:00004BE0       Clipbrd.CF_PICTURE
 0004:00004BE2       Clipbrd.CF_COMPONENT
 0004:00004BE4       Clipbrd..2
 0004:00004BE8       Clipbrd.FClipboard
 0004:00004BEC       FlatSB.FlatSB_EnableScrollBar
 0004:00004BF0       FlatSB.FlatSB_ShowScrollBar
 0004:00004BF4       FlatSB.FlatSB_GetScrollRange
 0004:00004BF8       FlatSB.FlatSB_GetScrollInfo
 0004:00004BFC       FlatSB.FlatSB_GetScrollPos
 0004:00004C00       FlatSB.FlatSB_SetScrollPos
 0004:00004C04       FlatSB.FlatSB_SetScrollInfo
 0004:00004C08       FlatSB.FlatSB_SetScrollRange
 0004:00004C0C       FlatSB..1
 0004:00004C10       FlatSB._FlatSB_GetScrollProp
 0004:00004C14       FlatSB._FlatSB_SetScrollProp
 0004:00004C18       FlatSB._InitializeFlatSB
 0004:00004C1C       FlatSB._UninitializeFlatSB
 0004:00004C20       Themes..2
 0004:00004C24       Themes.InternalServices
 0004:00004C28       Themes.RM_UnthemedDesigner
 0004:00004C2C       Menus.PopupList
 0004:00004C30       Menus.ShortCutItems
 0004:00004C34       Menus..01
 0004:00004C38       Menus.CommandPool
 0004:00004C3C       Controls.Mouse
 0004:00004C40       Controls.IsVCLControlHook
 0004:00004C48       Controls.NewStyleControls
 0004:00004C4C       Controls..33
 0004:00004C50       Controls.WindowAtom
 0004:00004C52       Controls.ControlAtom
 0004:00004C54       Controls.WindowAtomString
 0004:00004C58       Controls.ControlAtomString
 0004:00004C5C       Controls.RM_GetObjectInstance
 0004:00004C60       Controls.DragControl
 0004:00004C64       Controls.DragObject
 0004:00004C68       Controls.DragInternalObject
 0004:00004C6C       Controls.DragCapture
 0004:00004C70       Controls.DragStartPos
 0004:00004C78       Controls.DragSaveCursor
 0004:00004C7C       Controls.DragThreshold
 0004:00004C80       Controls.ActiveDrag
 0004:00004C84       Controls.DragImageList
 0004:00004C88       Controls.DockSiteList
 0004:00004C8C       Controls.QualifyingSites
 0004:00004C90       Controls.DragSave
 0004:00004C94       Controls.CanvasList
 0004:00004C98       Controls._WINNLSEnableIME
 0004:00004C9C       Controls._ImmGetContext
 0004:00004CA0       Controls._ImmReleaseContext
 0004:00004CA4       Controls._ImmGetConversionStatus
 0004:00004CA8       Controls._ImmSetConversionStatus
 0004:00004CAC       Controls._ImmSetOpenStatus
 0004:00004CB0       Controls._ImmSetCompositionWindow
 0004:00004CB4       Controls._ImmSetCompositionFont
 0004:00004CB8       Controls._ImmGetCompositionString
 0004:00004CBC       Controls._ImmIsIME
 0004:00004CC0       Controls._ImmNotifyIME
 0004:00004CC4       ImgList.CachedComCtrlVer
 0004:00004CC8       ImgList.ImageListWriteExProc
 0004:00004CCC       ActnList..9
 0004:00004CD0       Forms.Application
 0004:00004CD4       Forms.Screen
 0004:00004CD8       Forms..51
 0004:00004CDC       Forms.RM_TaskbarCreated
 0004:00004CE0       Forms.AppIconic
 0004:00004CE4       Forms.HintThreadID
 0004:00004CE8       Forms.HintDoneEvent
 0004:00004CEC       Forms.HintHook
 0004:00004CF0       Forms.HintThread
 0004:00004CF4       Forms.OwnedAppWnds
 0004:00004CF8       Forms.LastActive
 0004:00004CFC       Forms.IdleTimerHandle
 0004:00004D00       Forms.AppMainFormOnTaskBar
 0004:00004D04       CheckLst..2
 0004:00004D08       CheckLst.FCheckWidth
 0004:00004D0C       CheckLst.FCheckHeight
 0004:00004D10       Buttons..5
 0004:00004D14       Buttons.BitBtnGlyphs
 0004:00004D40       ExtDlgs..6
 0004:00004D44       Mapi..1
 0004:00004D48       ExtActns..72
 0004:00004D4C       ExtActns.UrlMonHandle
 0004:00004D50       ExtActns.UrlMonInitialized
 0004:00004D54       ComCtrls..76
 0004:00004D58       ComCtrls.ShellModule
 0004:00004D5C       ComCtrls.FRichEditModule
 0004:00004D60       ComObj..41
 0004:00004D64       ComObj.OleUninitializing
 0004:00004D68       ComObj.ComClassManagerVar
 0004:00004D6C       ComObj.SaveInitProc
 0004:00004D70       ComObj.NeedToUninitialize
 0004:00004D74       OleServer..3
 0004:00004D78       Unit2.Form2
 0004:00004D7C       Unit1.Form1
 0004:00004D80       Unit1.Kernel1
 0005:00000000       System.RaiseListPtr
 0005:00000004       System.InOutRes
 0005:00000008       Classes.GlobalLoaded
 0005:0000000C       Classes.GlobalLists
 0005:00000010       GraphUtil.CachedHighlightLum
 0005:00000014       GraphUtil.CachedHighlightColor
 0005:00000018       GraphUtil.CachedHighlight
 0005:0000001C       GraphUtil.CachedShadowLum
 0005:00000020       GraphUtil.CachedShadowColor
 0005:00000024       GraphUtil.CachedShadow
 0005:00000028       GraphUtil.CachedColorValue
 0005:0000002C       GraphUtil.CachedLumValue
 0005:00000030       GraphUtil.CachedColorAdjustLuma
 0005:00000034       SysInit.TlsLast


Line numbers for Spin(Spin.pas) segment .text

   207 0001:000720EC   208 0001:000720FE   209 0001:00072107   212 0001:0007211A
   213 0001:00072127   214 0001:00072134   215 0001:0007213D   217 0001:00072146
   218 0001:00072152   219 0001:0007215E   220 0001:0007216A   223 0001:0007218C
   224 0001:00072190   225 0001:000721A0   226 0001:000721B0   227 0001:000721C0
   228 0001:000721C9   229 0001:000721D2   230 0001:000721DF   231 0001:000721E8
   235 0001:000721F4   236 0001:000721FD   237 0001:00072208   238 0001:00072215
   239 0001:0007221D   242 0001:00072224   243 0001:0007222E   244 0001:0007223E
   245 0001:00072249   246 0001:00072262   247 0001:00072287   252 0001:0007228C
   253 0001:0007229B   254 0001:000722A1   255 0001:000722A7   256 0001:000722B4
   257 0001:000722C7   262 0001:000722D0   263 0001:000722D9   266 0001:000722E2
   267 0001:000722E8   268 0001:000722EF   269 0001:000722FC   270 0001:0007230D
   271 0001:00072323   272 0001:00072328   275 0001:00072330   276 0001:00072334
   277 0001:0007234D   278 0001:00072357   281 0001:00072360   282 0001:00072364
   283 0001:0007237F   284 0001:00072389   287 0001:00072390   288 0001:00072393
   291 0001:000723AA   292 0001:000723B7   296 0001:000723C8   297 0001:000723D5
   300 0001:000723E6   302 0001:000723F5   306 0001:000723F8   307 0001:00072400
   309 0001:00072408   310 0001:0007240F   312 0001:00072447   313 0001:00072457
   314 0001:00072481   316 0001:0007248B   319 0001:00072494   320 0001:00072495
   322 0001:0007249D   325 0001:000724B9   326 0001:000724D3   329 0001:000724D8
   330 0001:000724DF   332 0001:000724FF   333 0001:0007251A   334 0001:00072520
   336 0001:00072532   337 0001:0007254B   340 0001:00072555   344 0001:00072560
   345 0001:00072567   350 0001:00072568   351 0001:0007256E   352 0001:00072575
   353 0001:0007257B   354 0001:00072582   355 0001:0007258F   356 0001:000725A0
   357 0001:000725B6   361 0001:000725BC   362 0001:000725C7   365 0001:000725C8
   366 0001:000725CB   367 0001:000725CF   370 0001:000725DC   371 0001:000725FE
   372 0001:0007260B   374 0001:00072619   378 0001:00072624   379 0001:0007262F
   383 0001:00072630   384 0001:0007263B   388 0001:0007263C   389 0001:00072647
   392 0001:00072648   393 0001:0007264B   394 0001:0007264F   397 0001:0007265C
   398 0001:0007267E   399 0001:0007268B   401 0001:00072699   405 0001:000726A8
   406 0001:000726B3   410 0001:000726B4   411 0001:000726BF   416 0001:000726C0
   417 0001:000726D7   418 0001:000726E0   419 0001:000726F6   420 0001:00072702
   421 0001:00072712   422 0001:0007271F   423 0001:0007272C   424 0001:00072738
   425 0001:0007274C   426 0001:00072760   427 0001:0007276C   428 0001:00072779
   429 0001:00072783   430 0001:0007278A   433 0001:000727B8   434 0001:000727C3
   435 0001:000727CB   436 0001:000727D7   439 0001:000727E8   440 0001:000727EB
   443 0001:000727F0   444 0001:000727FA   445 0001:0007280E   446 0001:00072820
   447 0001:0007282D   450 0001:00072834   451 0001:0007283A   453 0001:0007284B
   454 0001:0007284E   456 0001:00072855   457 0001:00072863   460 0001:00072868
   461 0001:00072872   463 0001:000728AE   465 0001:000728CB   466 0001:000728CD
   469 0001:000728F4   470 0001:000728F7   472 0001:000728FE   473 0001:0007290C
   476 0001:00072910   477 0001:00072913   478 0001:0007291A   479 0001:00072921
   484 0001:00072924   485 0001:0007292A   486 0001:00072941   487 0001:0007294D
   488 0001:00072964   489 0001:0007296A   490 0001:0007296F   491 0001:00072986
   492 0001:0007299D   497 0001:000729A4   498 0001:000729A9   499 0001:000729B0
   502 0001:000729B7   503 0001:000729BC   504 0001:000729C7   506 0001:000729D0
   507 0001:000729E3   508 0001:00072A0E   509 0001:00072A37   511 0001:00072A3E
   519 0001:00072A44   520 0001:00072A4B   521 0001:00072A54   522 0001:00072A5B
   523 0001:00072A6C   524 0001:00072A77   525 0001:00072A7E   526 0001:00072A86
   527 0001:00072A89   528 0001:00072A93   529 0001:00072AAF   532 0001:00072AB8
   533 0001:00072ABB   534 0001:00072ACD   535 0001:00072AE3   538 0001:00072AE8
   539 0001:00072AEB   540 0001:00072AFD   541 0001:00072B13   544 0001:00072B18
   545 0001:00072B1B   546 0001:00072B2D   547 0001:00072B34   550 0001:00072B38
   551 0001:00072B3B   552 0001:00072B4D   553 0001:00072B54   556 0001:00072B58
   557 0001:00072B5C   558 0001:00072B63   559 0001:00072B80   560 0001:00072B90
   563 0001:00072B94   564 0001:00072BB3   565 0001:00072BC1   567 0001:00072BE5
   569 0001:00072BF3   572 0001:00072C1C   573 0001:00072C35   574 0001:00072C50
   577 0001:00072C74   578 0001:00072C76   579 0001:00072C78   581 0001:00072C88
   582 0001:00072C8C   583 0001:00072C90   584 0001:00072C94   586 0001:00072C96
   589 0001:00072C9C   590 0001:00072CA2   591 0001:00072CB1   592 0001:00072CB8
   593 0001:00072CC1   598 0001:00072CC4   599 0001:00072CCF   600 0001:00072CD9
   601 0001:00072CDE   602 0001:00072CEA   606 0001:00072CF8   607 0001:00072D02
   608 0001:00072D15   610 0001:00072D1E   611 0001:00072D27   613 0001:00072D3B
   614 0001:00072D4C   615 0001:00072D5C   617 0001:00072D69   621 0001:00072D70
   622 0001:00072D7A   623 0001:00072D8D   624 0001:00072D97   625 0001:00072D9E
   628 0001:00072DA4   629 0001:00072DAE   630 0001:00072DC1   632 0001:00072DD9
   633 0001:00072DE7   635 0001:00072E02   636 0001:00072E12   639 0001:00072E1C
   644 0001:00072E24   645 0001:00072E2A   646 0001:00072E31   648 0001:00072E3A
   649 0001:00072E4F   650 0001:00072E5D   651 0001:00072E66   652 0001:00072E74
   654 0001:00072E86   656 0001:00072EB9

Line numbers for Kernel7x_TLB(..\ActiveX\Kernel7x_TLB.pas) segment .text

  3543 0001:00075004  3544 0001:0007500C  3549 0001:00075010  3550 0001:00075026
  3552 0001:0007502F  3553 0001:00075039  3554 0001:00075043  3556 0001:00075056
  3566 0001:00075088  3567 0001:0007508B  3569 0001:00075094  3570 0001:000750A1
  3572 0001:000750AC  3575 0001:000750B0  3576 0001:000750B6  3577 0001:000750BF
  3578 0001:000750C6  3579 0001:000750E3  3580 0001:000750F0  3583 0001:000751B8
  3584 0001:000751CA  3588 0001:000751D3  3591 0001:000751F0  3595 0001:000751FB
  3596 0001:00075207  3606 0001:00075218  3607 0001:00075233  3609 0001:00075279
  3610 0001:00075284  3611 0001:0007529A  3612 0001:000752A5  3618 0001:000752E7
  3619 0001:000752F2  3623 0001:0007531E  3624 0001:00075329  3628 0001:00075352
  3629 0001:00075359  3632 0001:0007537D  3633 0001:00075384  3639 0001:000753BC
  3647 0001:000753E4  3648 0001:00075423  3649 0001:0007545E  3652 0001:00075494
  3653 0001:000754B6  3654 0001:000754D8  3682 0001:00075500  3683 0001:0007551C
  3684 0001:00075536  3692 0001:0007555C  3693 0001:0007557E  3694 0001:000755A0
  3893 0001:000755C8  3894 0001:000755F8  3895 0001:0007562B  3898 0001:00075650
  3899 0001:00075672  3900 0001:00075697  4067 0001:000756C0  4068 0001:000756DF
  4069 0001:00075703  4072 0001:00075728  4073 0001:00075747  4074 0001:0007576B
  4239 0001:00075790  4240 0001:000757AC  4241 0001:000757C6  4269 0001:000757EC
  4270 0001:00075808  4271 0001:00075825  4274 0001:00075848  4275 0001:00075864
  4276 0001:00075881  7000 0001:000758A4

Line numbers for Unit2(Unit2.pas) segment .text

    36 0001:00075AA4    37 0001:00075AA9    38 0001:00075AC4    39 0001:00075AD5
    37 0001:00075AEA    40 0001:00075AED    46 0001:00075AF4    47 0001:00075B11
    48 0001:00075B22    50 0001:00075B27    51 0001:00075B41    52 0001:00075B55
    48 0001:00075B56    53 0001:00075B5B    56 0001:00075B8C    57 0001:00075B92
    58 0001:00075B9E    59 0001:00075BAD    63 0001:00075BB4    64 0001:00075BB9
    66 0001:00075BE8

Line numbers for Unit1(Unit1.pas) segment .text

    73 0001:00075FB8    75 0001:00075FE5    76 0001:00075FEB    77 0001:00075FF2
    78 0001:00075FF6    80 0001:00075FFF    81 0001:00076004    82 0001:0007601D
    83 0001:00076025    84 0001:0007602C    86 0001:00076044    87 0001:00076059
    88 0001:0007606B    90 0001:00076081    94 0001:000760D0    95 0001:000760DA
    96 0001:000760F0    97 0001:000760FF   103 0001:00076100   104 0001:00076136
   107 0001:0007613B   108 0001:00076141   109 0001:00076148   110 0001:0007614C
   112 0001:00076155   113 0001:0007615A   114 0001:00076173   115 0001:0007619A
   117 0001:000761B7   118 0001:000761BD   119 0001:000761DA   120 0001:000761E1
   121 0001:000761EA   122 0001:000761F3   124 0001:000761FC   126 0001:00076212
   128 0001:0007622E   129 0001:00076243   130 0001:00076255   132 0001:00076297
   133 0001:000762C9   135 0001:000762D9   114 0001:000762DA   136 0001:000762E3
   141 0001:00076378   143 0001:000763A8   144 0001:000763AE   145 0001:000763B3
   146 0001:000763B7   148 0001:000763C0   149 0001:000763C5   150 0001:000763DE
   151 0001:000763F7   152 0001:000763FE   154 0001:00076416   155 0001:0007642B
   156 0001:0007643D   158 0001:00076453   163 0001:000764A8   164 0001:000764AF
   165 0001:000764CA   166 0001:000764DD   167 0001:000764E8   168 0001:000764F3
   170 0001:000764FC   171 0001:00076505   177 0001:00076534   182 0001:00076554
   183 0001:0007655F   185 0001:00076570   186 0001:00076586   188 0001:00076598
   189 0001:000765B0   191 0001:000765C8   192 0001:000765D2   193 0001:000765DB
   199 0001:00076648   200 0001:00076667   202 0001:00076678   203 0001:0007668E
   205 0001:000766A0   206 0001:000766C5   207 0001:000766D4   208 0001:00076705
   211 0001:00076754   212 0001:00076757   213 0001:0007676A   214 0001:00076779
   219 0001:0007677C   220 0001:000767B2   224 0001:000767C2   223 0001:000767F1
   225 0001:00076813   227 0001:00076825   228 0001:0007683B   231 0001:0007683D
   221 0001:00076853   233 0001:00076865   239 0001:000768F0   241 0001:00076931
   243 0001:00076940   245 0001:0007696F   246 0001:00076988   247 0001:00076996
   248 0001:000769C4   249 0001:000769CB   250 0001:000769D4   251 0001:000769DD
   252 0001:000769E6   256 0001:000769ED   257 0001:000769FC   259 0001:00076A96

Line numbers for ExemploOnOff(C:\Progs\Ponto2009\Rep\Henry\OnOff\ExemploOnOff.dpr) segment .itext

    10 0002:000007E4    11 0002:000007F4    12 0002:00000800    13 0002:00000818
    14 0002:00000824

Bound resource files

c:\program files (x86)\codegear\rad studio\5.0\lib\Controls.res
c:\program files (x86)\codegear\rad studio\5.0\lib\Buttons.res
c:\program files (x86)\codegear\rad studio\5.0\lib\ExtDlgs.res
c:\program files (x86)\codegear\rad studio\5.0\lib\SPIN.RES
Unit2.dfm
Unit1.dfm
ExemploOnOff.res
ExemploOnOff.drf


Program entry point at 0002:000007E4
