
 Start         Length     Name                   Class
 0001:00401000 00071D74H .text                   CODE
 0002:00473000 00000824H .itext                  ICODE
 0003:00474000 00001E4CH .data                   DATA
 0004:00476000 00004D7CH .bss                    BSS
 0005:00000000 00000034H .tls                    TLS


Detailed map of segments

 0001:00000000 000059F9 C=CODE     S=.text    G=(none)   M=System   ACBP=A9
 0001:000059FC 00000105 C=CODE     S=.text    G=(none)   M=SysInit  ACBP=A9
 0001:00005B04 00000058 C=CODE     S=.text    G=(none)   M=Types    ACBP=A9
 0001:00005B5C 00000C1C C=CODE     S=.text    G=(none)   M=Windows  ACBP=A9
 0001:00006778 000000AE C=CODE     S=.text    G=(none)   M=ActiveX  ACBP=A9
 0001:00006828 000002D8 C=CODE     S=.text    G=(none)   M=SysConst ACBP=A9
 0001:00006B00 00006A75 C=CODE     S=.text    G=(none)   M=SysUtils ACBP=A9
 0001:0000D578 000007EE C=CODE     S=.text    G=(none)   M=VarUtils ACBP=A9
 0001:0000DD68 00005A78 C=CODE     S=.text    G=(none)   M=Variants ACBP=A9
 0001:000137E0 00000100 C=CODE     S=.text    G=(none)   M=RTLConsts ACBP=A9
 0001:000138E0 000008DB C=CODE     S=.text    G=(none)   M=TypInfo  ACBP=A9
 0001:000141BC 0000A641 C=CODE     S=.text    G=(none)   M=Classes  ACBP=A9
 0001:0001E800 00000191 C=CODE     S=.text    G=(none)   M=Contnrs  ACBP=A9
 0001:0001E994 0000125E C=CODE     S=.text    G=(none)   M=HelpIntfs ACBP=A9
 0001:0001FBF4 00000772 C=CODE     S=.text    G=(none)   M=MultiMon ACBP=A9
 0001:00020368 000001D8 C=CODE     S=.text    G=(none)   M=CommCtrl ACBP=A9
 0001:00020540 000002D8 C=CODE     S=.text    G=(none)   M=Consts   ACBP=A9
 0001:00020818 0000005D C=CODE     S=.text    G=(none)   M=IniFiles ACBP=A9
 0001:00020878 000005C5 C=CODE     S=.text    G=(none)   M=Registry ACBP=A9
 0001:00020E40 000092BE C=CODE     S=.text    G=(none)   M=Graphics ACBP=A9
 0001:0002A100 0000016A C=CODE     S=.text    G=(none)   M=SyncObjs ACBP=A9
 0001:0002A26C 00000BB9 C=CODE     S=.text    G=(none)   M=UxTheme  ACBP=A9
 0001:0002AE28 00000194 C=CODE     S=.text    G=(none)   M=DwmApi   ACBP=A9
 0001:0002AFBC 00008AD4 C=CODE     S=.text    G=(none)   M=StdCtrls ACBP=A9
 0001:00033A90 0000003A C=CODE     S=.text    G=(none)   M=Printers ACBP=A9
 0001:00033ACC 00000047 C=CODE     S=.text    G=(none)   M=WideStrUtils ACBP=A9
 0001:00033B14 00000D76 C=CODE     S=.text    G=(none)   M=GraphUtil ACBP=A9
 0001:0003488C 0000244E C=CODE     S=.text    G=(none)   M=ExtCtrls ACBP=A9
 0001:00036CDC 00001A60 C=CODE     S=.text    G=(none)   M=Dialogs  ACBP=A9
 0001:0003873C 0000003A C=CODE     S=.text    G=(none)   M=Clipbrd  ACBP=A9
 0001:00038778 0000012D C=CODE     S=.text    G=(none)   M=StdActns ACBP=A9
 0001:000388A8 0000030E C=CODE     S=.text    G=(none)   M=FlatSB   ACBP=A9
 0001:00038BB8 00000DE2 C=CODE     S=.text    G=(none)   M=Themes   ACBP=A9
 0001:0003999C 00006A81 C=CODE     S=.text    G=(none)   M=Menus    ACBP=A9
 0001:00040420 00014114 C=CODE     S=.text    G=(none)   M=Controls ACBP=A9
 0001:00054534 00001B6D C=CODE     S=.text    G=(none)   M=ImgList  ACBP=A9
 0001:000560A4 00001332 C=CODE     S=.text    G=(none)   M=ActnList ACBP=A9
 0001:000573D8 0000F060 C=CODE     S=.text    G=(none)   M=Forms    ACBP=A9
 0001:00066438 00000028 C=CODE     S=.text    G=(none)   M=ComConst ACBP=A9
 0001:00066460 000012A7 C=CODE     S=.text    G=(none)   M=ComObj   ACBP=A9
 0001:00067708 00000008 C=CODE     S=.text    G=(none)   M=OleConst ACBP=A9
 0001:00067710 000008FA C=CODE     S=.text    G=(none)   M=OleServer ACBP=A9
 0001:0006800C 000014C7 C=CODE     S=.text    G=(none)   M=Kernel7x_TLB ACBP=A9
 0001:000694D4 00004091 C=CODE     S=.text    G=(none)   M=Buttons  ACBP=A9
 0001:0006D568 00001A43 C=CODE     S=.text    G=(none)   M=Spin     ACBP=A9
 0001:0006EFAC 0000007C C=CODE     S=.text    G=(none)   M=ExtDlgs  ACBP=A9
 0001:0006F028 00000062 C=CODE     S=.text    G=(none)   M=Mapi     ACBP=A9
 0001:0006F08C 0000004D C=CODE     S=.text    G=(none)   M=ExtActns ACBP=A9
 0001:0006F0DC 00001E5C C=CODE     S=.text    G=(none)   M=ComCtrls ACBP=A9
 0001:00070F38 00000BE2 C=CODE     S=.text    G=(none)   M=Unit1    ACBP=A9
 0001:00071B1C 00000258 C=CODE     S=.text    G=(none)   M=Project1 ACBP=A9
 0002:00000000 00000095 C=ICODE    S=.itext   G=(none)   M=System   ACBP=A9
 0002:00000098 00000011 C=ICODE    S=.itext   G=(none)   M=Windows  ACBP=A9
 0002:000000AC 00000088 C=ICODE    S=.itext   G=(none)   M=SysUtils ACBP=A9
 0002:00000134 0000000F C=ICODE    S=.itext   G=(none)   M=VarUtils ACBP=A9
 0002:00000144 000000AA C=ICODE    S=.itext   G=(none)   M=Variants ACBP=A9
 0002:000001F0 00000008 C=ICODE    S=.itext   G=(none)   M=TypInfo  ACBP=A9
 0002:000001F8 00000092 C=ICODE    S=.itext   G=(none)   M=Classes  ACBP=A9
 0002:0000028C 00000008 C=ICODE    S=.itext   G=(none)   M=HelpIntfs ACBP=A9
 0002:00000294 0000000F C=ICODE    S=.itext   G=(none)   M=MultiMon ACBP=A9
 0002:000002A4 00000008 C=ICODE    S=.itext   G=(none)   M=IniFiles ACBP=A9
 0002:000002AC 00000008 C=ICODE    S=.itext   G=(none)   M=Registry ACBP=A9
 0002:000002B4 000000FB C=ICODE    S=.itext   G=(none)   M=Graphics ACBP=A9
 0002:000003B0 0000001B C=ICODE    S=.itext   G=(none)   M=UxTheme  ACBP=A9
 0002:000003CC 00000008 C=ICODE    S=.itext   G=(none)   M=DwmApi   ACBP=A9
 0002:000003D4 00000008 C=ICODE    S=.itext   G=(none)   M=Printers ACBP=A9
 0002:000003DC 00000086 C=ICODE    S=.itext   G=(none)   M=GraphUtil ACBP=A9
 0002:00000464 00000044 C=ICODE    S=.itext   G=(none)   M=ExtCtrls ACBP=A9
 0002:000004A8 0000003D C=ICODE    S=.itext   G=(none)   M=Dialogs  ACBP=A9
 0002:000004E8 00000058 C=ICODE    S=.itext   G=(none)   M=Clipbrd  ACBP=A9
 0002:00000540 0000000F C=ICODE    S=.itext   G=(none)   M=FlatSB   ACBP=A9
 0002:00000550 00000008 C=ICODE    S=.itext   G=(none)   M=Themes   ACBP=A9
 0002:00000558 00000085 C=ICODE    S=.itext   G=(none)   M=Menus    ACBP=A9
 0002:000005E0 0000008F C=ICODE    S=.itext   G=(none)   M=Controls ACBP=A9
 0002:00000670 0000002A C=ICODE    S=.itext   G=(none)   M=ActnList ACBP=A9
 0002:0000069C 00000070 C=ICODE    S=.itext   G=(none)   M=Forms    ACBP=A9
 0002:0000070C 00000055 C=ICODE    S=.itext   G=(none)   M=ComObj   ACBP=A9
 0002:00000764 0000001A C=ICODE    S=.itext   G=(none)   M=OleServer ACBP=A9
 0002:00000780 00000025 C=ICODE    S=.itext   G=(none)   M=Buttons  ACBP=A9
 0002:000007A8 00000014 C=ICODE    S=.itext   G=(none)   M=ExtDlgs  ACBP=A9
 0002:000007BC 00000008 C=ICODE    S=.itext   G=(none)   M=Mapi     ACBP=A9
 0002:000007C4 00000008 C=ICODE    S=.itext   G=(none)   M=ExtActns ACBP=A9
 0002:000007CC 00000008 C=ICODE    S=.itext   G=(none)   M=ComCtrls ACBP=A9
 0002:000007D4 00000008 C=ICODE    S=.itext   G=(none)   M=Unit1    ACBP=A9
 0002:000007DC 00000045 C=ICODE    S=.itext   G=(none)   M=Project1 ACBP=A9
 0003:00000000 00000788 C=DATA     S=.data    G=DGROUP   M=System   ACBP=A9
 0003:00000788 00000020 C=DATA     S=.data    G=DGROUP   M=SysInit  ACBP=A9
 0003:000007A8 00000010 C=DATA     S=.data    G=DGROUP   M=ActiveX  ACBP=A9
 0003:000007B8 00000250 C=DATA     S=.data    G=DGROUP   M=SysUtils ACBP=A9
 0003:00000A08 00000008 C=DATA     S=.data    G=DGROUP   M=VarUtils ACBP=A9
 0003:00000A10 0000008E C=DATA     S=.data    G=DGROUP   M=Variants ACBP=A9
 0003:00000AA0 0000000C C=DATA     S=.data    G=DGROUP   M=TypInfo  ACBP=A9
 0003:00000AAC 00000064 C=DATA     S=.data    G=DGROUP   M=Classes  ACBP=A9
 0003:00000B10 00000008 C=DATA     S=.data    G=DGROUP   M=IniFiles ACBP=A9
 0003:00000B18 00000008 C=DATA     S=.data    G=DGROUP   M=Registry ACBP=A9
 0003:00000B20 0000030C C=DATA     S=.data    G=DGROUP   M=Graphics ACBP=A9
 0003:00000E2C 000000CC C=DATA     S=.data    G=DGROUP   M=StdCtrls ACBP=A9
 0003:00000EF8 00000004 C=DATA     S=.data    G=DGROUP   M=Printers ACBP=A9
 0003:00000EFC 00000450 C=DATA     S=.data    G=DGROUP   M=GraphUtil ACBP=A9
 0003:0000134C 00000020 C=DATA     S=.data    G=DGROUP   M=ExtCtrls ACBP=A9
 0003:0000136C 000000CC C=DATA     S=.data    G=DGROUP   M=Dialogs  ACBP=A9
 0003:00001438 00000068 C=DATA     S=.data    G=DGROUP   M=Themes   ACBP=A9
 0003:000014A0 000000F4 C=DATA     S=.data    G=DGROUP   M=Menus    ACBP=A9
 0003:00001594 0000013C C=DATA     S=.data    G=DGROUP   M=Controls ACBP=A9
 0003:000016D0 00000020 C=DATA     S=.data    G=DGROUP   M=ImgList  ACBP=A9
 0003:000016F0 0000012C C=DATA     S=.data    G=DGROUP   M=Forms    ACBP=A9
 0003:0000181C 00000030 C=DATA     S=.data    G=DGROUP   M=ComObj   ACBP=A9
 0003:0000184C 00000078 C=DATA     S=.data    G=DGROUP   M=Kernel7x_TLB ACBP=A9
 0003:000018C4 000000A8 C=DATA     S=.data    G=DGROUP   M=Buttons  ACBP=A9
 0003:0000196C 00000018 C=DATA     S=.data    G=DGROUP   M=ExtDlgs  ACBP=A9
 0003:00001984 00000008 C=DATA     S=.data    G=DGROUP   M=Mapi     ACBP=A9
 0003:0000198C 00000028 C=DATA     S=.data    G=DGROUP   M=ComCtrls ACBP=A9
 0004:00000000 000027F4 C=BSS      S=.bss     G=DGROUP   M=System   ACBP=A9
 0004:000027F4 0000000C C=BSS      S=.bss     G=DGROUP   M=SysInit  ACBP=A9
 0004:00002800 00000008 C=BSS      S=.bss     G=DGROUP   M=Windows  ACBP=A9
 0004:00002808 00002108 C=BSS      S=.bss     G=DGROUP   M=SysUtils ACBP=A9
 0004:00004910 0000005C C=BSS      S=.bss     G=DGROUP   M=VarUtils ACBP=A9
 0004:0000496C 00000040 C=BSS      S=.bss     G=DGROUP   M=Variants ACBP=A9
 0004:000049AC 00000004 C=BSS      S=.bss     G=DGROUP   M=TypInfo  ACBP=A9
 0004:000049B0 00000040 C=BSS      S=.bss     G=DGROUP   M=Classes  ACBP=A9
 0004:000049F0 00000008 C=BSS      S=.bss     G=DGROUP   M=HelpIntfs ACBP=A9
 0004:000049F8 00000031 C=BSS      S=.bss     G=DGROUP   M=MultiMon ACBP=A9
 0004:00004A2C 0000000C C=BSS      S=.bss     G=DGROUP   M=CommCtrl ACBP=A9
 0004:00004A38 00000004 C=BSS      S=.bss     G=DGROUP   M=IniFiles ACBP=A9
 0004:00004A3C 00000004 C=BSS      S=.bss     G=DGROUP   M=Registry ACBP=A9
 0004:00004A40 00000060 C=BSS      S=.bss     G=DGROUP   M=Graphics ACBP=A9
 0004:00004AA0 000000DC C=BSS      S=.bss     G=DGROUP   M=UxTheme  ACBP=A9
 0004:00004B7C 00000010 C=BSS      S=.bss     G=DGROUP   M=DwmApi   ACBP=A9
 0004:00004B8C 00000004 C=BSS      S=.bss     G=DGROUP   M=Printers ACBP=A9
 0004:00004B90 00000010 C=BSS      S=.bss     G=DGROUP   M=GraphUtil ACBP=A9
 0004:00004BA0 00000008 C=BSS      S=.bss     G=DGROUP   M=ExtCtrls ACBP=A9
 0004:00004BA8 00000038 C=BSS      S=.bss     G=DGROUP   M=Dialogs  ACBP=A9
 0004:00004BE0 0000000C C=BSS      S=.bss     G=DGROUP   M=Clipbrd  ACBP=A9
 0004:00004BEC 00000034 C=BSS      S=.bss     G=DGROUP   M=FlatSB   ACBP=A9
 0004:00004C20 0000000C C=BSS      S=.bss     G=DGROUP   M=Themes   ACBP=A9
 0004:00004C2C 00000010 C=BSS      S=.bss     G=DGROUP   M=Menus    ACBP=A9
 0004:00004C3C 00000088 C=BSS      S=.bss     G=DGROUP   M=Controls ACBP=A9
 0004:00004CC4 00000008 C=BSS      S=.bss     G=DGROUP   M=ImgList  ACBP=A9
 0004:00004CCC 00000004 C=BSS      S=.bss     G=DGROUP   M=ActnList ACBP=A9
 0004:00004CD0 00000031 C=BSS      S=.bss     G=DGROUP   M=Forms    ACBP=A9
 0004:00004D04 00000011 C=BSS      S=.bss     G=DGROUP   M=ComObj   ACBP=A9
 0004:00004D18 00000004 C=BSS      S=.bss     G=DGROUP   M=OleServer ACBP=A9
 0004:00004D1C 00000030 C=BSS      S=.bss     G=DGROUP   M=Buttons  ACBP=A9
 0004:00004D4C 00000004 C=BSS      S=.bss     G=DGROUP   M=ExtDlgs  ACBP=A9
 0004:00004D50 00000004 C=BSS      S=.bss     G=DGROUP   M=Mapi     ACBP=A9
 0004:00004D54 00000009 C=BSS      S=.bss     G=DGROUP   M=ExtActns ACBP=A9
 0004:00004D60 0000000C C=BSS      S=.bss     G=DGROUP   M=ComCtrls ACBP=A9
 0004:00004D6C 00000010 C=BSS      S=.bss     G=DGROUP   M=Unit1    ACBP=A9
 0005:00000000 00000008 C=TLS      S=.tls     G=(none)   M=System   ACBP=A9
 0005:00000008 00000008 C=TLS      S=.tls     G=(none)   M=Classes  ACBP=A9
 0005:00000010 00000024 C=TLS      S=.tls     G=(none)   M=GraphUtil ACBP=A9


  Address             Publics by Name

 0001:000067E8       ActiveX.CoCreateInstance
 0001:000067D8       ActiveX.CoInitialize
 0001:00006800       ActiveX.CoTaskMemAlloc
 0001:00006808       ActiveX.CoTaskMemFree
 0001:000067E0       ActiveX.CoUninitialize
 0001:00006818       ActiveX.GetActiveObject
 0001:00006820       ActiveX.GetErrorInfo
 0003:000007A8       ActiveX.GUID_NULL
 0001:000067D0       ActiveX.IsEqualIID
 0001:000067F8       ActiveX.ProgIDFromCLSID
 0001:000067F0       ActiveX.StringFromCLSID
 0001:00006810       ActiveX.SysFreeString
 0004:00004CCC       ActnList..9
 0001:000564CC       ActnList..TActionLink
 0001:000560A4       ActnList..TContainedAction
 0001:000563C4       ActnList..TCustomAction
 0001:000561C8       ActnList..TCustomActionList
 0001:000562A8       ActnList..TShortCutList
 0002:00000670       ActnList.ActnList
 0001:000573A8       ActnList.Finalization
 0001:00056BBC       ActnList.TActionLink.IsCaptionLinked
 0001:00056BD0       ActnList.TActionLink.IsCheckedLinked
 0001:00056BE4       ActnList.TActionLink.IsEnabledLinked
 0001:00056BF8       ActnList.TActionLink.IsGroupIndexLinked
 0001:00056C0C       ActnList.TActionLink.IsHelpContextLinked
 0001:00056C20       ActnList.TActionLink.IsHelpLinked
 0001:00056C34       ActnList.TActionLink.IsHintLinked
 0001:00056C48       ActnList.TActionLink.IsImageIndexLinked
 0001:00056C5C       ActnList.TActionLink.IsShortCutLinked
 0001:00056C70       ActnList.TActionLink.IsVisibleLinked
 0001:00056C84       ActnList.TActionLink.SetAutoCheck
 0001:00056C88       ActnList.TActionLink.SetCaption
 0001:00056C8C       ActnList.TActionLink.SetChecked
 0001:00056C90       ActnList.TActionLink.SetEnabled
 0001:00056C94       ActnList.TActionLink.SetGroupIndex
 0001:00056C98       ActnList.TActionLink.SetHelpContext
 0001:00056C9C       ActnList.TActionLink.SetHelpKeyword
 0001:00056CA0       ActnList.TActionLink.SetHelpType
 0001:00056CA4       ActnList.TActionLink.SetHint
 0001:00056CA8       ActnList.TActionLink.SetImageIndex
 0001:00056CAC       ActnList.TActionLink.SetShortCut
 0001:00056CB0       ActnList.TActionLink.SetVisible
 0001:0005659C       ActnList.TContainedAction.Destroy
 0001:00056708       ActnList.TContainedAction.Execute
 0001:000565D0       ActnList.TContainedAction.GetIndex
 0001:000565EC       ActnList.TContainedAction.GetParentComponent
 0001:000565FC       ActnList.TContainedAction.HasParent
 0001:000565E8       ActnList.TContainedAction.IsCategoryStored
 0001:0005660C       ActnList.TContainedAction.ReadState
 0001:000566B4       ActnList.TContainedAction.SetActionList
 0001:00056688       ActnList.TContainedAction.SetCategory
 0001:00056640       ActnList.TContainedAction.SetIndex
 0001:000566DC       ActnList.TContainedAction.SetParentComponent
 0001:00056760       ActnList.TContainedAction.Update
 0001:00056D58       ActnList.TCustomAction.AssignTo
 0001:00056CB4       ActnList.TCustomAction.Create
 0001:00056D08       ActnList.TCustomAction.Destroy
 0001:00057278       ActnList.TCustomAction.DoHint
 0001:000572A0       ActnList.TCustomAction.Execute
 0001:00057304       ActnList.TCustomAction.GetSecondaryShortCuts
 0001:0005732C       ActnList.TCustomAction.HandleShortCut
 0001:00056E08       ActnList.TCustomAction.SetCaption
 0001:00056E68       ActnList.TCustomAction.SetChecked
 0001:00056F70       ActnList.TCustomAction.SetEnabled
 0001:00057054       ActnList.TCustomAction.SetHelpContext
 0001:00056FEC       ActnList.TCustomAction.SetHelpKeyword
 0001:000570AC       ActnList.TCustomAction.SetHint
 0001:0005710C       ActnList.TCustomAction.SetImageIndex
 0001:0005722C       ActnList.TCustomAction.SetName
 0001:00057168       ActnList.TCustomAction.SetShortCut
 0001:000571CC       ActnList.TCustomAction.SetVisible
 0001:00056990       ActnList.TCustomActionList.AddAction
 0001:000569CC       ActnList.TCustomActionList.Change
 0001:000567B8       ActnList.TCustomActionList.Create
 0001:00056824       ActnList.TCustomActionList.Destroy
 0001:00056AD8       ActnList.TCustomActionList.ExecuteAction
 0001:000568EC       ActnList.TCustomActionList.GetAction
 0001:00056900       ActnList.TCustomActionList.GetActionCount
 0001:00056874       ActnList.TCustomActionList.GetChildren
 0001:0005693C       ActnList.TCustomActionList.ImageListChange
 0001:00056A34       ActnList.TCustomActionList.IsShortCut
 0001:00056948       ActnList.TCustomActionList.Notification
 0001:000569B0       ActnList.TCustomActionList.RemoveAction
 0001:000568BC       ActnList.TCustomActionList.SetChildOrder
 0001:00056908       ActnList.TCustomActionList.SetImages
 0001:00056B18       ActnList.TCustomActionList.SetState
 0001:00056AF8       ActnList.TCustomActionList.UpdateAction
 0001:00057338       ActnList.TShortCutList.Add
 0001:00057364       ActnList.TShortCutList.IndexOfShortCut
 0004:00004D1C       Buttons..5
 0001:00069DE0       Buttons..TBitBtn
 0001:00069C74       Buttons..TBitBtnActionLink
 0001:0006A4D8       Buttons..TButtonGlyph
 0001:0006A480       Buttons..TGlyphCache
 0001:0006A3C0       Buttons..TGlyphList
 0001:00069688       Buttons..TSpeedButton
 0001:00069590       Buttons..TSpeedButtonActionLink
 0003:000018F0       Buttons.BitBtnCaptions
 0004:00004D20       Buttons.BitBtnGlyphs
 0003:0000191C       Buttons.BitBtnModalResults
 0003:000018C4       Buttons.BitBtnResNames
 0003:0000194C       Buttons.ButtonCount
 0002:00000780       Buttons.Buttons
 0001:0006D31C       Buttons.DestroyLocals
 0001:0006B12C       Buttons.DoDrawText
 0003:00001950       Buttons.DownStyles
 0003:00001958       Buttons.FillStyles
 0001:0006D530       Buttons.Finalization
 0001:0006A334       Buttons.GetBitBtnGlyph
 0003:00001948       Buttons.GlyphCache
 0003:00001960       Buttons.NewState
 0001:0006D260       Buttons.TBitBtn.ActionChange
 0001:0006C8E4       Buttons.TBitBtn.Click
 0001:0006CE70       Buttons.TBitBtn.CMEnabledChanged
 0001:0006CE58       Buttons.TBitBtn.CMFontChanged
 0001:0006D338       Buttons.TBitBtn.CMMouseEnter
 0001:0006D374       Buttons.TBitBtn.CMMouseLeave
 0001:0006C964       Buttons.TBitBtn.CNDrawItem
 0001:0006C954       Buttons.TBitBtn.CNMeasureItem
 0001:0006D1DC       Buttons.TBitBtn.CopyImage
 0001:0006C7A4       Buttons.TBitBtn.Create
 0001:0006C894       Buttons.TBitBtn.CreateHandle
 0001:0006C8C0       Buttons.TBitBtn.CreateParams
 0001:0006C858       Buttons.TBitBtn.Destroy
 0001:0006C970       Buttons.TBitBtn.DrawItem
 0001:0006D3A8       Buttons.TBitBtn.GetActionLinkClass
 0001:0006CED4       Buttons.TBitBtn.GetGlyph
 0001:0006D0E4       Buttons.TBitBtn.GetKind
 0001:0006D16C       Buttons.TBitBtn.GetNumGlyphs
 0001:0006CE9C       Buttons.TBitBtn.GetPalette
 0001:0006CEE0       Buttons.TBitBtn.GlyphChanged
 0001:0006CEEC       Buttons.TBitBtn.IsCustom
 0001:0006D024       Buttons.TBitBtn.IsCustomCaption
 0001:0006C8D0       Buttons.TBitBtn.SetButtonStyle
 0001:0006CEB0       Buttons.TBitBtn.SetGlyph
 0001:0006CF18       Buttons.TBitBtn.SetKind
 0001:0006D154       Buttons.TBitBtn.SetLayout
 0001:0006D1C0       Buttons.TBitBtn.SetMargin
 0001:0006D178       Buttons.TBitBtn.SetNumGlyphs
 0001:0006D1A8       Buttons.TBitBtn.SetSpacing
 0001:0006CF00       Buttons.TBitBtn.SetStyle
 0001:0006CE88       Buttons.TBitBtn.WMLButtonDblClk
 0001:0006D3B0       Buttons.TBitBtnActionLink.AssignClient
 0001:0006D3D4       Buttons.TBitBtnActionLink.Create
 0001:0006D410       Buttons.TBitBtnActionLink.IsImageIndexLinked
 0001:0006D440       Buttons.TBitBtnActionLink.SetImageIndex
 0001:0006B38C       Buttons.TButtonGlyph.CalcButtonLayout
 0001:0006A764       Buttons.TButtonGlyph.Create
 0001:0006A964       Buttons.TButtonGlyph.CreateButtonGlyph
 0001:0006A7F4       Buttons.TButtonGlyph.Destroy
 0001:0006B6D0       Buttons.TButtonGlyph.Draw
 0001:0006AF38       Buttons.TButtonGlyph.DrawButtonGlyph
 0001:0006B210       Buttons.TButtonGlyph.DrawButtonText
 0001:0006A894       Buttons.TButtonGlyph.GlyphChanged
 0001:0006A850       Buttons.TButtonGlyph.Invalidate
 0001:0006A8C4       Buttons.TButtonGlyph.SetGlyph
 0001:0006A93C       Buttons.TButtonGlyph.SetNumGlyphs
 0001:0006A660       Buttons.TGlyphCache.Create
 0001:0006A6A4       Buttons.TGlyphCache.Destroy
 0001:0006A758       Buttons.TGlyphCache.Empty
 0001:0006A6D4       Buttons.TGlyphCache.GetList
 0001:0006A734       Buttons.TGlyphCache.ReturnList
 0001:0006A604       Buttons.TGlyphList.AddMasked
 0001:0006A5B8       Buttons.TGlyphList.AllocateIndex
 0001:0006A534       Buttons.TGlyphList.CreateSize
 0001:0006A630       Buttons.TGlyphList.Delete
 0001:0006A588       Buttons.TGlyphList.Destroy
 0001:0006C6D0       Buttons.TSpeedButton.ActionChange
 0001:0006C19C       Buttons.TSpeedButton.Click
 0001:0006C420       Buttons.TSpeedButton.CMButtonPressed
 0001:0006C494       Buttons.TSpeedButton.CMDialogChar
 0001:0006C3EC       Buttons.TSpeedButton.CMEnabledChanged
 0001:0006C52C       Buttons.TSpeedButton.CMFontChanged
 0001:0006C570       Buttons.TSpeedButton.CMMouseEnter
 0001:0006C5E4       Buttons.TSpeedButton.CMMouseLeave
 0001:0006C54C       Buttons.TSpeedButton.CMSysColorChange
 0001:0006C53C       Buttons.TSpeedButton.CMTextChanged
 0001:0006C64C       Buttons.TSpeedButton.CopyImage
 0001:0006B8FC       Buttons.TSpeedButton.Create
 0001:0006B9BC       Buttons.TSpeedButton.Destroy
 0001:0006C1B8       Buttons.TSpeedButton.GetActionLinkClass
 0001:0006C1C0       Buttons.TSpeedButton.GetGlyph
 0001:0006C1E8       Buttons.TSpeedButton.GetNumGlyphs
 0001:0006C1A4       Buttons.TSpeedButton.GetPalette
 0001:0006C224       Buttons.TSpeedButton.GlyphChanged
 0001:0006BF6C       Buttons.TSpeedButton.Loaded
 0001:0006BF98       Buttons.TSpeedButton.MouseDown
 0001:0006BFF4       Buttons.TSpeedButton.MouseMove
 0001:0006C09C       Buttons.TSpeedButton.MouseUp
 0001:0006B9F4       Buttons.TSpeedButton.Paint
 0001:0006C3B4       Buttons.TSpeedButton.SetAllowAllUp
 0001:0006C26C       Buttons.TSpeedButton.SetDown
 0001:0006C2DC       Buttons.TSpeedButton.SetFlat
 0001:0006C1CC       Buttons.TSpeedButton.SetGlyph
 0001:0006C2FC       Buttons.TSpeedButton.SetGroupIndex
 0001:0006C310       Buttons.TSpeedButton.SetLayout
 0001:0006C330       Buttons.TSpeedButton.SetMargin
 0001:0006C1F4       Buttons.TSpeedButton.SetNumGlyphs
 0001:0006C354       Buttons.TSpeedButton.SetSpacing
 0001:0006C374       Buttons.TSpeedButton.SetTransparent
 0001:0006C234       Buttons.TSpeedButton.UpdateExclusive
 0001:0006BF08       Buttons.TSpeedButton.UpdateTracking
 0001:0006C3C8       Buttons.TSpeedButton.WMLButtonDblClk
 0001:0006B744       Buttons.TSpeedButtonActionLink.AssignClient
 0001:0006B768       Buttons.TSpeedButtonActionLink.Create
 0001:0006B7A4       Buttons.TSpeedButtonActionLink.IsCheckedLinked
 0001:0006B7F0       Buttons.TSpeedButtonActionLink.IsGroupIndexLinked
 0001:0006B820       Buttons.TSpeedButtonActionLink.IsImageIndexLinked
 0001:0006B850       Buttons.TSpeedButtonActionLink.SetChecked
 0001:0006B870       Buttons.TSpeedButtonActionLink.SetGroupIndex
 0001:0006B890       Buttons.TSpeedButtonActionLink.SetImageIndex
 0003:00001964       Buttons.WordBreakFlag
 0004:000049BC       Classes..95
 0001:00014784       Classes..EBitsError
 0001:00014674       Classes..EClassNotFound
 0001:0001483C       Classes..EComponentError
 0001:000144B8       Classes..EFCreateError
 0001:0001456C       Classes..EFilerError
 0001:00014458       Classes..EFileStreamError
 0001:00014514       Classes..EFOpenError
 0001:000148F4       Classes..EInvalidOperation
 0001:0001472C       Classes..EListError
 0001:00014898       Classes..EOutOfResources
 0001:000145C4       Classes..EReadError
 0001:000146D0       Classes..EResNotFound
 0001:000143FC       Classes..EStreamError
 0001:000147DC       Classes..EStringListError
 0001:000155EC       Classes..EThread
 0001:0001461C       Classes..EWriteError
 0001:00015914       Classes..TBasicAction
 0001:00015894       Classes..TBasicActionLink
 0001:00014A10       Classes..TBits
 0001:00015498       Classes..TClassFinder
 0001:00014CC0       Classes..TCollection
 0001:00014C08       Classes..TCollectionItem
 0001:00015734       Classes..TComponent
 0001:0001518C       Classes..TCustomMemoryStream
 0001:000154F4       Classes..TFiler
 0001:00015104       Classes..TFileStream
 0001:0001508C       Classes..THandleStream
 0001:000167BC       Classes..TIntConst
 0001:00014B54       Classes..TInterfacedPersistent
 0001:00014954       Classes..TList
 0001:00015208       Classes..TMemoryStream
 0001:00014A64       Classes..TPersistent
 0001:00019F8C       Classes..TPropFixup
 0001:0001A004       Classes..TPropIntfFixup
 0001:00015558       Classes..TReader
 0001:00015A98       Classes..TRegGroup
 0001:00015AF0       Classes..TRegGroups
 0001:00015284       Classes..TResourceStream
 0001:0001501C       Classes..TStream
 0001:00015410       Classes..TStreamAdapter
 0001:00014F04       Classes..TStringList
 0001:00014DCC       Classes..TStrings
 0001:000149B8       Classes..TThreadList
 0001:00016760       Classes.ActivateClassGroup
 0003:00000AAC       Classes.AddDataModule
 0001:0001A264       Classes.AddFinished
 0001:0001A29C       Classes.AddNotFinished
 0001:0001AE10       Classes.AddSubComponentsToLoaded
 0001:0001E674       Classes.AllocateHWnd
 0003:00000ABC       Classes.ApplicationHandleException
 0003:00000AC4       Classes.ApplicationShowException
 0001:00016AB8       Classes.BeginGlobalLoading
 0003:00000AE4       Classes.BlockCode
 0001:00015A5C       Classes.Bounds
 0001:0001E5B0       Classes.CalcJmpOffset
 0001:0001AE4C       Classes.CheckSubComponents
 0001:0001D320       Classes.CheckSynchronize
 0002:000001F8       Classes.Classes
 0001:00016524       Classes.ClassNotFound
 0001:0001AF2C       Classes.ComponentCreated
 0001:0001AFAC       Classes.CreateComponent
 0001:0001E728       Classes.DeallocateHWnd
 0001:0001D2E0       Classes.DoneThreadSynchronization
 0001:000180D8       Classes.DoWrite
 0001:00016B40       Classes.EndGlobalLoading
 0001:00019DC4       Classes.Error
 0001:000160C4       Classes.Error
 0003:00000AD4       Classes.FilerSignature
 0001:0001E750       Classes.Finalization
 0001:000165E4       Classes.FindClass
 0001:0001B15C       Classes.FindExistingComponent
 0001:000169D0       Classes.FindGlobalComponent
 0004:000049C8       Classes.FindGlobalComponentProcs
 0001:00016878       Classes.FindIdentToInt
 0001:0001A198       Classes.FindNestedComponent
 0001:0001C100       Classes.FindUniqueName
 0001:0001E51C       Classes.FreeIntConstList
 0001:0001E650       Classes.FreeObjectInstance
 0001:00016590       Classes.GetClass
 0001:000176F8       Classes.GetDesigner
 0001:00016518       Classes.GetFieldClassTable
 0004:000049CC       Classes.GlobalFixupList
 0001:0001A2E4       Classes.GlobalFixupReferences
 0005:0000000C       Classes.GlobalLists
 0005:00000008       Classes.GlobalLoaded
 0004:000049B0       Classes.GlobalNameSpace
 0001:0001670C       Classes.GroupDescendentsWith
 0001:0001B8D0       Classes.HandleException
 0001:000168F4       Classes.IdentToInt
 0001:00016B9C       Classes.InitComponent
 0001:00016C44       Classes.InitInheritedComponent
 0001:0001D2AC       Classes.InitThreadSynchronization
 0004:000049E8       Classes.InstBlockList
 0004:000049EC       Classes.InstFreeList
 0004:000049C0       Classes.IntConstList
 0001:00016A34       Classes.InternalReadComponentRes
 0001:00016934       Classes.IntToIdent
 0001:00015A84       Classes.InvalidPoint
 0001:00016A10       Classes.IsUniqueGlobalComponentName
 0004:000049B4       Classes.IsUniqueGlobalComponentNameProc
 0001:0001E5B8       Classes.MakeObjectInstance
 0001:00017304       Classes.Min
 0001:0001E588       Classes.ModuleUnload
 0003:00000AD8       Classes.NilMethod
 0001:00017798       Classes.NotifyDesigner
 0001:00016B10       Classes.NotifyGlobalLoading
 0001:00015A0C       Classes.Point
 0001:00015E50       Classes.PointerInModule
 0001:0001A604       Classes.PropertyNotFound
 0001:0001B9D0       Classes.PropPathError
 0001:0001A5F8       Classes.PropValueError
 0001:000195B4       Classes.RaiseException
 0001:0001CCB4       Classes.ReadCustomVariant
 0001:0001A5E0       Classes.ReadError
 0001:0001AF4C       Classes.Recover
 0001:00015A34       Classes.Rect
 0004:000049C4       Classes.RegGroups
 0001:00016604       Classes.RegisterClass
 0001:00016978       Classes.RegisterFindGlobalComponentProc
 0001:0001684C       Classes.RegisterIntegerConsts
 0003:00000AB4       Classes.RemoveDataModule
 0001:0001A4B0       Classes.RemoveFixupReferences
 0001:0001A55C       Classes.RemoveFixups
 0001:0001A8F4       Classes.RemoveGlobalFixup
 0001:0001D2F8       Classes.ResetSyncEvent
 0001:00016DD4       Classes.ReturnAddr
 0001:00018238       Classes.ReturnAddr
 0001:0001B0BC       Classes.SetCompName
 0001:0001A630       Classes.SetElementValue
 0001:0001BD28       Classes.SetInterfaceReference
 0001:0001BC44       Classes.SetIntIdent
 0001:0001BC8C       Classes.SetObjectIdent
 0001:0001AEC4       Classes.SetSubComponentState
 0001:0001BCCC       Classes.SetVariantReference
 0001:0001C7D4       Classes.SkipBinary
 0001:0001C804       Classes.SkipCollection
 0001:0001C7AC       Classes.SkipList
 0001:00015A24       Classes.SmallPoint
 0001:000166C0       Classes.StartClassGroup
 0001:0001E590       Classes.StdWndProc
 0001:000193DC       Classes.StringListCompareStrings
 0004:000049B8       Classes.SyncEvent
 0003:00000AE0       Classes.SyncList
 0001:0001DF88       Classes.TBasicAction.Change
 0001:0001DE1C       Classes.TBasicAction.Create
 0001:0001DE60       Classes.TBasicAction.Destroy
 0001:0001DEF4       Classes.TBasicAction.Execute
 0001:0001DEC4       Classes.TBasicAction.ExecuteTarget
 0001:0001DEC0       Classes.TBasicAction.HandlesTarget
 0001:0001DEC8       Classes.TBasicAction.Notification
 0001:0001DF9C       Classes.TBasicAction.RegisterChanges
 0001:0001DFE8       Classes.TBasicAction.SetActionComponent
 0001:0001DF2C       Classes.TBasicAction.SetOnExecute
 0001:0001DFA8       Classes.TBasicAction.UnRegisterChanges
 0001:0001DF10       Classes.TBasicAction.Update
 0001:0001DEF0       Classes.TBasicAction.UpdateTarget
 0001:0001DD6C       Classes.TBasicActionLink.AssignClient
 0001:0001DDA4       Classes.TBasicActionLink.Change
 0001:0001DD28       Classes.TBasicActionLink.Create
 0001:0001DD70       Classes.TBasicActionLink.Destroy
 0001:0001DDBC       Classes.TBasicActionLink.Execute
 0001:0001DE04       Classes.TBasicActionLink.IsOnExecuteLinked
 0001:0001DDD8       Classes.TBasicActionLink.SetAction
 0001:0001DE08       Classes.TBasicActionLink.SetOnExecute
 0001:0001DE10       Classes.TBasicActionLink.Update
 0001:000172BC       Classes.TBits.Destroy
 0001:000172EC       Classes.TBits.Error
 0001:000173E0       Classes.TBits.GetBit
 0001:000173F8       Classes.TBits.OpenBit
 0001:000173B4       Classes.TBits.SetBit
 0001:00017310       Classes.TBits.SetSize
 0001:00016334       Classes.TClassFinder.Create
 0001:00016460       Classes.TClassFinder.Destroy
 0001:00016490       Classes.TClassFinder.GetClass
 0001:00017A78       Classes.TCollection.Add
 0001:00017EAC       Classes.TCollection.Added
 0001:00017A98       Classes.TCollection.Assign
 0001:00017B30       Classes.TCollection.BeginUpdate
 0001:00017B34       Classes.TCollection.Changed
 0001:00017B44       Classes.TCollection.Clear
 0001:000179E0       Classes.TCollection.Create
 0001:00017EB0       Classes.TCollection.Deleting
 0001:00017A2C       Classes.TCollection.Destroy
 0001:00017BAC       Classes.TCollection.EndUpdate
 0001:00017BBC       Classes.TCollection.GetAttr
 0001:00017BB8       Classes.TCollection.GetAttrCount
 0001:00017BE8       Classes.TCollection.GetCount
 0001:00017BF0       Classes.TCollection.GetItem
 0001:00017BC8       Classes.TCollection.GetItemAttr
 0001:00017C04       Classes.TCollection.GetNamePath
 0001:00017CCC       Classes.TCollection.GetPropName
 0001:00017DE8       Classes.TCollection.InsertItem
 0001:00017EB4       Classes.TCollection.Notify
 0001:00017E50       Classes.TCollection.RemoveItem
 0001:00017EA4       Classes.TCollection.SetItemName
 0001:00017EA8       Classes.TCollection.Update
 0001:00017864       Classes.TCollectionItem.Changed
 0001:000177FC       Classes.TCollectionItem.Create
 0001:00017834       Classes.TCollectionItem.Destroy
 0001:000178A0       Classes.TCollectionItem.GetDisplayName
 0001:00017888       Classes.TCollectionItem.GetIndex
 0001:000178C8       Classes.TCollectionItem.GetNamePath
 0001:0001797C       Classes.TCollectionItem.GetOwner
 0001:00017980       Classes.TCollectionItem.SetCollection
 0001:000179A8       Classes.TCollectionItem.SetDisplayName
 0001:000179B0       Classes.TCollectionItem.SetIndex
 0001:0001D5C0       Classes.TComponent.BeforeDestruction
 0001:0001DAF8       Classes.TComponent.ChangeName
 0001:0001D4F8       Classes.TComponent.Create
 0001:0001D888       Classes.TComponent.DefineProperties
 0001:0001D544       Classes.TComponent.Destroy
 0001:0001D750       Classes.TComponent.DestroyComponents
 0001:0001D7AC       Classes.TComponent.Destroying
 0001:0001DC34       Classes.TComponent.ExecuteAction
 0001:0001DA18       Classes.TComponent.FindComponent
 0001:0001D5CC       Classes.TComponent.FreeNotification
 0001:0001D91C       Classes.TComponent.GetChildOwner
 0001:0001D920       Classes.TComponent.GetChildParent
 0001:0001D914       Classes.TComponent.GetChildren
 0001:0001DB0C       Classes.TComponent.GetComponent
 0001:0001DB38       Classes.TComponent.GetComponentCount
 0001:0001D924       Classes.TComponent.GetNamePath
 0001:0001D938       Classes.TComponent.GetOwner
 0001:0001D940       Classes.TComponent.GetParentComponent
 0001:0001D910       Classes.TComponent.HasParent
 0001:0001D660       Classes.TComponent.Insert
 0001:0001D6B4       Classes.TComponent.InsertComponent
 0001:0001DD24       Classes.TComponent.IntfGetComponent
 0001:0001D960       Classes.TComponent.Loaded
 0001:0001D828       Classes.TComponent.Notification
 0001:0001D96C       Classes.TComponent.PaletteCreated
 0001:0001DCA4       Classes.TComponent.QueryInterface
 0001:0001D620       Classes.TComponent.ReadLeft
 0001:0001D970       Classes.TComponent.ReadState
 0001:0001D634       Classes.TComponent.ReadTop
 0001:0001D68C       Classes.TComponent.Remove
 0001:0001D718       Classes.TComponent.RemoveComponent
 0001:0001D80C       Classes.TComponent.RemoveFreeNotification
 0001:0001D7E8       Classes.TComponent.RemoveNotification
 0001:0001DC84       Classes.TComponent.SafeCallException
 0001:0001D93C       Classes.TComponent.SetChildOrder
 0001:0001DB48       Classes.TComponent.SetComponentIndex
 0001:0001DB9C       Classes.TComponent.SetDesigning
 0001:0001DA68       Classes.TComponent.SetName
 0001:0001D944       Classes.TComponent.SetParentComponent
 0001:0001DBEC       Classes.TComponent.SetReference
 0001:0001DC5C       Classes.TComponent.UpdateAction
 0001:0001D954       Classes.TComponent.Updated
 0001:0001DC9C       Classes.TComponent.UpdateRegistry
 0001:0001D948       Classes.TComponent.Updating
 0001:0001DA00       Classes.TComponent.ValidateContainer
 0001:0001DA14       Classes.TComponent.ValidateInsert
 0001:0001D980       Classes.TComponent.ValidateRename
 0001:0001D648       Classes.TComponent.WriteLeft
 0001:0001D978       Classes.TComponent.WriteState
 0001:0001D654       Classes.TComponent.WriteTop
 0001:0001DCE4       Classes.TComponent._AddRef
 0001:0001DD04       Classes.TComponent._Release
 0001:00019B70       Classes.TCustomMemoryStream.Read
 0001:00019BA8       Classes.TCustomMemoryStream.Seek
 0001:00019B68       Classes.TCustomMemoryStream.SetPointer
 0001:00019F18       Classes.TFiler.Create
 0001:00019F60       Classes.TFiler.Destroy
 0001:00019F88       Classes.TFiler.SetRoot
 0001:000199C0       Classes.TFileStream.Create
 0001:0001997C       Classes.TFileStream.Create
 0001:00019B34       Classes.TFileStream.Destroy
 0001:000198B8       Classes.THandleStream.Create
 0001:000198F4       Classes.THandleStream.Read
 0001:00019914       Classes.THandleStream.Seek
 0001:00019954       Classes.THandleStream.SetSize
 0001:00019940       Classes.THandleStream.SetSize
 0001:00019904       Classes.THandleStream.Write
 0004:000049D0       Classes.ThreadLock
 0001:00016814       Classes.TIntConst.Create
 0001:00017640       Classes.TInterfacedPersistent.AfterConstruction
 0001:000176D0       Classes.TInterfacedPersistent.QueryInterface
 0001:00017690       Classes.TInterfacedPersistent._AddRef
 0001:000176B0       Classes.TInterfacedPersistent._Release
 0001:00016D2C       Classes.TList.Add
 0001:00016D60       Classes.TList.Clear
 0001:00016D78       Classes.TList.Delete
 0001:00016D0C       Classes.TList.Destroy
 0001:00016E10       Classes.TList.Error
 0001:00016DD8       Classes.TList.Error
 0001:00016E64       Classes.TList.Expand
 0001:00016E7C       Classes.TList.First
 0001:00016E84       Classes.TList.Get
 0001:00016EAC       Classes.TList.Grow
 0001:00016EE0       Classes.TList.IndexOf
 0001:00016F00       Classes.TList.Insert
 0001:00016F6C       Classes.TList.Last
 0001:00016F78       Classes.TList.Move
 0001:000170F0       Classes.TList.Notify
 0001:00016FD0       Classes.TList.Put
 0001:00017020       Classes.TList.Remove
 0001:00017040       Classes.TList.SetCapacity
 0001:0001707C       Classes.TList.SetCount
 0001:00019BF8       Classes.TMemoryStream.Clear
 0001:00019BCC       Classes.TMemoryStream.Destroy
 0001:00019C10       Classes.TMemoryStream.LoadFromStream
 0001:00019C9C       Classes.TMemoryStream.Realloc
 0001:00019C48       Classes.TMemoryStream.SetCapacity
 0001:00019C70       Classes.TMemoryStream.SetSize
 0001:00019D1C       Classes.TMemoryStream.Write
 0001:0001749C       Classes.TPersistent.Assign
 0001:000174B0       Classes.TPersistent.AssignError
 0001:00017580       Classes.TPersistent.AssignTo
 0001:00017588       Classes.TPersistent.DefineProperties
 0001:00017470       Classes.TPersistent.Destroy
 0001:0001758C       Classes.TPersistent.GetNamePath
 0001:0001763C       Classes.TPersistent.GetOwner
 0001:0001A064       Classes.TPropFixup.Create
 0001:0001A0BC       Classes.TPropFixup.MakeGlobalReference
 0001:0001A104       Classes.TPropFixup.ResolveReference
 0001:0001A114       Classes.TPropIntfFixup.ResolveReference
 0001:0001A684       Classes.TReader.CheckValue
 0001:0001A6E4       Classes.TReader.DefineBinaryProperty
 0001:0001A6A8       Classes.TReader.DefineProperty
 0001:0001A648       Classes.TReader.Destroy
 0001:0001A970       Classes.TReader.DoFixupReferences
 0001:0001A7CC       Classes.TReader.EndOfList
 0001:0001A7E0       Classes.TReader.Error
 0001:0001CB00       Classes.TReader.FindAncestorComponent
 0001:0001CBF8       Classes.TReader.FindComponentClass
 0001:0001A88C       Classes.TReader.FindMethod
 0001:0001A804       Classes.TReader.FindMethodInstance
 0001:0001AAB4       Classes.TReader.FlushBuffer
 0001:0001AAD8       Classes.TReader.FreeFixups
 0001:0001AB14       Classes.TReader.GetFieldClass
 0001:0001ABAC       Classes.TReader.GetPosition
 0001:0001ABC4       Classes.TReader.NextValue
 0001:0001ABD4       Classes.TReader.PropertyError
 0001:0001ABE8       Classes.TReader.Read
 0001:0001AC70       Classes.TReader.ReadBoolean
 0001:0001AC34       Classes.TReader.ReadBuffer
 0001:0001AC84       Classes.TReader.ReadChar
 0001:0001AD40       Classes.TReader.ReadCollection
 0001:0001B200       Classes.TReader.ReadComponent
 0001:0001B640       Classes.TReader.ReadCurrency
 0001:0001B440       Classes.TReader.ReadData
 0001:0001B4B0       Classes.TReader.ReadDataInner
 0001:0001B690       Classes.TReader.ReadDate
 0001:0001B5B8       Classes.TReader.ReadDouble
 0001:0001B580       Classes.TReader.ReadFloat
 0001:0001B6D4       Classes.TReader.ReadIdent
 0001:0001B83C       Classes.TReader.ReadInt64
 0001:0001B7D0       Classes.TReader.ReadInteger
 0001:0001B880       Classes.TReader.ReadListBegin
 0001:0001B888       Classes.TReader.ReadListEnd
 0001:0001B890       Classes.TReader.ReadPrefix
 0001:0001B9EC       Classes.TReader.ReadProperty
 0001:0001BDE8       Classes.TReader.ReadPropValue
 0001:0001C160       Classes.TReader.ReadRootComponent
 0001:0001C494       Classes.TReader.ReadSet
 0001:0001C550       Classes.TReader.ReadSignature
 0001:0001B5FC       Classes.TReader.ReadSingle
 0001:0001C574       Classes.TReader.ReadStr
 0001:0001C5B0       Classes.TReader.ReadString
 0001:0001C750       Classes.TReader.ReadValue
 0001:0001CE7C       Classes.TReader.ReadVariant
 0001:0001ACE4       Classes.TReader.ReadWideChar
 0001:0001C66C       Classes.TReader.ReadWideString
 0001:0001CBB8       Classes.TReader.ReferenceName
 0001:0001CBD0       Classes.TReader.SetName
 0001:0001CC6C       Classes.TReader.SkipBytes
 0001:0001CA58       Classes.TReader.SkipComponent
 0001:0001CA10       Classes.TReader.SkipProperty
 0001:0001C764       Classes.TReader.SkipSetBody
 0001:0001C860       Classes.TReader.SkipValue
 0001:00015B48       Classes.TRegGroup.AddClass
 0001:00015B54       Classes.TRegGroup.BestClass
 0001:00015BB4       Classes.TRegGroup.BestGroup
 0001:00015C24       Classes.TRegGroup.Create
 0001:00015C80       Classes.TRegGroup.Destroy
 0001:00015CC0       Classes.TRegGroup.GetClass
 0001:00015D28       Classes.TRegGroup.InGroup
 0001:00015D6C       Classes.TRegGroup.RegisterClass
 0001:00015E2C       Classes.TRegGroup.Registered
 0001:00015E70       Classes.TRegGroup.UnregisterModuleClasses
 0001:00015F1C       Classes.TRegGroups.Activate
 0001:00015F68       Classes.TRegGroups.Create
 0001:00015FDC       Classes.TRegGroups.Destroy
 0001:0001603C       Classes.TRegGroups.FindGroup
 0001:00016080       Classes.TRegGroups.GetClass
 0001:00016154       Classes.TRegGroups.GroupWith
 0001:00016220       Classes.TRegGroups.Lock
 0001:0001622C       Classes.TRegGroups.RegisterClass
 0001:00016244       Classes.TRegGroups.Registered
 0001:00016288       Classes.TRegGroups.StartGroup
 0001:000162D8       Classes.TRegGroups.Unlock
 0001:000162E4       Classes.TRegGroups.UnregisterModuleClasses
 0001:00019D6C       Classes.TResourceStream.Create
 0001:00019ED0       Classes.TResourceStream.Destroy
 0001:00019E64       Classes.TResourceStream.Initialize
 0001:00019F00       Classes.TResourceStream.Write
 0001:00019764       Classes.TStream.CopyFrom
 0001:000194C8       Classes.TStream.GetPosition
 0001:000194FC       Classes.TStream.GetSize
 0001:000196F4       Classes.TStream.ReadBuffer
 0001:00019858       Classes.TStream.ReadComponent
 0001:00019600       Classes.TStream.Seek
 0001:00019684       Classes.TStream.Seek
 0001:000194E8       Classes.TStream.SetPosition
 0001:00019560       Classes.TStream.SetSize
 0001:00019548       Classes.TStream.SetSize
 0001:0001954C       Classes.TStream.SetSize64
 0001:0001972C       Classes.TStream.WriteBuffer
 0001:0001E504       Classes.TStreamAdapter.Clone
 0001:0001E458       Classes.TStreamAdapter.Commit
 0001:0001E250       Classes.TStreamAdapter.CopyTo
 0001:0001E014       Classes.TStreamAdapter.Create
 0001:0001E060       Classes.TStreamAdapter.Destroy
 0001:0001E470       Classes.TStreamAdapter.LockRegion
 0001:0001E098       Classes.TStreamAdapter.Read
 0001:0001E464       Classes.TStreamAdapter.Revert
 0001:0001E168       Classes.TStreamAdapter.Seek
 0001:0001E1EC       Classes.TStreamAdapter.SetSize
 0001:0001E488       Classes.TStreamAdapter.Stat
 0001:0001E47C       Classes.TStreamAdapter.UnlockRegion
 0001:0001E100       Classes.TStreamAdapter.Write
 0001:00018E48       Classes.TStringList.Add
 0001:00018E58       Classes.TStringList.AddObject
 0001:00018EBC       Classes.TStringList.Changed
 0001:00018ED8       Classes.TStringList.Changing
 0001:00018EF4       Classes.TStringList.Clear
 0001:00019444       Classes.TStringList.CompareStrings
 0001:0001940C       Classes.TStringList.CustomSort
 0001:00018F34       Classes.TStringList.Delete
 0001:00018DEC       Classes.TStringList.Destroy
 0001:00018FA0       Classes.TStringList.Exchange
 0001:00018FFC       Classes.TStringList.ExchangeItems
 0001:00019020       Classes.TStringList.Find
 0001:000190A4       Classes.TStringList.Get
 0001:000190D8       Classes.TStringList.GetCapacity
 0001:000190DC       Classes.TStringList.GetCount
 0001:000190E0       Classes.TStringList.GetObject
 0001:00019108       Classes.TStringList.Grow
 0001:0001913C       Classes.TStringList.IndexOf
 0001:00019178       Classes.TStringList.Insert
 0001:000191DC       Classes.TStringList.InsertItem
 0001:00019188       Classes.TStringList.InsertObject
 0001:00019258       Classes.TStringList.Put
 0001:000192B4       Classes.TStringList.PutObject
 0001:000192F4       Classes.TStringList.QuickSort
 0001:00019388       Classes.TStringList.SetCapacity
 0001:000193A4       Classes.TStringList.SetSorted
 0001:000193C4       Classes.TStringList.SetUpdateState
 0001:000193FC       Classes.TStringList.Sort
 0001:00017F08       Classes.TStrings.Add
 0001:00017F2C       Classes.TStrings.AddObject
 0001:00017F50       Classes.TStrings.AddStrings
 0001:00018008       Classes.TStrings.Assign
 0001:000180C0       Classes.TStrings.BeginUpdate
 0001:00018D74       Classes.TStrings.CompareStrings
 0001:00018130       Classes.TStrings.DefineProperties
 0001:00017ED8       Classes.TStrings.Destroy
 0001:0001817C       Classes.TStrings.EndUpdate
 0001:00018190       Classes.TStrings.Equals
 0001:0001823C       Classes.TStrings.Error
 0001:00018274       Classes.TStrings.Error
 0001:000182CC       Classes.TStrings.Exchange
 0001:000183B8       Classes.TStrings.GetCapacity
 0001:00018D14       Classes.TStrings.GetLineBreak
 0001:00018DB8       Classes.TStrings.GetNameValueSeparator
 0001:000183C0       Classes.TStrings.GetObject
 0001:000183C4       Classes.TStrings.GetText
 0001:00018418       Classes.TStrings.GetTextStr
 0001:00018550       Classes.TStrings.IndexOf
 0001:000185DC       Classes.TStrings.IndexOfName
 0001:000186B0       Classes.TStrings.IndexOfObject
 0001:000186E4       Classes.TStrings.InsertObject
 0001:00018714       Classes.TStrings.LoadFromFile
 0001:00018768       Classes.TStrings.LoadFromStream
 0001:00018814       Classes.TStrings.Move
 0001:000188C4       Classes.TStrings.Put
 0001:000188F4       Classes.TStrings.PutObject
 0001:000188F8       Classes.TStrings.ReadData
 0001:000189A8       Classes.TStrings.SaveToFile
 0001:00018A00       Classes.TStrings.SaveToStream
 0001:00018A60       Classes.TStrings.SetCapacity
 0001:00018D48       Classes.TStrings.SetLineBreak
 0001:00018DD0       Classes.TStrings.SetNameValueSeparator
 0001:00018A64       Classes.TStrings.SetStringsAdapter
 0001:00018A98       Classes.TStrings.SetText
 0001:00018AE8       Classes.TStrings.SetTextStr
 0001:00018C8C       Classes.TStrings.SetUpdateState
 0001:00018C90       Classes.TStrings.WriteData
 0001:000171C4       Classes.TThreadList.Add
 0001:000170F4       Classes.TThreadList.Create
 0001:00017148       Classes.TThreadList.Destroy
 0001:0001724C       Classes.TThreadList.LockList
 0001:00017260       Classes.TThreadList.Remove
 0001:000172B0       Classes.TThreadList.UnlockList
 0001:0001D09C       Classes.TWriter.Write
 0001:0001D100       Classes.TWriter.WriteBoolean
 0001:0001D0E8       Classes.TWriter.WriteBuffer
 0001:0001D114       Classes.TWriter.WriteInteger
 0001:0001D188       Classes.TWriter.WriteListBegin
 0001:0001D190       Classes.TWriter.WriteListEnd
 0001:0001D198       Classes.TWriter.WriteMinStr
 0001:0001D244       Classes.TWriter.WriteString
 0001:0001D298       Classes.TWriter.WriteValue
 0001:000169B8       Classes.UnregisterFindGlobalComponentProc
 0001:00016674       Classes.UnRegisterModuleClasses
 0003:00000AE8       Classes.UtilWindowClass
 0001:0001D304       Classes.WaitForSyncEvent
 0003:00000ACC       Classes.WakeMainThread
 0004:00004BE4       Clipbrd..2
 0004:00004BE2       Clipbrd.CF_COMPONENT
 0004:00004BE0       Clipbrd.CF_PICTURE
 0002:000004E8       Clipbrd.Clipbrd
 0004:00004BE8       Clipbrd.FClipboard
 0001:0003873C       Clipbrd.Finalization
 0004:00004D60       ComCtrls..76
 0001:0006FE08       ComCtrls..TConversion
 0001:0006F41C       ComCtrls..TCustomStatusBar
 0001:0006F658       ComCtrls..TStatusBar
 0001:0006F164       ComCtrls..TStatusPanel
 0001:0006F308       ComCtrls..TStatusPanels
 0002:000007CC       ComCtrls.ComCtrls
 0001:00070EC0       ComCtrls.Finalization
 0004:00004D68       ComCtrls.FRichEditModule
 0003:000019A4       ComCtrls.GripStyles
 0001:0006FEA8       ComCtrls.InitCommonControl
 0003:0000198C       ComCtrls.RTFConversionFormat
 0003:000019AC       ComCtrls.RTLReading
 0004:00004D64       ComCtrls.ShellModule
 0001:00070E68       ComCtrls.TConversion.ConvertReadStream
 0001:00070E7C       ComCtrls.TConversion.ConvertWriteStream
 0001:00070CD0       ComCtrls.TCustomStatusBar.ChangeScale
 0001:000704F0       ComCtrls.TCustomStatusBar.CMBiDiModeChanged
 0001:00070BF0       ComCtrls.TCustomStatusBar.CMColorChanged
 0001:00070C04       ComCtrls.TCustomStatusBar.CMParentFontChanged
 0001:00070CA8       ComCtrls.TCustomStatusBar.CMSysColorChange
 0001:00070CBC       ComCtrls.TCustomStatusBar.CMSysFontChanged
 0001:00070A18       ComCtrls.TCustomStatusBar.CMWinIniChange
 0001:00070A40       ComCtrls.TCustomStatusBar.CNDrawItem
 0001:00070158       ComCtrls.TCustomStatusBar.Create
 0001:00070DB4       ComCtrls.TCustomStatusBar.CreatePanel
 0001:00070DF0       ComCtrls.TCustomStatusBar.CreatePanels
 0001:0007024C       ComCtrls.TCustomStatusBar.CreateParams
 0001:000702D0       ComCtrls.TCustomStatusBar.CreateWnd
 0001:00070210       ComCtrls.TCustomStatusBar.Destroy
 0001:00070358       ComCtrls.TCustomStatusBar.DoHint
 0001:000703F8       ComCtrls.TCustomStatusBar.DoRightToLeftAlignment
 0001:0007037C       ComCtrls.TCustomStatusBar.DrawPanel
 0001:00070C28       ComCtrls.TCustomStatusBar.ExecuteAction
 0001:00070568       ComCtrls.TCustomStatusBar.FlipChildren
 0001:00070E00       ComCtrls.TCustomStatusBar.GetPanelClass
 0001:00070BA4       ComCtrls.TCustomStatusBar.IsFontStored
 0001:00070CF8       ComCtrls.TCustomStatusBar.SetBounds
 0001:000703AC       ComCtrls.TCustomStatusBar.SetPanels
 0001:00070D1C       ComCtrls.TCustomStatusBar.SetParent
 0001:000703BC       ComCtrls.TCustomStatusBar.SetSimplePanel
 0001:000704C4       ComCtrls.TCustomStatusBar.SetSimpleText
 0001:00070728       ComCtrls.TCustomStatusBar.SetSizeGrip
 0001:00070BC0       ComCtrls.TCustomStatusBar.SetUseSystemFont
 0001:00070740       ComCtrls.TCustomStatusBar.SyncToSystemFont
 0001:00070770       ComCtrls.TCustomStatusBar.UpdatePanel
 0001:000708FC       ComCtrls.TCustomStatusBar.UpdatePanels
 0001:00070460       ComCtrls.TCustomStatusBar.UpdateSimpleText
 0001:00070D24       ComCtrls.TCustomStatusBar.ValidateSizeGrip
 0001:00070E08       ComCtrls.TCustomStatusBar.WMEraseBkGnd
 0001:00070B4C       ComCtrls.TCustomStatusBar.WMGetTextLength
 0001:00070B60       ComCtrls.TCustomStatusBar.WMPaint
 0001:00070B80       ComCtrls.TCustomStatusBar.WMSize
 0003:00001998       ComCtrls.TextConversionFormat
 0001:00070E90       ComCtrls.TStatusBar.GetOnDrawPanel
 0001:00070EA4       ComCtrls.TStatusBar.SetOnDrawPanel
 0001:0006FF20       ComCtrls.TStatusPanel.Assign
 0001:0006FED4       ComCtrls.TStatusPanel.Create
 0001:00070018       ComCtrls.TStatusPanel.GetDisplayName
 0001:0006FF94       ComCtrls.TStatusPanel.IsBiDiModeStored
 0001:0006FFAC       ComCtrls.TStatusPanel.ParentBiDiModeChanged
 0001:0007003C       ComCtrls.TStatusPanel.SetAlignment
 0001:0007004C       ComCtrls.TStatusPanel.SetBevel
 0001:0006FF80       ComCtrls.TStatusPanel.SetBiDiMode
 0001:0006FF9C       ComCtrls.TStatusPanel.SetParentBiDiMode
 0001:0007005C       ComCtrls.TStatusPanel.SetStyle
 0001:0007006C       ComCtrls.TStatusPanel.SetText
 0001:00070094       ComCtrls.TStatusPanel.SetWidth
 0001:00070000       ComCtrls.TStatusPanel.UseRightToLeftAlignment
 0001:0006FFE8       ComCtrls.TStatusPanel.UseRightToLeftReading
 0001:00070104       ComCtrls.TStatusPanels.Add
 0001:000700A4       ComCtrls.TStatusPanels.Create
 0001:00070110       ComCtrls.TStatusPanels.GetItem
 0001:00070124       ComCtrls.TStatusPanels.GetOwner
 0001:00070128       ComCtrls.TStatusPanels.Update
 0004:00004A2C       CommCtrl.ComCtl32DLL
 0001:0002041C       CommCtrl.ImageList_Add
 0001:00020454       CommCtrl.ImageList_BeginDrag
 0001:00020404       CommCtrl.ImageList_Create
 0001:0002040C       CommCtrl.ImageList_Destroy
 0001:00020464       CommCtrl.ImageList_DragEnter
 0001:0002046C       CommCtrl.ImageList_DragLeave
 0001:00020474       CommCtrl.ImageList_DragMove
 0001:0002047C       CommCtrl.ImageList_DragShowNolock
 0001:00020434       CommCtrl.ImageList_Draw
 0001:00020444       CommCtrl.ImageList_DrawEx
 0001:0002045C       CommCtrl.ImageList_EndDrag
 0001:0002042C       CommCtrl.ImageList_GetBkColor
 0001:00020484       CommCtrl.ImageList_GetDragImage
 0001:0002049C       CommCtrl.ImageList_GetIconSize
 0001:00020414       CommCtrl.ImageList_GetImageCount
 0001:0002048C       CommCtrl.ImageList_Read
 0001:0002044C       CommCtrl.ImageList_Remove
 0001:0002043C       CommCtrl.ImageList_Replace
 0001:00020424       CommCtrl.ImageList_SetBkColor
 0001:000204A4       CommCtrl.ImageList_SetIconSize
 0001:00020494       CommCtrl.ImageList_Write
 0001:00020370       CommCtrl.InitComCtl
 0001:00020368       CommCtrl.InitCommonControls
 0001:000203D0       CommCtrl.InitCommonControlsEx
 0001:000204B4       CommCtrl.TaskDialogIndirect
 0004:00004A30       CommCtrl._InitCommonControlsEx
 0004:00004A34       CommCtrl._TaskDialogIndirect
 0001:000204AC       CommCtrl._TrackMouseEvent
 0004:00004D04       ComObj..41
 0001:00066460       ComObj..EOleError
 0001:00066514       ComObj..EOleException
 0001:000664B8       ComObj..EOleSysError
 0001:000667E0       ComObj.ClassIDToProgID
 0001:0006743C       ComObj.ClearExcepInfo
 0003:00001824       ComObj.CoAddRefServerProcess
 0003:0000181C       ComObj.CoCreateInstanceEx
 0003:00001834       ComObj.CoInitFlags
 0003:00001820       ComObj.CoInitializeEx
 0004:00004D0C       ComObj.ComClassManagerVar
 0002:0000070C       ComObj.ComObj
 0003:00001828       ComObj.CoReleaseServerProcess
 0003:0000182C       ComObj.CoResumeClassObjects
 0003:00001830       ComObj.CoSuspendClassObjects
 0001:0006680C       ComObj.CreateComObject
 0001:00066924       ComObj.CreateRemoteComObject
 0001:00066E58       ComObj.DispatchInvoke
 0001:00067430       ComObj.DispatchInvokeError
 0001:0006744C       ComObj.DispCall
 0001:00067530       ComObj.DispCallByID
 0001:0006735C       ComObj.DispCallError
 0001:000666F0       ComObj.EOleException.Create
 0001:0006661C       ComObj.EOleSysError.Create
 0001:00067688       ComObj.Finalization
 0001:000671C8       ComObj.GetIDsOfNames
 0001:000667B4       ComObj.GUIDToString
 0001:0006760C       ComObj.InitComObj
 0001:00066AE4       ComObj.InterfaceConnect
 0001:00066B98       ComObj.InterfaceDisconnect
 0001:00066C54       ComObj.LoadComExProcs
 0004:00004D14       ComObj.NeedToUninitialize
 0001:000667A4       ComObj.OleCheck
 0001:00066788       ComObj.OleError
 0004:00004D08       ComObj.OleUninitializing
 0001:000672A8       ComObj.RaiseException
 0001:00067194       ComObj.RaiseNameException
 0001:00066D58       ComObj.SafeCallError
 0004:00004D10       ComObj.SaveInitProc
 0003:00001838       ComObj.ThreadStrs
 0001:000665CC       ComObj.TrimPunctuation
 0001:000672C0       ComObj.VarDispInvoke
 0001:0001E800       Contnrs..TOrderedList
 0001:0001E868       Contnrs..TStack
 0001:0001E8E0       Contnrs.TOrderedList.Create
 0001:0001E924       Contnrs.TOrderedList.Destroy
 0001:0001E954       Contnrs.TOrderedList.PeekItem
 0001:0001E8C8       Contnrs.TOrderedList.Pop
 0001:0001E968       Contnrs.TOrderedList.PopItem
 0001:0001E8D0       Contnrs.TOrderedList.Push
 0001:0001E988       Contnrs.TStack.PushItem
 0004:00004C4C       Controls..33
 0001:00040554       Controls..TBaseDragControlObject
 0001:000418E0       Controls..TControl
 0001:00040A24       Controls..TControlActionLink
 0001:0004089C       Controls..TControlCanvas
 0001:000426A8       Controls..TCustomControl
 0001:0004093C       Controls..TCustomControlAction
 0001:00042ED4       Controls..TCustomListControl
 0001:00042DDC       Controls..TDockTree
 0001:00042C90       Controls..TDockZone
 0001:00040618       Controls..TDragControlObject
 0001:000406A4       Controls..TDragControlObjectEx
 0001:00040734       Controls..TDragDockObject
 0001:000407FC       Controls..TDragDockObjectEx
 0001:000429A4       Controls..TDragImageList
 0001:000404B0       Controls..TDragObject
 0001:00042584       Controls..TGraphicControl
 0001:00042814       Controls..THintWindow
 0001:00042A70       Controls..TImageList
 0001:00040E74       Controls..TMargins
 0001:00042E80       Controls..TMouse
 0001:00040F8C       Controls..TPadding
 0001:00043574       Controls..TSiteList
 0001:00040D28       Controls..TSizeConstraints
 0001:00042174       Controls..TWinControl
 0001:00041D50       Controls..TWinControlActionLink
 0001:00043BE4       Controls.AbsMin
 0004:00004C80       Controls.ActiveDrag
 0001:0004A0B8       Controls.AlignWork
 0003:000015A0       Controls.AnchorAlign
 0003:00001594       Controls.AnimateWindowProc
 0003:0000169C       Controls.AnimationStyle
 0001:00046B64       Controls.BackgroundClipped
 0001:00053684       Controls.CalcSplitterPos
 0001:00044C88       Controls.CancelDrag
 0004:00004C94       Controls.CanvasList
 0003:00001658       Controls.CaptureControl
 0001:00043064       Controls.ChangeBiDiModeAlignment
 0001:000448F0       Controls.CheckUndock
 0001:000504C8       Controls.ClientToWindow
 0004:00004C52       Controls.ControlAtom
 0004:00004C58       Controls.ControlAtomString
 0002:000005E0       Controls.Controls
 0003:00001598       Controls.CreationControl
 0003:00001694       Controls.Ctl3DStyles
 0003:000015A8       Controls.Cursors
 0001:0004340C       Controls.CursorToIdent
 0003:0000159C       Controls.DefaultDockTreeClass
 0001:0004B044       Controls.DestroyChildWindow
 0001:00049F2C       Controls.DoAlign
 0001:0004EDE8       Controls.DoCalcConstraints
 0004:00004C88       Controls.DockSiteList
 0001:0004BE28       Controls.DoControlMsg
 0001:000441F8       Controls.DoDragOver
 0001:0005118C       Controls.DoFindControlZone
 0001:000518B4       Controls.DoFindZone
 0001:00051210       Controls.DoForEach
 0001:00052E58       Controls.DoGetNextLimit
 0001:00053E90       Controls.DoneControls
 0001:00049EE4       Controls.DoPosition
 0001:00052368       Controls.DoPrune
 0001:0005287C       Controls.DoSaveZone
 0001:00052B40       Controls.DoSetNewBounds
 0001:0004ACF0       Controls.DoWriteDesignSize
 0001:00047EE4       Controls.DoWriteExplicit
 0001:00047EB0       Controls.DoWriteIsControl
 0004:00004C6C       Controls.DragCapture
 0004:00004C60       Controls.DragControl
 0001:00044964       Controls.DragDone
 0001:000441A8       Controls.DragFindTarget
 0001:0004417C       Controls.DragFindWindow
 0004:00004C84       Controls.DragImageList
 0001:000445BC       Controls.DragInit
 0001:0004472C       Controls.DragInitControl
 0004:00004C68       Controls.DragInternalObject
 0001:000440C4       Controls.DragMessage
 0004:00004C64       Controls.DragObject
 0004:00004C90       Controls.DragSave
 0004:00004C78       Controls.DragSaveCursor
 0004:00004C70       Controls.DragStartPos
 0004:00004C7C       Controls.DragThreshold
 0001:000442D4       Controls.DragTo
 0001:00051DEC       Controls.DrawCloseButton
 0001:00051E80       Controls.DrawGrabberLine
 0001:00051F08       Controls.DrawThemedGrabber
 0001:0004C2D4       Controls.DrawThemeEdge
 0003:00001684       Controls.EdgeStyles
 0001:000544CC       Controls.Finalization
 0001:000431BC       Controls.FindControl
 0001:00044CD4       Controls.FindDragTarget
 0001:00044CA0       Controls.FindVCLWindow
 0001:00044D98       Controls.FreeDeviceContext
 0001:00044E54       Controls.FreeDeviceContexts
 0001:00043508       Controls.GetCaptureControl
 0001:00049D54       Controls.GetClientSize
 0001:0004B470       Controls.GetControlAtPos
 0001:00052F38       Controls.GetDockAlign
 0001:00043F14       Controls.GetDockSiteAtPos
 0001:00044234       Controls.GetDropCtl
 0001:00050EBC       Controls.GetLastChildZone
 0001:00043470       Controls.GetLongHint
 0001:0004342C       Controls.GetShortHint
 0001:00043614       Controls.GetTopParent
 0001:00052FB4       Controls.HideZone
 0001:0004341C       Controls.IdentToCursor
 0003:000016C4       Controls.IMM32DLL
 0001:00053E7C       Controls.Imm32IsIME
 0001:00053F18       Controls.InitControls
 0001:00053B20       Controls.InitIMM32
 0001:00043078       Controls.InitWndProc
 0003:00001664       Controls.InnerStyles
 0001:00049DB4       Controls.InsertBefore
 0001:00043CC8       Controls.IsBeforeTargetWindow
 0001:0004411C       Controls.IsDelphiHandle
 0001:000508F0       Controls.IsOrientationSet
 0001:00043ED0       Controls.IsSiteChildOfClient
 0001:00043218       Controls.IsVCLControl
 0004:00004C40       Controls.IsVCLControlHook
 0001:00044D20       Controls.ListAdd
 0001:00044D48       Controls.ListRemove
 0003:000016B0       Controls.MakeLast
 0001:00048FEC       Controls.MinVar
 0003:000016C8       Controls.ModeMap
 0004:00004C3C       Controls.Mouse
 0001:00044D68       Controls.MoveWindowOrg
 0004:00004C48       Controls.NewStyleControls
 0001:000508D4       Controls.NextVisibleZone
 0001:00043188       Controls.ObjectFromHWnd
 0003:000016A8       Controls.OrientArray
 0003:00001674       Controls.OuterStyles
 0001:00050CE4       Controls.ParentNotLast
 0001:000434B4       Controls.PerformEraseBackground
 0001:0004ACDC       Controls.PointsEqual
 0004:00004C8C       Controls.QualifyingSites
 0001:00051A50       Controls.ReadControlName
 0001:00044068       Controls.RegisterDockSite
 0004:00004C5C       Controls.RM_GetObjectInstance
 0001:00043248       Controls.SendAppMessage
 0001:00043530       Controls.SetCaptureControl
 0001:00053DA4       Controls.SetImeMode
 0001:0004896C       Controls.SetParentColor
 0003:0000165C       Controls.ShowFlags
 0001:00053034       Controls.ShowZone
 0003:000016BC       Controls.SizeCursors
 0001:000439E4       Controls.TBaseDragControlObject.Assign
 0001:000439C0       Controls.TBaseDragControlObject.Create
 0001:00043A10       Controls.TBaseDragControlObject.EndDrag
 0001:00043A34       Controls.TBaseDragControlObject.Finished
 0001:00048D1C       Controls.TControl.ActionChange
 0001:0004910C       Controls.TControl.AdjustSize
 0001:00048F40       Controls.TControl.AssignTo
 0001:00046EC4       Controls.TControl.BeginAutoDrag
 0001:00046EE0       Controls.TControl.BeginDrag
 0001:000469FC       Controls.TControl.BringToFront
 0001:00047928       Controls.TControl.CalcCursorPos
 0001:00047A90       Controls.TControl.CalcDockSizes
 0001:00047828       Controls.TControl.CanAutoSize
 0001:0004782C       Controls.TControl.CanResize
 0001:00046364       Controls.TControl.Changed
 0001:00046374       Controls.TControl.ChangeScale
 0001:000484A0       Controls.TControl.CheckNewSize
 0001:00048294       Controls.TControl.Click
 0001:0004934C       Controls.TControl.ClientToParent
 0001:000461EC       Controls.TControl.ClientToScreen
 0001:00048A74       Controls.TControl.CMBiDiModeChanged
 0001:0004895C       Controls.TControl.CMColorChanged
 0001:00048BA4       Controls.TControl.CMDesignHitTest
 0001:0004893C       Controls.TControl.CMEnabledChanged
 0001:00048CBC       Controls.TControl.CMFloat
 0001:0004894C       Controls.TControl.CMFontChanged
 0001:00049198       Controls.TControl.CMHintShow
 0001:00048B24       Controls.TControl.CMHitTest
 0001:0004945C       Controls.TControl.CMMouseActivate
 0001:00048B2C       Controls.TControl.CMMouseEnter
 0001:00048B68       Controls.TControl.CMMouseLeave
 0001:00048A04       Controls.TControl.CMMouseWheel
 0001:000489E0       Controls.TControl.CMParentBiDiModeChanged
 0001:000489A4       Controls.TControl.CMParentColorChanged
 0001:00048AD0       Controls.TControl.CMParentFontChanged
 0001:00048A94       Controls.TControl.CMParentShowHintChanged
 0001:00048B00       Controls.TControl.CMSysFontChanged
 0001:00048914       Controls.TControl.CMVisibleChanged
 0001:000478F8       Controls.TControl.ConstrainedResize
 0001:000455C4       Controls.TControl.Create
 0001:00048BAC       Controls.TControl.CreateFloatingDockSite
 0001:00048300       Controls.TControl.DblClick
 0001:00047368       Controls.TControl.DefaultDockImage
 0001:00047E08       Controls.TControl.DefaultHandler
 0001:00048104       Controls.TControl.DefineProperties
 0001:00047954       Controls.TControl.DesignWndProc
 0001:000456BC       Controls.TControl.Destroy
 0001:00048E1C       Controls.TControl.DoActionChange
 0001:0004785C       Controls.TControl.DoCanAutoSize
 0001:000478C8       Controls.TControl.DoCanResize
 0001:00045EBC       Controls.TControl.Dock
 0001:00047164       Controls.TControl.DockTrackNoTarget
 0001:00047988       Controls.TControl.DoConstrainedResize
 0001:00047818       Controls.TControl.DoConstraintsChange
 0001:0004930C       Controls.TControl.DoContextPopup
 0001:00045FEC       Controls.TControl.DoDock
 0001:000474B4       Controls.TControl.DoDragMsg
 0001:0004717C       Controls.TControl.DoEndDock
 0001:00047064       Controls.TControl.DoEndDrag
 0001:00049480       Controls.TControl.DoMarginChange
 0001:000471C8       Controls.TControl.DoMouseActivate
 0001:00048358       Controls.TControl.DoMouseDown
 0001:000486D0       Controls.TControl.DoMouseUp
 0001:000471FC       Controls.TControl.DoMouseWheel
 0001:000472D0       Controls.TControl.DoMouseWheelDown
 0001:0004731C       Controls.TControl.DoMouseWheelUp
 0001:000471A8       Controls.TControl.DoStartDock
 0001:00047044       Controls.TControl.DoStartDrag
 0001:00046FCC       Controls.TControl.DragCanceled
 0001:00047018       Controls.TControl.DragDrop
 0001:00046FD0       Controls.TControl.Dragging
 0001:00046FDC       Controls.TControl.DragOver
 0001:00047494       Controls.TControl.DrawDragDockImage
 0001:0004912C       Controls.TControl.DrawTextBiDiModeFlags
 0001:0004916C       Controls.TControl.DrawTextBiDiModeFlagsReadingOnly
 0001:000474A4       Controls.TControl.EraseDragDockImage
 0001:0004681C       Controls.TControl.FontChanged
 0001:00045844       Controls.TControl.GetAction
 0001:00048E40       Controls.TControl.GetActionLinkClass
 0001:00049494       Controls.TControl.GetAlignWithMargins
 0001:0004607C       Controls.TControl.GetBoundsRect
 0001:0004611C       Controls.TControl.GetClientHeight
 0001:0004615C       Controls.TControl.GetClientOrigin
 0001:000460C0       Controls.TControl.GetClientRect
 0001:000460D8       Controls.TControl.GetClientWidth
 0001:00046E74       Controls.TControl.GetControlsAlignment
 0001:00046ABC       Controls.TControl.GetDeviceContext
 0001:00049028       Controls.TControl.GetDockEdge
 0001:00045784       Controls.TControl.GetDragImages
 0001:00045788       Controls.TControl.GetEnabled
 0001:000490D8       Controls.TControl.GetFloating
 0001:00049104       Controls.TControl.GetFloatingDockSiteClass
 0001:000469C4       Controls.TControl.GetMouseCapture
 0001:00045790       Controls.TControl.GetPalette
 0001:0004579C       Controls.TControl.GetParentComponent
 0001:00048498       Controls.TControl.GetPopupMenu
 0001:0004676C       Controls.TControl.GetText
 0001:000466EC       Controls.TControl.GetTextBuf
 0001:000466DC       Controls.TControl.GetTextLen
 0001:000466F8       Controls.TControl.GetUndockHeight
 0001:0004670C       Controls.TControl.GetUndockWidth
 0001:00045794       Controls.TControl.HasParent
 0001:00049188       Controls.TControl.InitiateAction
 0001:00046C7C       Controls.TControl.Invalidate
 0001:00046BF0       Controls.TControl.InvalidateControl
 0001:00045970       Controls.TControl.IsAnchorsStored
 0001:00046890       Controls.TControl.IsBiDiModeStored
 0001:00048E48       Controls.TControl.IsCaptionStored
 0001:00046958       Controls.TControl.IsColorStored
 0001:00048E68       Controls.TControl.IsEnabledStored
 0001:00046870       Controls.TControl.IsFontStored
 0001:00048EA8       Controls.TControl.IsHelpContextStored
 0001:00048E88       Controls.TControl.IsHintStored
 0001:00048EE8       Controls.TControl.IsOnClickStored
 0001:00046884       Controls.TControl.IsShowHintStored
 0001:00048EC8       Controls.TControl.IsVisibleStored
 0001:00048F08       Controls.TControl.Loaded
 0001:000475A4       Controls.TControl.ManualDock
 0001:00047784       Controls.TControl.ManualFloat
 0001:00046C90       Controls.TControl.MouseActivate
 0001:00048320       Controls.TControl.MouseDown
 0001:000485EC       Controls.TControl.MouseMove
 0001:00048698       Controls.TControl.MouseUp
 0001:00046CD8       Controls.TControl.MouseWheelHandler
 0001:00045A88       Controls.TControl.Notification
 0001:000457C8       Controls.TControl.PaletteChanged
 0001:00047A5C       Controls.TControl.Perform
 0001:00047090       Controls.TControl.PositionDockRect
 0001:00049570       Controls.TControl.ReadExplicitHeight
 0001:00049588       Controls.TControl.ReadExplicitLeft
 0001:00049558       Controls.TControl.ReadExplicitTop
 0001:00049530       Controls.TControl.ReadExplicitWidth
 0001:00047E90       Controls.TControl.ReadIsControl
 0001:000459F4       Controls.TControl.ReadState
 0001:00046D6C       Controls.TControl.Refresh
 0001:00046D78       Controls.TControl.Repaint
 0001:000459C4       Controls.TControl.RequestAlign
 0001:000459D4       Controls.TControl.Resize
 0001:00046218       Controls.TControl.ScaleConstraints
 0001:0004629C       Controls.TControl.ScreenToClient
 0001:000462C8       Controls.TControl.SendCancelMode
 0001:000462F8       Controls.TControl.SendDockNotification
 0001:000458F4       Controls.TControl.SetAction
 0001:00045AE0       Controls.TControl.SetAlign
 0001:0004949C       Controls.TControl.SetAlignWithMargins
 0001:00045854       Controls.TControl.SetAnchors
 0001:00046538       Controls.TControl.SetAutoSize
 0001:00046800       Controls.TControl.SetBiDiMode
 0001:00045BC8       Controls.TControl.SetBounds
 0001:0004609C       Controls.TControl.SetBoundsRect
 0001:00046134       Controls.TControl.SetClientHeight
 0001:000465F8       Controls.TControl.SetClientSize
 0001:000460F0       Controls.TControl.SetClientWidth
 0001:0004690C       Controls.TControl.SetColor
 0001:00049340       Controls.TControl.SetConstraints
 0001:000469A8       Controls.TControl.SetCursor
 0001:00045988       Controls.TControl.SetDesignVisible
 0001:000459C0       Controls.TControl.SetDragMode
 0001:000466C4       Controls.TControl.SetEnabled
 0001:00046860       Controls.TControl.SetFont
 0001:00045E88       Controls.TControl.SetHeight
 0001:00046044       Controls.TControl.SetHelpContext
 0001:00046058       Controls.TControl.SetHelpKeyword
 0001:00045DEC       Controls.TControl.SetLeft
 0001:00049488       Controls.TControl.SetMargins
 0001:000469D4       Controls.TControl.SetMouseCapture
 0001:00046554       Controls.TControl.SetName
 0001:00046640       Controls.TControl.SetParent
 0001:00046984       Controls.TControl.SetParentBiDiMode
 0001:00046960       Controls.TControl.SetParentColor
 0001:000457A0       Controls.TControl.SetParentComponent
 0001:00046898       Controls.TControl.SetParentFont
 0001:000468E0       Controls.TControl.SetParentShowHint
 0001:00046720       Controls.TControl.SetPopupMenu
 0001:000468BC       Controls.TControl.SetShowHint
 0001:0004679C       Controls.TControl.SetText
 0001:00046748       Controls.TControl.SetTextBuf
 0001:00045E20       Controls.TControl.SetTop
 0001:0004668C       Controls.TControl.SetVisible
 0001:00045E54       Controls.TControl.SetWidth
 0001:00046A98       Controls.TControl.SetZOrder
 0001:00046A10       Controls.TControl.SetZOrderPosition
 0001:00046D58       Controls.TControl.Update
 0001:00045C68       Controls.TControl.UpdateAnchorRules
 0001:00047B04       Controls.TControl.UpdateBoundsRect
 0001:000494CC       Controls.TControl.UpdateExplicitBounds
 0001:00046E90       Controls.TControl.UseRightToLeftAlignment
 0001:00046E78       Controls.TControl.UseRightToLeftReading
 0001:00046EA8       Controls.TControl.UseRightToLeftScrollBar
 0001:00047B34       Controls.TControl.VisibleChanging
 0001:00048824       Controls.TControl.WMCancelMode
 0001:000491C8       Controls.TControl.WMContextMenu
 0001:00048444       Controls.TControl.WMLButtonDblClk
 0001:000483DC       Controls.TControl.WMLButtonDown
 0001:00048708       Controls.TControl.WMLButtonUp
 0001:000485C0       Controls.TControl.WMMButtonDblClk
 0001:00048594       Controls.TControl.WMMButtonDown
 0001:000487AC       Controls.TControl.WMMButtonUp
 0001:00048620       Controls.TControl.WMMouseMove
 0001:000487CC       Controls.TControl.WMMouseWheel
 0001:00048428       Controls.TControl.WMNCLButtonDown
 0001:00048568       Controls.TControl.WMRButtonDblClk
 0001:0004853C       Controls.TControl.WMRButtonDown
 0001:0004878C       Controls.TControl.WMRButtonUp
 0001:00048864       Controls.TControl.WMWindowPosChanged
 0001:00047B38       Controls.TControl.WndProc
 0001:00049510       Controls.TControl.WriteExplicitHeight
 0001:00049520       Controls.TControl.WriteExplicitLeft
 0001:00049500       Controls.TControl.WriteExplicitTop
 0001:00049548       Controls.TControl.WriteExplicitWidth
 0001:00047EA4       Controls.TControl.WriteIsControl
 0001:00045170       Controls.TControlActionLink.AssignClient
 0001:0004518C       Controls.TControlActionLink.DoShowHint
 0001:0004527C       Controls.TControlActionLink.IsCaptionLinked
 0001:000452F0       Controls.TControlActionLink.IsDropdownMenuLinked
 0001:00045304       Controls.TControlActionLink.IsEnabledLinked
 0001:00045338       Controls.TControlActionLink.IsEnableDropdownLinked
 0001:000454D8       Controls.TControlActionLink.IsHelpLinked
 0001:0004534C       Controls.TControlActionLink.IsHintLinked
 0001:000453F8       Controls.TControlActionLink.IsOnExecuteLinked
 0001:00045384       Controls.TControlActionLink.IsPopupMenuLinked
 0001:000453C4       Controls.TControlActionLink.IsVisibleLinked
 0001:00045420       Controls.TControlActionLink.SetCaption
 0001:00045440       Controls.TControlActionLink.SetDropdownMenu
 0001:00045444       Controls.TControlActionLink.SetEnabled
 0001:00045464       Controls.TControlActionLink.SetEnableDropdown
 0001:00045560       Controls.TControlActionLink.SetHelpContext
 0001:00045540       Controls.TControlActionLink.SetHelpKeyword
 0001:00045580       Controls.TControlActionLink.SetHelpType
 0001:00045468       Controls.TControlActionLink.SetHint
 0001:000454AC       Controls.TControlActionLink.SetOnExecute
 0001:000455A0       Controls.TControlActionLink.SetPopupMenu
 0001:0004548C       Controls.TControlActionLink.SetVisible
 0001:00044F2C       Controls.TControlCanvas.CreateHandle
 0001:00044F00       Controls.TControlCanvas.Destroy
 0001:00044FD4       Controls.TControlCanvas.FreeHandle
 0001:00045008       Controls.TControlCanvas.SetControl
 0001:00045020       Controls.TControlCanvas.UpdateTextFlags
 0001:00050778       Controls.TCustomControl.Create
 0001:000507D4       Controls.TCustomControl.Destroy
 0001:000508D0       Controls.TCustomControl.Paint
 0001:00050824       Controls.TCustomControl.PaintWindow
 0001:00050804       Controls.TCustomControl.WMPaint
 0001:000540E4       Controls.TCustomListControl.MoveSelection
 0001:0005348C       Controls.TDockTree.ActualSize
 0001:0005115C       Controls.TDockTree.AdjustDockRect
 0001:00053520       Controls.TDockTree.AdjustFrameRect
 0001:00051174       Controls.TDockTree.BeginUpdate
 0001:0005316C       Controls.TDockTree.ControlVisibilityChanged
 0001:00050FA0       Controls.TDockTree.Create
 0001:00051108       Controls.TDockTree.Destroy
 0001:00052D6C       Controls.TDockTree.DrawSizeSplitter
 0001:00051178       Controls.TDockTree.EndUpdate
 0001:00051828       Controls.TDockTree.FindControlAtPos
 0001:000511E4       Controls.TDockTree.FindControlZone
 0001:0005124C       Controls.TDockTree.ForEachAt
 0001:00051264       Controls.TDockTree.GetControlBounds
 0001:00052EE8       Controls.TDockTree.GetNextLimit
 0001:000512D8       Controls.TDockTree.HitTest
 0001:000512E8       Controls.TDockTree.InsertControl
 0001:00051504       Controls.TDockTree.InsertNewParent
 0001:000516AC       Controls.TDockTree.InsertSibling
 0001:000519C8       Controls.TDockTree.InternalHitTest
 0001:00051A98       Controls.TDockTree.LoadFromStream
 0001:00053560       Controls.TDockTree.MouseDown
 0001:00053714       Controls.TDockTree.MouseMove
 0001:00053764       Controls.TDockTree.MouseUp
 0001:00051F64       Controls.TDockTree.PaintDockFrame
 0001:000520B8       Controls.TDockTree.PaintSite
 0001:000521EC       Controls.TDockTree.PositionDockRect
 0001:0005239C       Controls.TDockTree.PruneZone
 0001:000534F4       Controls.TDockTree.ReferenceFromOrient
 0001:000534BC       Controls.TDockTree.RelativeSize
 0001:000523F8       Controls.TDockTree.RemoveControl
 0001:00052438       Controls.TDockTree.RemoveZone
 0001:000526D8       Controls.TDockTree.ResetBounds
 0001:0005298C       Controls.TDockTree.SaveToStream
 0001:000527C0       Controls.TDockTree.ScaleZone
 0001:00052BC8       Controls.TDockTree.SetNewBounds
 0001:00052BF8       Controls.TDockTree.SetReplacingControl
 0001:00052C10       Controls.TDockTree.ShiftZone
 0001:000537D8       Controls.TDockTree.ShowHint
 0001:00052C44       Controls.TDockTree.SplitterMouseDown
 0001:00052CA4       Controls.TDockTree.SplitterMouseUp
 0001:00052D20       Controls.TDockTree.UpdateAll
 0001:00052D48       Controls.TDockTree.UpdateZone
 0001:00052D58       Controls.TDockTree.WindowProc
 0001:000531F4       Controls.TDockTree.WndProc
 0001:00051724       Controls.TDockTree.ZoneCaptionHitTest
 0001:00050914       Controls.TDockZone.Create
 0001:00050ECC       Controls.TDockZone.ExpandZoneLimit
 0001:00050F94       Controls.TDockZone.FirstVisibleChild
 0001:00050938       Controls.TDockZone.GetChildCount
 0001:00050C1C       Controls.TDockZone.GetControlName
 0001:00050ABC       Controls.TDockZone.GetHeightWidth
 0001:000509A8       Controls.TDockZone.GetLimitBegin
 0001:000509F0       Controls.TDockZone.GetLimitSize
 0001:00050A38       Controls.TDockZone.GetTopLeft
 0001:00050970       Controls.TDockZone.GetVisible
 0001:0005094C       Controls.TDockZone.GetVisibleChildCount
 0001:00050E90       Controls.TDockZone.GetZoneLimit
 0001:00050F6C       Controls.TDockZone.NextVisible
 0001:00050F78       Controls.TDockZone.PrevVisible
 0001:00050B74       Controls.TDockZone.ResetChildren
 0001:00050F0C       Controls.TDockZone.ResetZoneLimits
 0001:00050C60       Controls.TDockZone.SetControlName
 0001:00050EB8       Controls.TDockZone.SetZoneLimit
 0001:00050D14       Controls.TDockZone.Update
 0001:00043A68       Controls.TDragControlObject.GetDragCursor
 0001:00043A80       Controls.TDragControlObject.GetDragImages
 0001:00043A8C       Controls.TDragControlObject.HideDragImage
 0001:00043AAC       Controls.TDragControlObject.ShowDragImage
 0001:00043ACC       Controls.TDragControlObjectEx.BeforeDestruction
 0001:00043C08       Controls.TDragDockObject.AdjustDockRect
 0001:00043B68       Controls.TDragDockObject.Assign
 0001:00043AD0       Controls.TDragDockObject.Create
 0001:00043B38       Controls.TDragDockObject.Destroy
 0001:00043C84       Controls.TDragDockObject.DrawDragDockImage
 0001:00043BC8       Controls.TDragDockObject.EndDrag
 0001:00043C98       Controls.TDragDockObject.EraseDragDockImage
 0001:00043CAC       Controls.TDragDockObject.GetDragCursor
 0001:00043CB8       Controls.TDragDockObject.GetEraseWhenMoving
 0001:00043CBC       Controls.TDragDockObject.GetFrameWidth
 0001:00043CC4       Controls.TDragDockObjectEx.BeforeDestruction
 0001:000505B8       Controls.TDragImageList.BeginDrag
 0001:0005062C       Controls.TDragImageList.DragLock
 0001:000506B4       Controls.TDragImageList.DragMove
 0001:00050690       Controls.TDragImageList.DragUnlock
 0001:00050728       Controls.TDragImageList.EndDrag
 0001:0005058C       Controls.TDragImageList.GetHotSpot
[...]
 0004:000049CC       Classes.GlobalFixupList
 0004:000049D0       Classes.ThreadLock
 0004:000049E8       Classes.InstBlockList
 0004:000049EC       Classes.InstFreeList
 0004:000049F0       HelpIntfs..2
 0004:000049F4       HelpIntfs.HelpManager
 0004:000049F8       MultiMon.GetSystemMetrics
 0004:000049FC       MultiMon.MonitorFromWindow
 0004:00004A00       MultiMon.MonitorFromRect
 0004:00004A04       MultiMon.MonitorFromPoint
 0004:00004A08       MultiMon.GetMonitorInfo
 0004:00004A0C       MultiMon.GetMonitorInfoA
 0004:00004A10       MultiMon.GetMonitorInfoW
 0004:00004A14       MultiMon.EnumDisplayMonitors
 0004:00004A18       MultiMon..1
 0004:00004A1C       MultiMon.User32Dll
 0004:00004A20       MultiMon.InitApis
 0004:00004A28       MultiMon.MMAvailable
 0004:00004A2C       CommCtrl.ComCtl32DLL
 0004:00004A30       CommCtrl._InitCommonControlsEx
 0004:00004A34       CommCtrl._TaskDialogIndirect
 0004:00004A38       IniFiles..8
 0004:00004A3C       Registry..5
 0004:00004A40       Graphics.SystemPalette16
 0004:00004A44       Graphics..12
 0004:00004A48       Graphics.ScreenLogPixels
 0004:00004A4C       Graphics.StockPen
 0004:00004A50       Graphics.StockBrush
 0004:00004A54       Graphics.StockFont
 0004:00004A58       Graphics.StockIcon
 0004:00004A5C       Graphics.BitmapImageLock
 0004:00004A74       Graphics.CounterLock
 0004:00004A8C       Graphics.FontManager
 0004:00004A90       Graphics.PenManager
 0004:00004A94       Graphics.BrushManager
 0004:00004A98       Graphics.CanvasList
 0004:00004A9C       Graphics.PatternManager
 0004:00004AA0       UxTheme.OpenThemeData
 0004:00004AA4       UxTheme.CloseThemeData
 0004:00004AA8       UxTheme.DrawThemeBackground
 0004:00004AAC       UxTheme.DrawThemeText
 0004:00004AB0       UxTheme.GetThemeBackgroundContentRect
 0004:00004AB4       UxTheme.GetThemeBackgroundExtent
 0004:00004AB8       UxTheme.GetThemePartSize
 0004:00004ABC       UxTheme.GetThemeTextExtent
 0004:00004AC0       UxTheme.GetThemeTextMetrics
 0004:00004AC4       UxTheme.GetThemeBackgroundRegion
 0004:00004AC8       UxTheme.HitTestThemeBackground
 0004:00004ACC       UxTheme.DrawThemeEdge
 0004:00004AD0       UxTheme.DrawThemeIcon
 0004:00004AD4       UxTheme.IsThemePartDefined
 0004:00004AD8       UxTheme.IsThemeBackgroundPartiallyTransparent
 0004:00004ADC       UxTheme.GetThemeColor
 0004:00004AE0       UxTheme.GetThemeMetric
 0004:00004AE4       UxTheme.GetThemeString
 0004:00004AE8       UxTheme.GetThemeBool
 0004:00004AEC       UxTheme.GetThemeInt
 0004:00004AF0       UxTheme.GetThemeEnumValue
 0004:00004AF4       UxTheme.GetThemePosition
 0004:00004AF8       UxTheme.GetThemeFont
 0004:00004AFC       UxTheme.GetThemeRect
 0004:00004B00       UxTheme.GetThemeMargins
 0004:00004B04       UxTheme.GetThemeIntList
 0004:00004B08       UxTheme.GetThemePropertyOrigin
 0004:00004B0C       UxTheme.SetWindowTheme
 0004:00004B10       UxTheme.GetThemeFilename
 0004:00004B14       UxTheme.GetThemeSysColor
 0004:00004B18       UxTheme.GetThemeSysColorBrush
 0004:00004B1C       UxTheme.GetThemeSysBool
 0004:00004B20       UxTheme.GetThemeSysSize
 0004:00004B24       UxTheme.GetThemeSysFont
 0004:00004B28       UxTheme.GetThemeSysString
 0004:00004B2C       UxTheme.GetThemeSysInt
 0004:00004B30       UxTheme.IsThemeActive
 0004:00004B34       UxTheme.IsAppThemed
 0004:00004B38       UxTheme.GetWindowTheme
 0004:00004B3C       UxTheme.EnableThemeDialogTexture
 0004:00004B40       UxTheme.IsThemeDialogTextureEnabled
 0004:00004B44       UxTheme.GetThemeAppProperties
 0004:00004B48       UxTheme.SetThemeAppProperties
 0004:00004B4C       UxTheme.GetCurrentThemeName
 0004:00004B50       UxTheme.GetThemeDocumentationProperty
 0004:00004B54       UxTheme.DrawThemeParentBackground
 0004:00004B58       UxTheme.EnableTheming
 0004:00004B5C       UxTheme..1
 0004:00004B60       UxTheme.ThemeLibrary
 0004:00004B64       UxTheme.ReferenceCount
 0004:00004B68       UxTheme.Lock
 0004:00004B6C       UxTheme._DrawThemeTextEx
 0004:00004B70       UxTheme._BeginBufferedPaint
 0004:00004B74       UxTheme._EndBufferedPaint
 0004:00004B78       UxTheme._BufferedPaintSetAlpha
 0004:00004B7C       DwmApi..1
 0004:00004B80       DwmApi.hDWMAPI
 0004:00004B84       DwmApi._DwmExtendFrameIntoClientArea
 0004:00004B88       DwmApi._DwmIsCompositionEnabled
 0004:00004B8C       Printers..3
 0004:00004B90       GraphUtil..2
 0004:00004B94       GraphUtil.MsImgHandle
 0004:00004B98       GraphUtil.MsImgInitialized
 0004:00004B9C       GraphUtil.GradientFillFunc
 0004:00004BA0       ExtCtrls.TCustomTrayIcon.RM_TaskbarCreated
 0004:00004BA4       ExtCtrls..83
 0004:00004BA8       Dialogs..03
 0004:00004BAC       Dialogs.HelpMsg
 0004:00004BB0       Dialogs.FindMsg
 0004:00004BB4       Dialogs.ButtonWidths
 0004:00004BE0       Clipbrd.CF_PICTURE
 0004:00004BE2       Clipbrd.CF_COMPONENT
 0004:00004BE4       Clipbrd..2
 0004:00004BE8       Clipbrd.FClipboard
 0004:00004BEC       FlatSB.FlatSB_EnableScrollBar
 0004:00004BF0       FlatSB.FlatSB_ShowScrollBar
 0004:00004BF4       FlatSB.FlatSB_GetScrollRange
 0004:00004BF8       FlatSB.FlatSB_GetScrollInfo
 0004:00004BFC       FlatSB.FlatSB_GetScrollPos
 0004:00004C00       FlatSB.FlatSB_SetScrollPos
 0004:00004C04       FlatSB.FlatSB_SetScrollInfo
 0004:00004C08       FlatSB.FlatSB_SetScrollRange
 0004:00004C0C       FlatSB..1
 0004:00004C10       FlatSB._FlatSB_GetScrollProp
 0004:00004C14       FlatSB._FlatSB_SetScrollProp
 0004:00004C18       FlatSB._InitializeFlatSB
 0004:00004C1C       FlatSB._UninitializeFlatSB
 0004:00004C20       Themes..2
 0004:00004C24       Themes.InternalServices
 0004:00004C28       Themes.RM_UnthemedDesigner
 0004:00004C2C       Menus.PopupList
 0004:00004C30       Menus.ShortCutItems
 0004:00004C34       Menus..01
 0004:00004C38       Menus.CommandPool
 0004:00004C3C       Controls.Mouse
 0004:00004C40       Controls.IsVCLControlHook
 0004:00004C48       Controls.NewStyleControls
 0004:00004C4C       Controls..33
 0004:00004C50       Controls.WindowAtom
 0004:00004C52       Controls.ControlAtom
 0004:00004C54       Controls.WindowAtomString
 0004:00004C58       Controls.ControlAtomString
 0004:00004C5C       Controls.RM_GetObjectInstance
 0004:00004C60       Controls.DragControl
 0004:00004C64       Controls.DragObject
 0004:00004C68       Controls.DragInternalObject
 0004:00004C6C       Controls.DragCapture
 0004:00004C70       Controls.DragStartPos
 0004:00004C78       Controls.DragSaveCursor
 0004:00004C7C       Controls.DragThreshold
 0004:00004C80       Controls.ActiveDrag
 0004:00004C84       Controls.DragImageList
 0004:00004C88       Controls.DockSiteList
 0004:00004C8C       Controls.QualifyingSites
 0004:00004C90       Controls.DragSave
 0004:00004C94       Controls.CanvasList
 0004:00004C98       Controls._WINNLSEnableIME
 0004:00004C9C       Controls._ImmGetContext
 0004:00004CA0       Controls._ImmReleaseContext
 0004:00004CA4       Controls._ImmGetConversionStatus
 0004:00004CA8       Controls._ImmSetConversionStatus
 0004:00004CAC       Controls._ImmSetOpenStatus
 0004:00004CB0       Controls._ImmSetCompositionWindow
 0004:00004CB4       Controls._ImmSetCompositionFont
 0004:00004CB8       Controls._ImmGetCompositionString
 0004:00004CBC       Controls._ImmIsIME
 0004:00004CC0       Controls._ImmNotifyIME
 0004:00004CC4       ImgList.CachedComCtrlVer
 0004:00004CC8       ImgList.ImageListWriteExProc
 0004:00004CCC       ActnList..9
 0004:00004CD0       Forms.Application
 0004:00004CD4       Forms.Screen
 0004:00004CD8       Forms..51
 0004:00004CDC       Forms.RM_TaskbarCreated
 0004:00004CE0       Forms.AppIconic
 0004:00004CE4       Forms.HintThreadID
 0004:00004CE8       Forms.HintDoneEvent
 0004:00004CEC       Forms.HintHook
 0004:00004CF0       Forms.HintThread
 0004:00004CF4       Forms.OwnedAppWnds
 0004:00004CF8       Forms.LastActive
 0004:00004CFC       Forms.IdleTimerHandle
 0004:00004D00       Forms.AppMainFormOnTaskBar
 0004:00004D04       ComObj..41
 0004:00004D08       ComObj.OleUninitializing
 0004:00004D0C       ComObj.ComClassManagerVar
 0004:00004D10       ComObj.SaveInitProc
 0004:00004D14       ComObj.NeedToUninitialize
 0004:00004D18       OleServer..3
 0004:00004D1C       Buttons..5
 0004:00004D20       Buttons.BitBtnGlyphs
 0004:00004D4C       ExtDlgs..6
 0004:00004D50       Mapi..1
 0004:00004D54       ExtActns..72
 0004:00004D58       ExtActns.UrlMonHandle
 0004:00004D5C       ExtActns.UrlMonInitialized
 0004:00004D60       ComCtrls..76
 0004:00004D64       ComCtrls.ShellModule
 0004:00004D68       ComCtrls.FRichEditModule
 0004:00004D6C       Unit1.Form1
 0004:00004D70       Unit1._uTemplate
 0004:00004D74       Unit1._uNewIndex
 0004:00004D78       Unit1..2
 0005:00000000       System.RaiseListPtr
 0005:00000004       System.InOutRes
 0005:00000008       Classes.GlobalLoaded
 0005:0000000C       Classes.GlobalLists
 0005:00000010       GraphUtil.CachedHighlightLum
 0005:00000014       GraphUtil.CachedHighlightColor
 0005:00000018       GraphUtil.CachedHighlight
 0005:0000001C       GraphUtil.CachedShadowLum
 0005:00000020       GraphUtil.CachedShadowColor
 0005:00000024       GraphUtil.CachedShadow
 0005:00000028       GraphUtil.CachedColorValue
 0005:0000002C       GraphUtil.CachedLumValue
 0005:00000030       GraphUtil.CachedColorAdjustLuma
 0005:00000034       SysInit.TlsLast


Line numbers for Kernel7x_TLB(Kernel7x_TLB.pas) segment .text

  3543 0001:000686B8  3544 0001:000686C0  3549 0001:000686C4  3550 0001:000686DA
  3552 0001:000686E3  3553 0001:000686ED  3554 0001:000686F7  3556 0001:0006870A
  3566 0001:0006873C  3567 0001:0006873F  3569 0001:00068748  3570 0001:00068755
  3572 0001:00068760  3575 0001:00068764  3576 0001:0006876A  3577 0001:00068773
  3578 0001:0006877A  3579 0001:00068797  3580 0001:000687A4  3583 0001:0006886C
  3584 0001:0006887E  3588 0001:00068887  3591 0001:000688A4  3595 0001:000688AF
  3596 0001:000688BB  3606 0001:000688CC  3607 0001:000688E7  3609 0001:0006892D
  3610 0001:00068938  3611 0001:0006894E  3612 0001:00068959  3618 0001:0006899B
  3619 0001:000689A6  3623 0001:000689D2  3624 0001:000689DD  3628 0001:00068A06
  3629 0001:00068A0D  3632 0001:00068A31  3633 0001:00068A38  3639 0001:00068A70
  3647 0001:00068A98  3648 0001:00068AD7  3649 0001:00068B12  3657 0001:00068B48
  3658 0001:00068B67  3659 0001:00068B87  3682 0001:00068BAC  3683 0001:00068BC8
  3684 0001:00068BE2  3702 0001:00068C08  3703 0001:00068C2A  3704 0001:00068C4C
  3844 0001:00068C74  3845 0001:00068C96  3846 0001:00068CBF  3866 0001:00068CE8
  3867 0001:00068D0A  3868 0001:00068D2F  3872 0001:00068D58  3873 0001:00068D7A
  3874 0001:00068DA4  3883 0001:00068DCC  3884 0001:00068DE8  3885 0001:00068E18
  4062 0001:00068E40  4063 0001:00068E5C  4064 0001:00068E7E  4178 0001:00068EA4
  4179 0001:00068EC3  4180 0001:00068EE7  4183 0001:00068F0C  4184 0001:00068F28
  4185 0001:00068F4E  4239 0001:00068F74  4240 0001:00068F90  4241 0001:00068FAA
  4269 0001:00068FD0  4270 0001:00068FEC  4271 0001:00069009  4274 0001:0006902C
  4275 0001:00069048  4276 0001:00069065  4295 0001:00069088  4296 0001:000690A1
  4297 0001:000690BD  4300 0001:000690E0  4301 0001:000690F9  4302 0001:00069115
  5008 0001:00069138  5009 0001:00069140  5014 0001:00069144  5015 0001:0006915A
  5017 0001:00069160  5018 0001:0006916A  5020 0001:0006917A  5029 0001:000691AC
  5030 0001:000691AF  5032 0001:000691B5  5034 0001:000691BD  5037 0001:000691C0
  5038 0001:000691C6  5039 0001:000691CC  5040 0001:000691D3  5041 0001:000691ED
  5042 0001:000691F7  5045 0001:000692C0  5046 0001:000692D2  5050 0001:000692DB
  5053 0001:000692F8  5057 0001:00069303  5058 0001:0006930F  5068 0001:00069320
  5069 0001:0006934A  5070 0001:00069373  5073 0001:00069398  5074 0001:000693B7
  5075 0001:000693D8  5109 0001:00069400  5110 0001:0006941C  5111 0001:00069444
  5125 0001:0006946C  5126 0001:00069488  5127 0001:000694AE  7000 0001:000694D3

Line numbers for Spin(Spin.pas) segment .text

   207 0001:0006E20C   208 0001:0006E21E   209 0001:0006E227   212 0001:0006E23A
   213 0001:0006E247   214 0001:0006E254   215 0001:0006E25D   217 0001:0006E266
   218 0001:0006E272   219 0001:0006E27E   220 0001:0006E28A   223 0001:0006E2AC
   224 0001:0006E2B0   225 0001:0006E2C0   226 0001:0006E2D0   227 0001:0006E2E0
   228 0001:0006E2E9   229 0001:0006E2F2   230 0001:0006E2FF   231 0001:0006E308
   235 0001:0006E314   236 0001:0006E31D   237 0001:0006E328   238 0001:0006E335
   239 0001:0006E33D   242 0001:0006E344   243 0001:0006E34E   244 0001:0006E35E
   245 0001:0006E369   246 0001:0006E382   247 0001:0006E3A7   252 0001:0006E3AC
   253 0001:0006E3BB   254 0001:0006E3C1   255 0001:0006E3C7   256 0001:0006E3D4
   257 0001:0006E3E7   262 0001:0006E3F0   263 0001:0006E3F9   266 0001:0006E402
   267 0001:0006E408   268 0001:0006E40F   269 0001:0006E41C   270 0001:0006E42D
   271 0001:0006E443   272 0001:0006E448   275 0001:0006E450   276 0001:0006E454
   277 0001:0006E46D   278 0001:0006E477   281 0001:0006E480   282 0001:0006E484
   283 0001:0006E49F   284 0001:0006E4A9   287 0001:0006E4B0   288 0001:0006E4B3
   291 0001:0006E4CA   292 0001:0006E4D7   296 0001:0006E4E8   297 0001:0006E4F5
   300 0001:0006E506   302 0001:0006E515   306 0001:0006E518   307 0001:0006E520
   309 0001:0006E528   310 0001:0006E52F   312 0001:0006E567   313 0001:0006E577
   314 0001:0006E5A1   316 0001:0006E5AB   319 0001:0006E5B4   320 0001:0006E5B5
   322 0001:0006E5BD   325 0001:0006E5D9   326 0001:0006E5F3   329 0001:0006E5F8
   330 0001:0006E5FF   332 0001:0006E61F   333 0001:0006E63A   334 0001:0006E640
   336 0001:0006E652   337 0001:0006E66B   340 0001:0006E675   344 0001:0006E680
   345 0001:0006E687   350 0001:0006E688   351 0001:0006E68E   352 0001:0006E695
   353 0001:0006E69B   354 0001:0006E6A2   355 0001:0006E6AF   356 0001:0006E6C0
   357 0001:0006E6D6   361 0001:0006E6DC   362 0001:0006E6E7   365 0001:0006E6E8
   366 0001:0006E6EB   367 0001:0006E6EF   370 0001:0006E6FC   371 0001:0006E71E
   372 0001:0006E72B   374 0001:0006E739   378 0001:0006E744   379 0001:0006E74F
   383 0001:0006E750   384 0001:0006E75B   388 0001:0006E75C   389 0001:0006E767
   392 0001:0006E768   393 0001:0006E76B   394 0001:0006E76F   397 0001:0006E77C
   398 0001:0006E79E   399 0001:0006E7AB   401 0001:0006E7B9   405 0001:0006E7C8
   406 0001:0006E7D3   410 0001:0006E7D4   411 0001:0006E7DF   416 0001:0006E7E0
   417 0001:0006E7F7   418 0001:0006E800   419 0001:0006E816   420 0001:0006E822
   421 0001:0006E832   422 0001:0006E83F   423 0001:0006E84C   424 0001:0006E858
   425 0001:0006E86C   426 0001:0006E880   427 0001:0006E88C   428 0001:0006E899
   429 0001:0006E8A3   430 0001:0006E8AA   433 0001:0006E8D8   434 0001:0006E8E3
   435 0001:0006E8EB   436 0001:0006E8F7   439 0001:0006E908   440 0001:0006E90B
   443 0001:0006E910   444 0001:0006E91A   445 0001:0006E92E   446 0001:0006E940
   447 0001:0006E94D   450 0001:0006E954   451 0001:0006E95A   453 0001:0006E96B
   454 0001:0006E96E   456 0001:0006E975   457 0001:0006E983   460 0001:0006E988
   461 0001:0006E992   463 0001:0006E9CE   465 0001:0006E9EB   466 0001:0006E9ED
   469 0001:0006EA14   470 0001:0006EA17   472 0001:0006EA1E   473 0001:0006EA2C
   476 0001:0006EA30   477 0001:0006EA33   478 0001:0006EA3A   479 0001:0006EA41
   484 0001:0006EA44   485 0001:0006EA4A   486 0001:0006EA61   487 0001:0006EA6D
   488 0001:0006EA84   489 0001:0006EA8A   490 0001:0006EA8F   491 0001:0006EAA6
   492 0001:0006EABD   497 0001:0006EAC4   498 0001:0006EAC9   499 0001:0006EAD0
   502 0001:0006EAD7   503 0001:0006EADC   504 0001:0006EAE7   506 0001:0006EAF0
   507 0001:0006EB03   508 0001:0006EB2E   509 0001:0006EB57   511 0001:0006EB5E
   519 0001:0006EB64   520 0001:0006EB6B   521 0001:0006EB74   522 0001:0006EB7B
   523 0001:0006EB8C   524 0001:0006EB97   525 0001:0006EB9E   526 0001:0006EBA6
   527 0001:0006EBA9   528 0001:0006EBB3   529 0001:0006EBCF   532 0001:0006EBD8
   533 0001:0006EBDB   534 0001:0006EBED   535 0001:0006EC03   538 0001:0006EC08
   539 0001:0006EC0B   540 0001:0006EC1D   541 0001:0006EC33   544 0001:0006EC38
   545 0001:0006EC3B   546 0001:0006EC4D   547 0001:0006EC54   550 0001:0006EC58
   551 0001:0006EC5B   552 0001:0006EC6D   553 0001:0006EC74   556 0001:0006EC78
   557 0001:0006EC7C   558 0001:0006EC83   559 0001:0006ECA0   560 0001:0006ECB0
   563 0001:0006ECB4   564 0001:0006ECD3   565 0001:0006ECE1   567 0001:0006ED05
   569 0001:0006ED13   572 0001:0006ED3C   573 0001:0006ED55   574 0001:0006ED70
   577 0001:0006ED94   578 0001:0006ED96   579 0001:0006ED98   581 0001:0006EDA8
   582 0001:0006EDAC   583 0001:0006EDB0   584 0001:0006EDB4   586 0001:0006EDB6
   589 0001:0006EDBC   590 0001:0006EDC2   591 0001:0006EDD1   592 0001:0006EDD8
   593 0001:0006EDE1   598 0001:0006EDE4   599 0001:0006EDEF   600 0001:0006EDF9
   601 0001:0006EDFE   602 0001:0006EE0A   606 0001:0006EE18   607 0001:0006EE22
   608 0001:0006EE35   610 0001:0006EE3E   611 0001:0006EE47   613 0001:0006EE5B
   614 0001:0006EE6C   615 0001:0006EE7C   617 0001:0006EE89   621 0001:0006EE90
   622 0001:0006EE9A   623 0001:0006EEAD   624 0001:0006EEB7   625 0001:0006EEBE
   628 0001:0006EEC4   629 0001:0006EECE   630 0001:0006EEE1   632 0001:0006EEF9
   633 0001:0006EF07   635 0001:0006EF22   636 0001:0006EF32   639 0001:0006EF3C
   644 0001:0006EF44   645 0001:0006EF4A   646 0001:0006EF51   648 0001:0006EF5A
   649 0001:0006EF6F   650 0001:0006EF7D   651 0001:0006EF86   652 0001:0006EF94
   654 0001:0006EFA6   656 0001:0006EFD9

Line numbers for Unit1(Unit1.pas) segment .text

    65 0001:00071334    67 0001:0007136F    71 0001:0007137F    72 0001:0007138A
    73 0001:000713A3    74 0001:000713A7    75 0001:000713D5    76 0001:000713DC
    77 0001:000713E5    78 0001:000713EE    79 0001:000713F7    82 0001:000713FE
    83 0001:0007140E    89 0001:00071450    91 0001:00071478    92 0001:0007147E
    93 0001:00071485    94 0001:00071489    96 0001:00071492    97 0001:00071497
    98 0001:000714A4    99 0001:000714AC   100 0001:000714B3   102 0001:000714CB
   103 0001:000714E1   106 0001:000714F4   109 0001:00071540   110 0001:00071544
   111 0001:0007154A   112 0001:0007156D   114 0001:00071589   115 0001:00071593
   118 0001:000715A3   119 0001:000715AD   126 0001:000715E0   127 0001:000715FB
   128 0001:00071608   129 0001:0007160E   130 0001:00071631   132 0001:00071647
   133 0001:0007166F   135 0001:00071677   136 0001:0007167D   143 0001:000716A0
   146 0001:000716AC   147 0001:000716B6   153 0001:00071734   158 0001:0007174E
   162 0001:0007179F   164 0001:000717B5   167 0001:000717C1   168 0001:000717D3
   170 0001:000717DF   171 0001:000717E9   177 0001:0007187C   178 0001:00071896
   179 0001:0007189E   180 0001:000718B8   181 0001:000718E3   182 0001:000718F1
   189 0001:00071920   190 0001:00071935   192 0001:0007193E   194 0001:00071951
   201 0001:0007196C   202 0001:0007196F   203 0001:00071980   204 0001:00071997
   205 0001:000719A8   206 0001:000719BB   208 0001:000719CC   212 0001:000719D0
   213 0001:000719D3   217 0001:000719D5   218 0001:000719DE   219 0001:000719EE
   226 0001:000719F0   228 0001:00071A0A   229 0001:00071A32   231 0001:00071A3A
   232 0001:00071A4B   234 0001:00071A6C   235 0001:00071A7F   239 0001:00071A90
   242 0001:00071AD8   243 0001:00071ADD

Line numbers for Unit1(Unit1.pas) segment .itext

   244 0002:000007D4

Line numbers for Project1(C:\Progs\Ponto2009\Rep\Henry\Hamster2\Project1.dpr) segment .itext

     9 0002:000007DC    10 0002:000007EC    11 0002:000007F8    12 0002:00000810
    13 0002:0000081C

Bound resource files

c:\program files (x86)\codegear\rad studio\5.0\lib\Controls.res
c:\program files (x86)\codegear\rad studio\5.0\lib\Buttons.res
c:\program files (x86)\codegear\rad studio\5.0\lib\SPIN.RES
c:\program files (x86)\codegear\rad studio\5.0\lib\ExtDlgs.res
Unit1.dfm
Project1.res
Project1.drf


Program entry point at 0002:000007DC
